
===========================================================================
 report_power
============================================================================
======================= nom_ss_100C_1v60 Corner ===================================

Group                    Internal    Switching      Leakage        Total
                            Power        Power        Power        Power (Watts)
------------------------------------------------------------------------
Sequential           6.494775e-04 1.724235e-05 3.834588e-05 7.050657e-04  24.8%
Combinational        4.065278e-04 9.662263e-04 6.139564e-05 1.434150e-03  50.3%
Clock                3.781464e-04 3.251528e-04 5.879598e-06 7.091789e-04  24.9%
Macro                0.000000e+00 0.000000e+00 0.000000e+00 0.000000e+00   0.0%
Pad                  0.000000e+00 0.000000e+00 0.000000e+00 0.000000e+00   0.0%
------------------------------------------------------------------------
Total                1.434149e-03 1.308622e-03 1.056148e-04 2.848386e-03 100.0%
                            50.3%        45.9%         3.7%

