
===========================================================================
 report_power
============================================================================
======================= min_ss_100C_1v60 Corner ===================================

Group                    Internal    Switching      Leakage        Total
                            Power        Power        Power        Power (Watts)
------------------------------------------------------------------------
Sequential           3.804771e-04 3.015949e-06 2.680491e-05 4.102980e-04  48.6%
Combinational        1.456898e-05 2.803979e-05 6.142864e-05 1.040374e-04  12.3%
Clock                1.062821e-04 2.214349e-04 1.892669e-06 3.296096e-04  39.1%
Macro                0.000000e+00 0.000000e+00 0.000000e+00 0.000000e+00   0.0%
Pad                  0.000000e+00 0.000000e+00 0.000000e+00 0.000000e+00   0.0%
------------------------------------------------------------------------
Total                5.013282e-04 2.524906e-04 9.012346e-05 8.439423e-04 100.0%
                            59.4%        29.9%        10.7%

