┏━━━━━━━━━━━━━━━━━━━━━━┳━━━━━━━━━━┳━━━━━━━━━━┳━━━━━━━━━━┳━━━━━━━━━━┳━━━━━━━━━━━┳━━━━━━━━━━┳━━━━━━━━━━━┳━━━━━━━━━━┳━━━━━━━━━━━┳━━━━━━━━
┃                      ┃ Hold     ┃ Reg to   ┃          ┃          ┃ of which  ┃ Setup    ┃           ┃          ┃           ┃ of whic
┃                      ┃ Worst    ┃ Reg      ┃          ┃ Hold Vio ┃ reg to    ┃ Worst    ┃ Reg to    ┃ Setup    ┃ Setup Vio ┃ reg to 
┃ Corner/Group         ┃ Slack    ┃ Paths    ┃ Hold TNS ┃ Count    ┃ reg       ┃ Slack    ┃ Reg Paths ┃ TNS      ┃ Count     ┃ reg    
┡━━━━━━━━━━━━━━━━━━━━━━╇━━━━━━━━━━╇━━━━━━━━━━╇━━━━━━━━━━╇━━━━━━━━━━╇━━━━━━━━━━━╇━━━━━━━━━━╇━━━━━━━━━━━╇━━━━━━━━━━╇━━━━━━━━━━━╇━━━━━━━━
│ Overall              │ 0.0961   │ 0.0961   │ 0.0000   │ 0        │ 0         │ 53.1632  │ 83.6126   │ 0.0000   │ 0         │ 0      
│ nom_tt_025C_1v80     │ 0.2799   │ 0.2799   │ 0.0000   │ 0        │ 0         │ 56.8612  │ 92.4578   │ 0.0000   │ 0         │ 0      
│ nom_ss_100C_1v60     │ 0.8081   │ 0.8081   │ 0.0000   │ 0        │ 0         │ 53.2186  │ 83.7118   │ 0.0000   │ 0         │ 0      
│ nom_ff_n40C_1v95     │ 0.0971   │ 0.0971   │ 0.0000   │ 0        │ 0         │ 58.0401  │ 95.3320   │ 0.0000   │ 0         │ 0      
│ min_tt_025C_1v80     │ 0.2792   │ 0.2792   │ 0.0000   │ 0        │ 0         │ 56.8824  │ 92.5192   │ 0.0000   │ 0         │ 0      
│ min_ss_100C_1v60     │ 0.8057   │ 0.8057   │ 0.0000   │ 0        │ 0         │ 53.2687  │ 83.8227   │ 0.0000   │ 0         │ 0      
│ min_ff_n40C_1v95     │ 0.0969   │ 0.0969   │ 0.0000   │ 0        │ 0         │ 58.0541  │ 95.3747   │ 0.0000   │ 0         │ 0      
│ max_tt_025C_1v80     │ 0.2792   │ 0.2792   │ 0.0000   │ 0        │ 0         │ 56.8322  │ 92.4059   │ 0.0000   │ 0         │ 0      
│ max_ss_100C_1v60     │ 0.8092   │ 0.8092   │ 0.0000   │ 0        │ 0         │ 53.1632  │ 83.6126   │ 0.0000   │ 0         │ 0      
│ max_ff_n40C_1v95     │ 0.0961   │ 0.0961   │ 0.0000   │ 0        │ 0         │ 58.0212  │ 95.2951   │ 0.0000   │ 0         │ 0      
└──────────────────────┴──────────┴──────────┴──────────┴──────────┴───────────┴──────────┴───────────┴──────────┴───────────┴────────
