
===========================================================================
 report_power
============================================================================
======================= nom_tt_025C_1v80 Corner ===================================

Group                    Internal    Switching      Leakage        Total
                            Power        Power        Power        Power (Watts)
------------------------------------------------------------------------
Sequential           3.488767e-04 7.172742e-06 9.789898e-09 3.560592e-04  51.7%
Combinational        1.900419e-05 1.678408e-05 2.466535e-08 3.581293e-05   5.2%
Clock                1.354047e-04 1.616602e-04 1.672376e-08 2.970816e-04  43.1%
Macro                0.000000e+00 0.000000e+00 0.000000e+00 0.000000e+00   0.0%
Pad                  0.000000e+00 0.000000e+00 0.000000e+00 0.000000e+00   0.0%
------------------------------------------------------------------------
Total                5.032853e-04 1.856171e-04 5.117865e-08 6.889535e-04 100.0%
                            73.1%        26.9%         0.0%

