
===========================================================================
report_checks -unconstrained
===========================================================================
======================= nom_ff_n40C_1v95 Corner ===================================

Startpoint: wb_rst_i (input port clocked by wb_clk_i)
Endpoint: _16362_ (recovery check against rising-edge clock wb_clk_i)
Path Group: asynchronous
Path Type: max

Fanout         Cap        Slew       Delay        Time   Description
---------------------------------------------------------------------------------------------
                                  0.000000    0.000000   clock wb_clk_i (rise edge)
                                  0.000000    0.000000   clock network delay (propagated)
                                 20.000000   20.000000 v input external delay
     2    0.003518    0.005775    0.002908   20.002909 v wb_rst_i (in)
                                                         wb_rst_i (net)
                      0.005775    0.000000   20.002909 v input38/A (sky130_fd_sc_hd__buf_2)
     5    0.047361    0.080651    0.121910   20.124819 v input38/X (sky130_fd_sc_hd__buf_2)
                                                         net38 (net)
                      0.081598    0.007018   20.131836 v fanout1430/A (sky130_fd_sc_hd__buf_4)
    11    0.145467    0.129252    0.197771   20.329607 v fanout1430/X (sky130_fd_sc_hd__buf_4)
                                                         net1430 (net)
                      0.129273    0.001448   20.331055 v fanout1429/A (sky130_fd_sc_hd__clkbuf_4)
    11    0.094294    0.130802    0.220270   20.551325 v fanout1429/X (sky130_fd_sc_hd__clkbuf_4)
                                                         net1429 (net)
                      0.131130    0.004935   20.556259 v fanout1428/A (sky130_fd_sc_hd__clkbuf_4)
    15    0.082358    0.116335    0.207189   20.763449 v fanout1428/X (sky130_fd_sc_hd__clkbuf_4)
                                                         net1428 (net)
                      0.117287    0.008594   20.772043 v fanout1409/A (sky130_fd_sc_hd__buf_2)
    15    0.054124    0.090394    0.175488   20.947531 v fanout1409/X (sky130_fd_sc_hd__buf_2)
                                                         net1409 (net)
                      0.090410    0.001258   20.948788 v fanout1408/A (sky130_fd_sc_hd__clkbuf_4)
    17    0.067511    0.096128    0.180469   21.129257 v fanout1408/X (sky130_fd_sc_hd__clkbuf_4)
                                                         net1408 (net)
                      0.096491    0.004469   21.133726 v fanout1406/A (sky130_fd_sc_hd__buf_4)
    10    0.057975    0.062201    0.156005   21.289732 v fanout1406/X (sky130_fd_sc_hd__buf_4)
                                                         net1406 (net)
                      0.062298    0.002171   21.291903 v _14551_/A (sky130_fd_sc_hd__inv_2)
     1    0.006001    0.031118    0.047335   21.339237 ^ _14551_/Y (sky130_fd_sc_hd__inv_2)
                                                         _00345_ (net)
                      0.031119    0.000174   21.339411 ^ _16362_/SET_B (sky130_fd_sc_hd__dfstp_1)
                                             21.339411   data arrival time

                                100.000000  100.000000   clock wb_clk_i (rise edge)
                                  0.000000  100.000000   clock source latency
     2    0.090692    0.308079    0.220950  100.220947 ^ wb_clk_i (in)
                                                         wb_clk_i (net)
                      0.310238    0.000000  100.220947 ^ clkbuf_0_wb_clk_i/A (sky130_fd_sc_hd__clkbuf_16)
    17    0.234959    0.191167    0.245329  100.466278 ^ clkbuf_0_wb_clk_i/X (sky130_fd_sc_hd__clkbuf_16)
                                                         clknet_0_wb_clk_i (net)
                      0.191522    0.006715  100.472992 ^ clkbuf_3_7_0_wb_clk_i/A (sky130_fd_sc_hd__clkbuf_8)
     5    0.041191    0.064990    0.141704  100.614693 ^ clkbuf_3_7_0_wb_clk_i/X (sky130_fd_sc_hd__clkbuf_8)
                                                         clknet_3_7_0_wb_clk_i (net)
                      0.065268    0.003034  100.617729 ^ clkbuf_4_14__f_wb_clk_i/A (sky130_fd_sc_hd__clkbuf_16)
    19    0.104596    0.092536    0.140332  100.758064 ^ clkbuf_4_14__f_wb_clk_i/X (sky130_fd_sc_hd__clkbuf_16)
                                                         clknet_4_14__leaf_wb_clk_i (net)
                      0.092696    0.003133  100.761192 ^ clkbuf_leaf_101_wb_clk_i/A (sky130_fd_sc_hd__clkbuf_8)
    16    0.052060    0.076195    0.134094  100.895287 ^ clkbuf_leaf_101_wb_clk_i/X (sky130_fd_sc_hd__clkbuf_8)
                                                         clknet_leaf_101_wb_clk_i (net)
                      0.076202    0.000789  100.896080 ^ _16362_/CLK (sky130_fd_sc_hd__dfstp_1)
                                 -0.250000  100.646080   clock uncertainty
                                  0.000000  100.646080   clock reconvergence pessimism
                                  0.091432  100.737511   library recovery time
                                            100.737511   data required time
---------------------------------------------------------------------------------------------
                                            100.737511   data required time
                                            -21.339411   data arrival time
---------------------------------------------------------------------------------------------
                                             79.398102   slack (MET)


Startpoint: wbs_adr_i[4] (input port clocked by wb_clk_i)
Endpoint: wbs_dat_o[10] (output port clocked by wb_clk_i)
Path Group: wb_clk_i
Path Type: max

Fanout         Cap        Slew       Delay        Time   Description
---------------------------------------------------------------------------------------------
                                  0.000000    0.000000   clock wb_clk_i (rise edge)
                                  0.000000    0.000000   clock network delay (propagated)
                                 20.000000   20.000000 v input external delay
     2    0.003727    0.006081    0.003096   20.003098 v wbs_adr_i[4] (in)
                                                         wbs_adr_i[4] (net)
                      0.006081    0.000000   20.003098 v input65/A (sky130_fd_sc_hd__clkbuf_1)
     1    0.009333    0.041408    0.067548   20.070644 v input65/X (sky130_fd_sc_hd__clkbuf_1)
                                                         net65 (net)
                      0.041415    0.000549   20.071194 v _13095_/B (sky130_fd_sc_hd__or4_2)
     3    0.046601    0.153375    0.483908   20.555101 v _13095_/X (sky130_fd_sc_hd__or4_2)
                                                         _03719_ (net)
                      0.153419    0.002363   20.557465 v _13099_/A (sky130_fd_sc_hd__or4_1)
     1    0.005126    0.063380    0.337710   20.895174 v _13099_/X (sky130_fd_sc_hd__or4_1)
                                                         _03723_ (net)
                      0.063401    0.000192   20.895367 v _13105_/A (sky130_fd_sc_hd__or4_4)
     5    0.060069    0.122278    0.409690   21.305056 v _13105_/X (sky130_fd_sc_hd__or4_4)
                                                         net179 (net)
                      0.123041    0.007212   21.312267 v fanout637/A (sky130_fd_sc_hd__buf_2)
    19    0.049307    0.084020    0.170875   21.483143 v fanout637/X (sky130_fd_sc_hd__buf_2)
                                                         net637 (net)
                      0.084114    0.001592   21.484735 v fanout636/A (sky130_fd_sc_hd__clkbuf_2)
     7    0.026059    0.071855    0.133250   21.617985 v fanout636/X (sky130_fd_sc_hd__clkbuf_2)
                                                         net636 (net)
                      0.071856    0.000398   21.618382 v fanout635/A (sky130_fd_sc_hd__clkbuf_2)
    10    0.027993    0.076584    0.131811   21.750193 v fanout635/X (sky130_fd_sc_hd__clkbuf_2)
                                                         net635 (net)
                      0.076605    0.001199   21.751392 v _17999_/A (sky130_fd_sc_hd__clkbuf_1)
     1    0.004868    0.026516    0.080544   21.831936 v _17999_/X (sky130_fd_sc_hd__clkbuf_1)
                                                         net162 (net)
                      0.026516    0.000153   21.832088 v output162/A (sky130_fd_sc_hd__clkbuf_4)
     1    0.034310    0.056633    0.121107   21.953196 v output162/X (sky130_fd_sc_hd__clkbuf_4)
                                                         wbs_dat_o[10] (net)
                      0.056643    0.000741   21.953936 v wbs_dat_o[10] (out)
                                             21.953936   data arrival time

                                100.000000  100.000000   clock wb_clk_i (rise edge)
                                  0.000000  100.000000   clock network delay (propagated)
                                 -0.250000   99.750000   clock uncertainty
                                  0.000000   99.750000   clock reconvergence pessimism
                                -20.000000   79.750000   output external delay
                                             79.750000   data required time
---------------------------------------------------------------------------------------------
                                             79.750000   data required time
                                            -21.953936   data arrival time
---------------------------------------------------------------------------------------------
                                             57.796059   slack (MET)




===========================================================================
report_checks --slack_max -0.01
============================================================================
======================= nom_ff_n40C_1v95 Corner ===================================

No paths found.


===========================================================================
 report_check_types -max_slew -max_cap -max_fanout -violators
============================================================================
======================= nom_ff_n40C_1v95 Corner ===================================

max slew

Pin                                        Limit        Slew       Slack
------------------------------------------------------------------------
ANTENNA_wire581_A/DIODE                 0.750000    1.091899   -0.341899 (VIOLATED)
wire581/A                               0.750000    1.091899   -0.341899 (VIOLATED)
ANTENNA__10365__Y/DIODE                 0.750000    1.091881   -0.341881 (VIOLATED)
_10365_/Y                               0.750000    1.091881   -0.341881 (VIOLATED)

max fanout

Pin                                   Limit Fanout  Slack
---------------------------------------------------------
clkbuf_leaf_157_wb_clk_i/X               10     53    -43 (VIOLATED)
clkbuf_leaf_38_wb_clk_i/X                10     35    -25 (VIOLATED)
clkbuf_4_0__f_wb_clk_i/X                 10     27    -17 (VIOLATED)
clkbuf_4_11__f_wb_clk_i/X                10     25    -15 (VIOLATED)
clkbuf_4_1__f_wb_clk_i/X                 10     25    -15 (VIOLATED)
clkbuf_leaf_0_wb_clk_i/X                 10     25    -15 (VIOLATED)
clkbuf_leaf_125_wb_clk_i/X               10     25    -15 (VIOLATED)
clkbuf_4_10__f_wb_clk_i/X                10     23    -13 (VIOLATED)
clkbuf_4_6__f_wb_clk_i/X                 10     23    -13 (VIOLATED)
clkbuf_4_7__f_wb_clk_i/X                 10     23    -13 (VIOLATED)
fanout975/X                              10     23    -13 (VIOLATED)
clkbuf_leaf_124_wb_clk_i/X               10     22    -12 (VIOLATED)
clkbuf_leaf_134_wb_clk_i/X               10     22    -12 (VIOLATED)
fanout465/X                              10     22    -12 (VIOLATED)
fanout897/X                              10     22    -12 (VIOLATED)
fanout936/X                              10     22    -12 (VIOLATED)
fanout974/X                              10     22    -12 (VIOLATED)
_08923_/Y                                10     21    -11 (VIOLATED)
_09558_/X                                10     21    -11 (VIOLATED)
_10098_/X                                10     21    -11 (VIOLATED)
_10471_/X                                10     21    -11 (VIOLATED)
_10566_/Y                                10     21    -11 (VIOLATED)
_10579_/X                                10     21    -11 (VIOLATED)
_10588_/Y                                10     21    -11 (VIOLATED)
_16057_/Q                                10     21    -11 (VIOLATED)
_16060_/Q                                10     21    -11 (VIOLATED)
_16066_/Q                                10     21    -11 (VIOLATED)
_17628_/Q                                10     21    -11 (VIOLATED)
_17699_/Q                                10     21    -11 (VIOLATED)
_17702_/Q                                10     21    -11 (VIOLATED)
_17707_/Q                                10     21    -11 (VIOLATED)
clkbuf_4_12__f_wb_clk_i/X                10     21    -11 (VIOLATED)
clkbuf_4_13__f_wb_clk_i/X                10     21    -11 (VIOLATED)
clkbuf_4_3__f_wb_clk_i/X                 10     21    -11 (VIOLATED)
clkbuf_4_5__f_wb_clk_i/X                 10     21    -11 (VIOLATED)
clkbuf_4_9__f_wb_clk_i/X                 10     21    -11 (VIOLATED)
clkbuf_leaf_1_wb_clk_i/X                 10     21    -11 (VIOLATED)
fanout1001/X                             10     21    -11 (VIOLATED)
fanout1004/X                             10     21    -11 (VIOLATED)
fanout1010/X                             10     21    -11 (VIOLATED)
fanout1016/X                             10     21    -11 (VIOLATED)
fanout1017/X                             10     21    -11 (VIOLATED)
fanout1019/X                             10     21    -11 (VIOLATED)
fanout1020/X                             10     21    -11 (VIOLATED)
fanout1022/X                             10     21    -11 (VIOLATED)
fanout1024/X                             10     21    -11 (VIOLATED)
fanout1032/X                             10     21    -11 (VIOLATED)
fanout1034/X                             10     21    -11 (VIOLATED)
fanout1036/X                             10     21    -11 (VIOLATED)
fanout1037/X                             10     21    -11 (VIOLATED)
fanout1038/X                             10     21    -11 (VIOLATED)
fanout1039/X                             10     21    -11 (VIOLATED)
fanout1040/X                             10     21    -11 (VIOLATED)
fanout1060/X                             10     21    -11 (VIOLATED)
fanout1061/X                             10     21    -11 (VIOLATED)
fanout1062/X                             10     21    -11 (VIOLATED)
fanout1067/X                             10     21    -11 (VIOLATED)
fanout1069/X                             10     21    -11 (VIOLATED)
fanout1070/X                             10     21    -11 (VIOLATED)
fanout1073/X                             10     21    -11 (VIOLATED)
fanout1074/X                             10     21    -11 (VIOLATED)
fanout1077/X                             10     21    -11 (VIOLATED)
fanout1080/X                             10     21    -11 (VIOLATED)
fanout1083/X                             10     21    -11 (VIOLATED)
fanout1087/X                             10     21    -11 (VIOLATED)
fanout1090/X                             10     21    -11 (VIOLATED)
fanout1094/X                             10     21    -11 (VIOLATED)
fanout1097/X                             10     21    -11 (VIOLATED)
fanout1099/X                             10     21    -11 (VIOLATED)
fanout1101/X                             10     21    -11 (VIOLATED)
fanout1104/X                             10     21    -11 (VIOLATED)
fanout1131/X                             10     21    -11 (VIOLATED)
fanout1132/X                             10     21    -11 (VIOLATED)
fanout1135/X                             10     21    -11 (VIOLATED)
fanout1137/X                             10     21    -11 (VIOLATED)
fanout1145/X                             10     21    -11 (VIOLATED)
fanout1152/X                             10     21    -11 (VIOLATED)
fanout1153/X                             10     21    -11 (VIOLATED)
fanout1154/X                             10     21    -11 (VIOLATED)
fanout1155/X                             10     21    -11 (VIOLATED)
fanout1169/X                             10     21    -11 (VIOLATED)
fanout1175/X                             10     21    -11 (VIOLATED)
fanout1177/X                             10     21    -11 (VIOLATED)
fanout1178/X                             10     21    -11 (VIOLATED)
fanout1180/X                             10     21    -11 (VIOLATED)
fanout1183/X                             10     21    -11 (VIOLATED)
fanout1206/X                             10     21    -11 (VIOLATED)
fanout1209/X                             10     21    -11 (VIOLATED)
fanout1221/X                             10     21    -11 (VIOLATED)
fanout1226/X                             10     21    -11 (VIOLATED)
fanout1235/X                             10     21    -11 (VIOLATED)
fanout1247/X                             10     21    -11 (VIOLATED)
fanout1250/X                             10     21    -11 (VIOLATED)
fanout1258/X                             10     21    -11 (VIOLATED)
fanout1383/X                             10     21    -11 (VIOLATED)
fanout1387/X                             10     21    -11 (VIOLATED)
fanout1397/X                             10     21    -11 (VIOLATED)
fanout1426/X                             10     21    -11 (VIOLATED)
fanout1427/X                             10     21    -11 (VIOLATED)
fanout185/X                              10     21    -11 (VIOLATED)
fanout186/X                              10     21    -11 (VIOLATED)
fanout187/X                              10     21    -11 (VIOLATED)
fanout194/X                              10     21    -11 (VIOLATED)
fanout198/X                              10     21    -11 (VIOLATED)
fanout202/X                              10     21    -11 (VIOLATED)
fanout220/X                              10     21    -11 (VIOLATED)
fanout234/X                              10     21    -11 (VIOLATED)
fanout327/X                              10     21    -11 (VIOLATED)
fanout328/X                              10     21    -11 (VIOLATED)
fanout330/X                              10     21    -11 (VIOLATED)
fanout331/X                              10     21    -11 (VIOLATED)
fanout333/X                              10     21    -11 (VIOLATED)
fanout334/X                              10     21    -11 (VIOLATED)
fanout335/X                              10     21    -11 (VIOLATED)
fanout336/X                              10     21    -11 (VIOLATED)
fanout338/X                              10     21    -11 (VIOLATED)
fanout339/X                              10     21    -11 (VIOLATED)
fanout340/X                              10     21    -11 (VIOLATED)
fanout341/X                              10     21    -11 (VIOLATED)
fanout343/X                              10     21    -11 (VIOLATED)
fanout347/X                              10     21    -11 (VIOLATED)
fanout356/X                              10     21    -11 (VIOLATED)
fanout360/X                              10     21    -11 (VIOLATED)
fanout362/X                              10     21    -11 (VIOLATED)
fanout364/X                              10     21    -11 (VIOLATED)
fanout368/X                              10     21    -11 (VIOLATED)
fanout369/X                              10     21    -11 (VIOLATED)
fanout371/X                              10     21    -11 (VIOLATED)
fanout372/X                              10     21    -11 (VIOLATED)
fanout373/X                              10     21    -11 (VIOLATED)
fanout374/X                              10     21    -11 (VIOLATED)
fanout375/X                              10     21    -11 (VIOLATED)
fanout376/X                              10     21    -11 (VIOLATED)
fanout377/X                              10     21    -11 (VIOLATED)
fanout379/X                              10     21    -11 (VIOLATED)
fanout380/X                              10     21    -11 (VIOLATED)
fanout383/X                              10     21    -11 (VIOLATED)
fanout385/X                              10     21    -11 (VIOLATED)
fanout387/X                              10     21    -11 (VIOLATED)
fanout389/X                              10     21    -11 (VIOLATED)
fanout391/X                              10     21    -11 (VIOLATED)
fanout392/X                              10     21    -11 (VIOLATED)
fanout395/X                              10     21    -11 (VIOLATED)
fanout397/X                              10     21    -11 (VIOLATED)
fanout399/X                              10     21    -11 (VIOLATED)
fanout401/X                              10     21    -11 (VIOLATED)
fanout403/X                              10     21    -11 (VIOLATED)
fanout404/X                              10     21    -11 (VIOLATED)
fanout407/X                              10     21    -11 (VIOLATED)
fanout409/X                              10     21    -11 (VIOLATED)
fanout411/X                              10     21    -11 (VIOLATED)
fanout413/X                              10     21    -11 (VIOLATED)
fanout415/X                              10     21    -11 (VIOLATED)
fanout417/X                              10     21    -11 (VIOLATED)
fanout419/X                              10     21    -11 (VIOLATED)
fanout421/X                              10     21    -11 (VIOLATED)
fanout423/X                              10     21    -11 (VIOLATED)
fanout425/X                              10     21    -11 (VIOLATED)
fanout427/X                              10     21    -11 (VIOLATED)
fanout429/X                              10     21    -11 (VIOLATED)
fanout431/X                              10     21    -11 (VIOLATED)
fanout433/X                              10     21    -11 (VIOLATED)
fanout435/X                              10     21    -11 (VIOLATED)
fanout437/X                              10     21    -11 (VIOLATED)
fanout439/X                              10     21    -11 (VIOLATED)
fanout441/X                              10     21    -11 (VIOLATED)
fanout443/X                              10     21    -11 (VIOLATED)
fanout445/X                              10     21    -11 (VIOLATED)
fanout447/X                              10     21    -11 (VIOLATED)
fanout449/X                              10     21    -11 (VIOLATED)
fanout451/X                              10     21    -11 (VIOLATED)
fanout453/X                              10     21    -11 (VIOLATED)
fanout455/X                              10     21    -11 (VIOLATED)
fanout457/X                              10     21    -11 (VIOLATED)
fanout459/X                              10     21    -11 (VIOLATED)
fanout461/X                              10     21    -11 (VIOLATED)
fanout463/X                              10     21    -11 (VIOLATED)
fanout467/X                              10     21    -11 (VIOLATED)
fanout468/X                              10     21    -11 (VIOLATED)
fanout471/X                              10     21    -11 (VIOLATED)
fanout473/X                              10     21    -11 (VIOLATED)
fanout475/X                              10     21    -11 (VIOLATED)
fanout477/X                              10     21    -11 (VIOLATED)
fanout479/X                              10     21    -11 (VIOLATED)
fanout481/X                              10     21    -11 (VIOLATED)
fanout483/X                              10     21    -11 (VIOLATED)
fanout485/X                              10     21    -11 (VIOLATED)
fanout487/X                              10     21    -11 (VIOLATED)
fanout489/X                              10     21    -11 (VIOLATED)
fanout491/X                              10     21    -11 (VIOLATED)
fanout493/X                              10     21    -11 (VIOLATED)
fanout495/X                              10     21    -11 (VIOLATED)
fanout496/X                              10     21    -11 (VIOLATED)
fanout499/X                              10     21    -11 (VIOLATED)
fanout500/X                              10     21    -11 (VIOLATED)
fanout501/X                              10     21    -11 (VIOLATED)
fanout503/X                              10     21    -11 (VIOLATED)
fanout504/X                              10     21    -11 (VIOLATED)
fanout505/X                              10     21    -11 (VIOLATED)
fanout507/X                              10     21    -11 (VIOLATED)
fanout508/X                              10     21    -11 (VIOLATED)
fanout509/X                              10     21    -11 (VIOLATED)
fanout510/X                              10     21    -11 (VIOLATED)
fanout511/X                              10     21    -11 (VIOLATED)
fanout512/X                              10     21    -11 (VIOLATED)
fanout513/X                              10     21    -11 (VIOLATED)
fanout515/X                              10     21    -11 (VIOLATED)
fanout516/X                              10     21    -11 (VIOLATED)
fanout520/X                              10     21    -11 (VIOLATED)
fanout529/X                              10     21    -11 (VIOLATED)
fanout530/X                              10     21    -11 (VIOLATED)
fanout533/X                              10     21    -11 (VIOLATED)
fanout534/X                              10     21    -11 (VIOLATED)
fanout558/X                              10     21    -11 (VIOLATED)
fanout559/X                              10     21    -11 (VIOLATED)
fanout560/X                              10     21    -11 (VIOLATED)
fanout562/X                              10     21    -11 (VIOLATED)
fanout569/X                              10     21    -11 (VIOLATED)
fanout577/X                              10     21    -11 (VIOLATED)
fanout587/X                              10     21    -11 (VIOLATED)
fanout590/X                              10     21    -11 (VIOLATED)
fanout596/X                              10     21    -11 (VIOLATED)
fanout597/X                              10     21    -11 (VIOLATED)
fanout598/X                              10     21    -11 (VIOLATED)
fanout600/X                              10     21    -11 (VIOLATED)
fanout602/X                              10     21    -11 (VIOLATED)
fanout604/X                              10     21    -11 (VIOLATED)
fanout606/X                              10     21    -11 (VIOLATED)
fanout608/X                              10     21    -11 (VIOLATED)
fanout611/X                              10     21    -11 (VIOLATED)
fanout612/X                              10     21    -11 (VIOLATED)
fanout615/X                              10     21    -11 (VIOLATED)
fanout616/X                              10     21    -11 (VIOLATED)
fanout623/X                              10     21    -11 (VIOLATED)
fanout624/X                              10     21    -11 (VIOLATED)
fanout625/X                              10     21    -11 (VIOLATED)
fanout626/X                              10     21    -11 (VIOLATED)
fanout628/X                              10     21    -11 (VIOLATED)
fanout630/X                              10     21    -11 (VIOLATED)
fanout631/X                              10     21    -11 (VIOLATED)
fanout633/X                              10     21    -11 (VIOLATED)
fanout640/X                              10     21    -11 (VIOLATED)
fanout644/X                              10     21    -11 (VIOLATED)
fanout646/X                              10     21    -11 (VIOLATED)
fanout648/X                              10     21    -11 (VIOLATED)
fanout650/X                              10     21    -11 (VIOLATED)
fanout652/X                              10     21    -11 (VIOLATED)
fanout654/X                              10     21    -11 (VIOLATED)
fanout656/X                              10     21    -11 (VIOLATED)
fanout658/X                              10     21    -11 (VIOLATED)
fanout660/X                              10     21    -11 (VIOLATED)
fanout662/X                              10     21    -11 (VIOLATED)
fanout663/X                              10     21    -11 (VIOLATED)
fanout664/X                              10     21    -11 (VIOLATED)
fanout665/X                              10     21    -11 (VIOLATED)
fanout667/X                              10     21    -11 (VIOLATED)
fanout669/X                              10     21    -11 (VIOLATED)
fanout670/X                              10     21    -11 (VIOLATED)
fanout671/X                              10     21    -11 (VIOLATED)
fanout672/X                              10     21    -11 (VIOLATED)
fanout674/X                              10     21    -11 (VIOLATED)
fanout676/X                              10     21    -11 (VIOLATED)
fanout678/X                              10     21    -11 (VIOLATED)
fanout679/X                              10     21    -11 (VIOLATED)
fanout680/X                              10     21    -11 (VIOLATED)
fanout682/X                              10     21    -11 (VIOLATED)
fanout683/X                              10     21    -11 (VIOLATED)
fanout684/X                              10     21    -11 (VIOLATED)
fanout686/X                              10     21    -11 (VIOLATED)
fanout687/X                              10     21    -11 (VIOLATED)
fanout688/X                              10     21    -11 (VIOLATED)
fanout690/X                              10     21    -11 (VIOLATED)
fanout692/X                              10     21    -11 (VIOLATED)
fanout693/X                              10     21    -11 (VIOLATED)
fanout694/X                              10     21    -11 (VIOLATED)
fanout695/X                              10     21    -11 (VIOLATED)
fanout696/X                              10     21    -11 (VIOLATED)
fanout697/X                              10     21    -11 (VIOLATED)
fanout699/X                              10     21    -11 (VIOLATED)
fanout701/X                              10     21    -11 (VIOLATED)
fanout703/X                              10     21    -11 (VIOLATED)
fanout705/X                              10     21    -11 (VIOLATED)
fanout706/X                              10     21    -11 (VIOLATED)
fanout711/X                              10     21    -11 (VIOLATED)
fanout713/X                              10     21    -11 (VIOLATED)
fanout714/X                              10     21    -11 (VIOLATED)
fanout715/X                              10     21    -11 (VIOLATED)
fanout718/X                              10     21    -11 (VIOLATED)
fanout720/X                              10     21    -11 (VIOLATED)
fanout721/X                              10     21    -11 (VIOLATED)
fanout723/X                              10     21    -11 (VIOLATED)
fanout725/X                              10     21    -11 (VIOLATED)
fanout727/X                              10     21    -11 (VIOLATED)
fanout730/X                              10     21    -11 (VIOLATED)
fanout731/X                              10     21    -11 (VIOLATED)
fanout734/X                              10     21    -11 (VIOLATED)
fanout735/X                              10     21    -11 (VIOLATED)
fanout736/X                              10     21    -11 (VIOLATED)
fanout737/X                              10     21    -11 (VIOLATED)
fanout739/X                              10     21    -11 (VIOLATED)
fanout740/X                              10     21    -11 (VIOLATED)
fanout742/X                              10     21    -11 (VIOLATED)
fanout743/X                              10     21    -11 (VIOLATED)
fanout745/X                              10     21    -11 (VIOLATED)
fanout746/X                              10     21    -11 (VIOLATED)
fanout749/X                              10     21    -11 (VIOLATED)
fanout751/X                              10     21    -11 (VIOLATED)
fanout752/X                              10     21    -11 (VIOLATED)
fanout753/X                              10     21    -11 (VIOLATED)
fanout754/X                              10     21    -11 (VIOLATED)
fanout755/X                              10     21    -11 (VIOLATED)
fanout757/X                              10     21    -11 (VIOLATED)
fanout759/X                              10     21    -11 (VIOLATED)
fanout761/X                              10     21    -11 (VIOLATED)
fanout765/X                              10     21    -11 (VIOLATED)
fanout768/X                              10     21    -11 (VIOLATED)
fanout770/X                              10     21    -11 (VIOLATED)
fanout772/X                              10     21    -11 (VIOLATED)
fanout773/X                              10     21    -11 (VIOLATED)
fanout775/X                              10     21    -11 (VIOLATED)
fanout776/X                              10     21    -11 (VIOLATED)
fanout777/X                              10     21    -11 (VIOLATED)
fanout779/X                              10     21    -11 (VIOLATED)
fanout780/X                              10     21    -11 (VIOLATED)
fanout782/X                              10     21    -11 (VIOLATED)
fanout783/X                              10     21    -11 (VIOLATED)
fanout785/X                              10     21    -11 (VIOLATED)
fanout786/X                              10     21    -11 (VIOLATED)
fanout787/X                              10     21    -11 (VIOLATED)
fanout789/X                              10     21    -11 (VIOLATED)
fanout790/X                              10     21    -11 (VIOLATED)
fanout791/X                              10     21    -11 (VIOLATED)
fanout792/X                              10     21    -11 (VIOLATED)
fanout794/X                              10     21    -11 (VIOLATED)
fanout795/X                              10     21    -11 (VIOLATED)
fanout798/X                              10     21    -11 (VIOLATED)
fanout799/X                              10     21    -11 (VIOLATED)
fanout800/X                              10     21    -11 (VIOLATED)
fanout801/X                              10     21    -11 (VIOLATED)
fanout802/X                              10     21    -11 (VIOLATED)
fanout804/X                              10     21    -11 (VIOLATED)
fanout805/X                              10     21    -11 (VIOLATED)
fanout807/X                              10     21    -11 (VIOLATED)
fanout809/X                              10     21    -11 (VIOLATED)
fanout811/X                              10     21    -11 (VIOLATED)
fanout812/X                              10     21    -11 (VIOLATED)
fanout815/X                              10     21    -11 (VIOLATED)
fanout816/X                              10     21    -11 (VIOLATED)
fanout817/X                              10     21    -11 (VIOLATED)
fanout818/X                              10     21    -11 (VIOLATED)
fanout819/X                              10     21    -11 (VIOLATED)
fanout821/X                              10     21    -11 (VIOLATED)
fanout822/X                              10     21    -11 (VIOLATED)
fanout830/X                              10     21    -11 (VIOLATED)
fanout832/X                              10     21    -11 (VIOLATED)
fanout835/X                              10     21    -11 (VIOLATED)
fanout837/X                              10     21    -11 (VIOLATED)
fanout839/X                              10     21    -11 (VIOLATED)
fanout843/X                              10     21    -11 (VIOLATED)
fanout844/X                              10     21    -11 (VIOLATED)
fanout847/X                              10     21    -11 (VIOLATED)
fanout853/X                              10     21    -11 (VIOLATED)
fanout869/X                              10     21    -11 (VIOLATED)
fanout876/X                              10     21    -11 (VIOLATED)
fanout877/X                              10     21    -11 (VIOLATED)
fanout878/X                              10     21    -11 (VIOLATED)
fanout880/X                              10     21    -11 (VIOLATED)
fanout882/X                              10     21    -11 (VIOLATED)
fanout884/X                              10     21    -11 (VIOLATED)
fanout887/X                              10     21    -11 (VIOLATED)
fanout889/X                              10     21    -11 (VIOLATED)
fanout891/X                              10     21    -11 (VIOLATED)
fanout893/X                              10     21    -11 (VIOLATED)
fanout896/X                              10     21    -11 (VIOLATED)
fanout898/X                              10     21    -11 (VIOLATED)
fanout900/X                              10     21    -11 (VIOLATED)
fanout902/X                              10     21    -11 (VIOLATED)
fanout904/X                              10     21    -11 (VIOLATED)
fanout906/X                              10     21    -11 (VIOLATED)
fanout907/X                              10     21    -11 (VIOLATED)
fanout910/X                              10     21    -11 (VIOLATED)
fanout912/X                              10     21    -11 (VIOLATED)
fanout914/X                              10     21    -11 (VIOLATED)
fanout915/X                              10     21    -11 (VIOLATED)
fanout916/X                              10     21    -11 (VIOLATED)
fanout917/X                              10     21    -11 (VIOLATED)
fanout918/X                              10     21    -11 (VIOLATED)
fanout919/X                              10     21    -11 (VIOLATED)
fanout922/X                              10     21    -11 (VIOLATED)
fanout924/X                              10     21    -11 (VIOLATED)
fanout925/X                              10     21    -11 (VIOLATED)
fanout927/X                              10     21    -11 (VIOLATED)
fanout929/X                              10     21    -11 (VIOLATED)
fanout931/X                              10     21    -11 (VIOLATED)
fanout934/X                              10     21    -11 (VIOLATED)
fanout939/X                              10     21    -11 (VIOLATED)
fanout941/X                              10     21    -11 (VIOLATED)
fanout943/X                              10     21    -11 (VIOLATED)
fanout945/X                              10     21    -11 (VIOLATED)
fanout948/X                              10     21    -11 (VIOLATED)
fanout949/X                              10     21    -11 (VIOLATED)
fanout951/X                              10     21    -11 (VIOLATED)
fanout952/X                              10     21    -11 (VIOLATED)
fanout954/X                              10     21    -11 (VIOLATED)
fanout955/X                              10     21    -11 (VIOLATED)
fanout956/X                              10     21    -11 (VIOLATED)
fanout957/X                              10     21    -11 (VIOLATED)
fanout958/X                              10     21    -11 (VIOLATED)
fanout959/X                              10     21    -11 (VIOLATED)
fanout963/X                              10     21    -11 (VIOLATED)
fanout965/X                              10     21    -11 (VIOLATED)
fanout968/X                              10     21    -11 (VIOLATED)
fanout970/X                              10     21    -11 (VIOLATED)
fanout972/X                              10     21    -11 (VIOLATED)
fanout977/X                              10     21    -11 (VIOLATED)
fanout979/X                              10     21    -11 (VIOLATED)
fanout981/X                              10     21    -11 (VIOLATED)
fanout984/X                              10     21    -11 (VIOLATED)
fanout986/X                              10     21    -11 (VIOLATED)
fanout987/X                              10     21    -11 (VIOLATED)
fanout988/X                              10     21    -11 (VIOLATED)
fanout990/X                              10     21    -11 (VIOLATED)
fanout996/X                              10     21    -11 (VIOLATED)
fanout997/X                              10     21    -11 (VIOLATED)
fanout998/X                              10     21    -11 (VIOLATED)
_12869_/X                                10     20    -10 (VIOLATED)
clkbuf_leaf_118_wb_clk_i/X               10     20    -10 (VIOLATED)
clkbuf_leaf_123_wb_clk_i/X               10     20    -10 (VIOLATED)
clkbuf_leaf_156_wb_clk_i/X               10     20    -10 (VIOLATED)
clkbuf_leaf_6_wb_clk_i/X                 10     20    -10 (VIOLATED)
_09818_/X                                10     19     -9 (VIOLATED)
_09940_/X                                10     19     -9 (VIOLATED)
_10186_/Y                                10     19     -9 (VIOLATED)
_10331_/X                                10     19     -9 (VIOLATED)
_10367_/X                                10     19     -9 (VIOLATED)
_11460_/X                                10     19     -9 (VIOLATED)
_13934_/Y                                10     19     -9 (VIOLATED)
_13938_/Y                                10     19     -9 (VIOLATED)
_13944_/Y                                10     19     -9 (VIOLATED)
_13951_/Y                                10     19     -9 (VIOLATED)
_13955_/X                                10     19     -9 (VIOLATED)
_13957_/Y                                10     19     -9 (VIOLATED)
_13958_/Y                                10     19     -9 (VIOLATED)
_13963_/X                                10     19     -9 (VIOLATED)
_13964_/X                                10     19     -9 (VIOLATED)
_13966_/Y                                10     19     -9 (VIOLATED)
_13967_/X                                10     19     -9 (VIOLATED)
_13968_/Y                                10     19     -9 (VIOLATED)
_13972_/X                                10     19     -9 (VIOLATED)
_16051_/Q                                10     19     -9 (VIOLATED)
_16054_/Q                                10     19     -9 (VIOLATED)
_16069_/Q                                10     19     -9 (VIOLATED)
_17627_/Q                                10     19     -9 (VIOLATED)
_17683_/Q                                10     19     -9 (VIOLATED)
_17685_/Q                                10     19     -9 (VIOLATED)
_17690_/Q                                10     19     -9 (VIOLATED)
_17697_/Q                                10     19     -9 (VIOLATED)
clkbuf_4_14__f_wb_clk_i/X                10     19     -9 (VIOLATED)
clkbuf_4_15__f_wb_clk_i/X                10     19     -9 (VIOLATED)
clkbuf_4_2__f_wb_clk_i/X                 10     19     -9 (VIOLATED)
clkbuf_4_4__f_wb_clk_i/X                 10     19     -9 (VIOLATED)
clkbuf_4_8__f_wb_clk_i/X                 10     19     -9 (VIOLATED)
fanout1003/X                             10     19     -9 (VIOLATED)
fanout1093/X                             10     19     -9 (VIOLATED)
fanout1129/X                             10     19     -9 (VIOLATED)
fanout1144/X                             10     19     -9 (VIOLATED)
fanout1245/X                             10     19     -9 (VIOLATED)
fanout1321/X                             10     19     -9 (VIOLATED)
fanout213/X                              10     19     -9 (VIOLATED)
fanout238/X                              10     19     -9 (VIOLATED)
fanout337/X                              10     19     -9 (VIOLATED)
fanout370/X                              10     19     -9 (VIOLATED)
fanout556/X                              10     19     -9 (VIOLATED)
fanout563/X                              10     19     -9 (VIOLATED)
fanout603/X                              10     19     -9 (VIOLATED)
fanout637/X                              10     19     -9 (VIOLATED)
fanout661/X                              10     19     -9 (VIOLATED)
fanout689/X                              10     19     -9 (VIOLATED)
fanout691/X                              10     19     -9 (VIOLATED)
fanout698/X                              10     19     -9 (VIOLATED)
fanout728/X                              10     19     -9 (VIOLATED)
fanout738/X                              10     19     -9 (VIOLATED)
fanout820/X                              10     19     -9 (VIOLATED)
fanout901/X                              10     19     -9 (VIOLATED)
fanout909/X                              10     19     -9 (VIOLATED)
fanout935/X                              10     19     -9 (VIOLATED)
fanout940/X                              10     19     -9 (VIOLATED)
clkbuf_leaf_120_wb_clk_i/X               10     18     -8 (VIOLATED)
clkbuf_leaf_140_wb_clk_i/X               10     18     -8 (VIOLATED)
clkbuf_leaf_159_wb_clk_i/X               10     18     -8 (VIOLATED)
clkbuf_leaf_2_wb_clk_i/X                 10     18     -8 (VIOLATED)
clkbuf_leaf_84_wb_clk_i/X                10     18     -8 (VIOLATED)
clkbuf_leaf_91_wb_clk_i/X                10     18     -8 (VIOLATED)
clkbuf_leaf_95_wb_clk_i/X                10     18     -8 (VIOLATED)
_08366_/X                                10     17     -7 (VIOLATED)
_08998_/X                                10     17     -7 (VIOLATED)
_09226_/Y                                10     17     -7 (VIOLATED)
_10222_/X                                10     17     -7 (VIOLATED)
_10580_/Y                                10     17     -7 (VIOLATED)
_13929_/X                                10     17     -7 (VIOLATED)
_13941_/Y                                10     17     -7 (VIOLATED)
_13943_/Y                                10     17     -7 (VIOLATED)
_13948_/X                                10     17     -7 (VIOLATED)
_13949_/Y                                10     17     -7 (VIOLATED)
_13952_/X                                10     17     -7 (VIOLATED)
_13953_/X                                10     17     -7 (VIOLATED)
_13954_/X                                10     17     -7 (VIOLATED)
_13959_/X                                10     17     -7 (VIOLATED)
_13960_/X                                10     17     -7 (VIOLATED)
_13961_/X                                10     17     -7 (VIOLATED)
_13962_/Y                                10     17     -7 (VIOLATED)
_13969_/Y                                10     17     -7 (VIOLATED)
_13970_/Y                                10     17     -7 (VIOLATED)
_13971_/Y                                10     17     -7 (VIOLATED)
_13973_/X                                10     17     -7 (VIOLATED)
_13974_/X                                10     17     -7 (VIOLATED)
_13975_/X                                10     17     -7 (VIOLATED)
_13976_/X                                10     17     -7 (VIOLATED)
_16047_/Q                                10     17     -7 (VIOLATED)
_16048_/Q                                10     17     -7 (VIOLATED)
_16053_/Q                                10     17     -7 (VIOLATED)
_16055_/Q                                10     17     -7 (VIOLATED)
_16058_/Q                                10     17     -7 (VIOLATED)
_16061_/Q                                10     17     -7 (VIOLATED)
_16065_/Q                                10     17     -7 (VIOLATED)
_16070_/Q                                10     17     -7 (VIOLATED)
_16074_/Q                                10     17     -7 (VIOLATED)
_17619_/Q                                10     17     -7 (VIOLATED)
_17682_/Q                                10     17     -7 (VIOLATED)
clkbuf_0_wb_clk_i/X                      10     17     -7 (VIOLATED)
clkbuf_leaf_100_wb_clk_i/X               10     17     -7 (VIOLATED)
clkbuf_leaf_116_wb_clk_i/X               10     17     -7 (VIOLATED)
clkbuf_leaf_122_wb_clk_i/X               10     17     -7 (VIOLATED)
clkbuf_leaf_141_wb_clk_i/X               10     17     -7 (VIOLATED)
clkbuf_leaf_152_wb_clk_i/X               10     17     -7 (VIOLATED)
clkbuf_leaf_3_wb_clk_i/X                 10     17     -7 (VIOLATED)
clkbuf_leaf_5_wb_clk_i/X                 10     17     -7 (VIOLATED)
clkbuf_leaf_86_wb_clk_i/X                10     17     -7 (VIOLATED)
clkbuf_leaf_88_wb_clk_i/X                10     17     -7 (VIOLATED)
clkbuf_leaf_97_wb_clk_i/X                10     17     -7 (VIOLATED)
fanout1026/X                             10     17     -7 (VIOLATED)
fanout1106/X                             10     17     -7 (VIOLATED)
fanout1115/X                             10     17     -7 (VIOLATED)
fanout1130/X                             10     17     -7 (VIOLATED)
fanout1156/X                             10     17     -7 (VIOLATED)
fanout1398/X                             10     17     -7 (VIOLATED)
fanout1408/X                             10     17     -7 (VIOLATED)
fanout359/X                              10     17     -7 (VIOLATED)
fanout361/X                              10     17     -7 (VIOLATED)
fanout381/X                              10     17     -7 (VIOLATED)
fanout393/X                              10     17     -7 (VIOLATED)
fanout405/X                              10     17     -7 (VIOLATED)
fanout420/X                              10     17     -7 (VIOLATED)
fanout424/X                              10     17     -7 (VIOLATED)
fanout436/X                              10     17     -7 (VIOLATED)
fanout469/X                              10     17     -7 (VIOLATED)
fanout497/X                              10     17     -7 (VIOLATED)
fanout570/X                              10     17     -7 (VIOLATED)
fanout627/X                              10     17     -7 (VIOLATED)
fanout643/X                              10     17     -7 (VIOLATED)
fanout651/X                              10     17     -7 (VIOLATED)
fanout655/X                              10     17     -7 (VIOLATED)
fanout657/X                              10     17     -7 (VIOLATED)
fanout659/X                              10     17     -7 (VIOLATED)
fanout666/X                              10     17     -7 (VIOLATED)
fanout668/X                              10     17     -7 (VIOLATED)
fanout675/X                              10     17     -7 (VIOLATED)
fanout681/X                              10     17     -7 (VIOLATED)
fanout741/X                              10     17     -7 (VIOLATED)
fanout774/X                              10     17     -7 (VIOLATED)
fanout778/X                              10     17     -7 (VIOLATED)
fanout784/X                              10     17     -7 (VIOLATED)
fanout788/X                              10     17     -7 (VIOLATED)
fanout842/X                              10     17     -7 (VIOLATED)
fanout850/X                              10     17     -7 (VIOLATED)
fanout872/X                              10     17     -7 (VIOLATED)
fanout942/X                              10     17     -7 (VIOLATED)
fanout944/X                              10     17     -7 (VIOLATED)
fanout946/X                              10     17     -7 (VIOLATED)
fanout989/X                              10     17     -7 (VIOLATED)
fanout994/X                              10     17     -7 (VIOLATED)
clkbuf_leaf_101_wb_clk_i/X               10     16     -6 (VIOLATED)
clkbuf_leaf_130_wb_clk_i/X               10     16     -6 (VIOLATED)
clkbuf_leaf_131_wb_clk_i/X               10     16     -6 (VIOLATED)
clkbuf_leaf_132_wb_clk_i/X               10     16     -6 (VIOLATED)
clkbuf_leaf_28_wb_clk_i/X                10     16     -6 (VIOLATED)
clkbuf_leaf_50_wb_clk_i/X                10     16     -6 (VIOLATED)
clkbuf_leaf_76_wb_clk_i/X                10     16     -6 (VIOLATED)
clkbuf_leaf_78_wb_clk_i/X                10     16     -6 (VIOLATED)
clkbuf_leaf_99_wb_clk_i/X                10     16     -6 (VIOLATED)
fanout806/X                              10     16     -6 (VIOLATED)
fanout971/X                              10     16     -6 (VIOLATED)
_08371_/X                                10     15     -5 (VIOLATED)
_08398_/Y                                10     15     -5 (VIOLATED)
_08504_/X                                10     15     -5 (VIOLATED)
_08579_/X                                10     15     -5 (VIOLATED)
_09910_/X                                10     15     -5 (VIOLATED)
_11461_/Y                                10     15     -5 (VIOLATED)
_16050_/Q                                10     15     -5 (VIOLATED)
_16052_/Q                                10     15     -5 (VIOLATED)
_16059_/Q                                10     15     -5 (VIOLATED)
_16064_/Q                                10     15     -5 (VIOLATED)
_16068_/Q                                10     15     -5 (VIOLATED)
_16071_/Q                                10     15     -5 (VIOLATED)
_16073_/Q                                10     15     -5 (VIOLATED)
_16273_/Q                                10     15     -5 (VIOLATED)
_17621_/Q                                10     15     -5 (VIOLATED)
_17644_/Q                                10     15     -5 (VIOLATED)
_17680_/Q                                10     15     -5 (VIOLATED)
_17681_/Q                                10     15     -5 (VIOLATED)
_17704_/Q                                10     15     -5 (VIOLATED)
_17705_/Q                                10     15     -5 (VIOLATED)
clkbuf_leaf_110_wb_clk_i/X               10     15     -5 (VIOLATED)
clkbuf_leaf_113_wb_clk_i/X               10     15     -5 (VIOLATED)
clkbuf_leaf_127_wb_clk_i/X               10     15     -5 (VIOLATED)
clkbuf_leaf_151_wb_clk_i/X               10     15     -5 (VIOLATED)
clkbuf_leaf_16_wb_clk_i/X                10     15     -5 (VIOLATED)
clkbuf_leaf_27_wb_clk_i/X                10     15     -5 (VIOLATED)
clkbuf_leaf_66_wb_clk_i/X                10     15     -5 (VIOLATED)
clkbuf_leaf_82_wb_clk_i/X                10     15     -5 (VIOLATED)
fanout1021/X                             10     15     -5 (VIOLATED)
fanout1030/X                             10     15     -5 (VIOLATED)
fanout1035/X                             10     15     -5 (VIOLATED)
fanout1041/X                             10     15     -5 (VIOLATED)
fanout1102/X                             10     15     -5 (VIOLATED)
fanout1133/X                             10     15     -5 (VIOLATED)
fanout1143/X                             10     15     -5 (VIOLATED)
fanout1205/X                             10     15     -5 (VIOLATED)
fanout1223/X                             10     15     -5 (VIOLATED)
fanout1301/X                             10     15     -5 (VIOLATED)
fanout1302/X                             10     15     -5 (VIOLATED)
fanout1384/X                             10     15     -5 (VIOLATED)
fanout1409/X                             10     15     -5 (VIOLATED)
fanout1428/X                             10     15     -5 (VIOLATED)
fanout228/X                              10     15     -5 (VIOLATED)
fanout232/X                              10     15     -5 (VIOLATED)
fanout236/X                              10     15     -5 (VIOLATED)
fanout256/X                              10     15     -5 (VIOLATED)
fanout363/X                              10     15     -5 (VIOLATED)
fanout382/X                              10     15     -5 (VIOLATED)
fanout390/X                              10     15     -5 (VIOLATED)
fanout394/X                              10     15     -5 (VIOLATED)
fanout398/X                              10     15     -5 (VIOLATED)
fanout400/X                              10     15     -5 (VIOLATED)
fanout406/X                              10     15     -5 (VIOLATED)
fanout410/X                              10     15     -5 (VIOLATED)
fanout414/X                              10     15     -5 (VIOLATED)
fanout418/X                              10     15     -5 (VIOLATED)
fanout422/X                              10     15     -5 (VIOLATED)
fanout426/X                              10     15     -5 (VIOLATED)
fanout428/X                              10     15     -5 (VIOLATED)
fanout438/X                              10     15     -5 (VIOLATED)
fanout446/X                              10     15     -5 (VIOLATED)
fanout448/X                              10     15     -5 (VIOLATED)
fanout452/X                              10     15     -5 (VIOLATED)
fanout462/X                              10     15     -5 (VIOLATED)
fanout466/X                              10     15     -5 (VIOLATED)
fanout470/X                              10     15     -5 (VIOLATED)
fanout472/X                              10     15     -5 (VIOLATED)
fanout480/X                              10     15     -5 (VIOLATED)
fanout486/X                              10     15     -5 (VIOLATED)
fanout490/X                              10     15     -5 (VIOLATED)
fanout492/X                              10     15     -5 (VIOLATED)
fanout498/X                              10     15     -5 (VIOLATED)
fanout568/X                              10     15     -5 (VIOLATED)
fanout578/X                              10     15     -5 (VIOLATED)
fanout614/X                              10     15     -5 (VIOLATED)
fanout673/X                              10     15     -5 (VIOLATED)
fanout685/X                              10     15     -5 (VIOLATED)
fanout719/X                              10     15     -5 (VIOLATED)
fanout722/X                              10     15     -5 (VIOLATED)
fanout733/X                              10     15     -5 (VIOLATED)
fanout744/X                              10     15     -5 (VIOLATED)
fanout748/X                              10     15     -5 (VIOLATED)
fanout750/X                              10     15     -5 (VIOLATED)
fanout762/X                              10     15     -5 (VIOLATED)
fanout796/X                              10     15     -5 (VIOLATED)
fanout797/X                              10     15     -5 (VIOLATED)
fanout810/X                              10     15     -5 (VIOLATED)
fanout814/X                              10     15     -5 (VIOLATED)
fanout831/X                              10     15     -5 (VIOLATED)
fanout851/X                              10     15     -5 (VIOLATED)
fanout858/X                              10     15     -5 (VIOLATED)
fanout883/X                              10     15     -5 (VIOLATED)
fanout890/X                              10     15     -5 (VIOLATED)
fanout894/X                              10     15     -5 (VIOLATED)
fanout903/X                              10     15     -5 (VIOLATED)
fanout905/X                              10     15     -5 (VIOLATED)
fanout908/X                              10     15     -5 (VIOLATED)
fanout920/X                              10     15     -5 (VIOLATED)
fanout926/X                              10     15     -5 (VIOLATED)
fanout932/X                              10     15     -5 (VIOLATED)
fanout980/X                              10     15     -5 (VIOLATED)
fanout982/X                              10     15     -5 (VIOLATED)
clkbuf_leaf_117_wb_clk_i/X               10     14     -4 (VIOLATED)
clkbuf_leaf_119_wb_clk_i/X               10     14     -4 (VIOLATED)
clkbuf_leaf_121_wb_clk_i/X               10     14     -4 (VIOLATED)
clkbuf_leaf_128_wb_clk_i/X               10     14     -4 (VIOLATED)
clkbuf_leaf_135_wb_clk_i/X               10     14     -4 (VIOLATED)
clkbuf_leaf_138_wb_clk_i/X               10     14     -4 (VIOLATED)
clkbuf_leaf_49_wb_clk_i/X                10     14     -4 (VIOLATED)
clkbuf_leaf_55_wb_clk_i/X                10     14     -4 (VIOLATED)
clkbuf_leaf_71_wb_clk_i/X                10     14     -4 (VIOLATED)
clkbuf_leaf_92_wb_clk_i/X                10     14     -4 (VIOLATED)
clkbuf_leaf_93_wb_clk_i/X                10     14     -4 (VIOLATED)
clkbuf_leaf_9_wb_clk_i/X                 10     14     -4 (VIOLATED)
fanout700/X                              10     14     -4 (VIOLATED)
fanout879/X                              10     14     -4 (VIOLATED)
input74/X                                10     14     -4 (VIOLATED)
_08007_/Y                                10     13     -3 (VIOLATED)
_08151_/Y                                10     13     -3 (VIOLATED)
_08396_/X                                10     13     -3 (VIOLATED)
_09317_/X                                10     13     -3 (VIOLATED)
_09495_/X                                10     13     -3 (VIOLATED)
_10562_/X                                10     13     -3 (VIOLATED)
_11312_/X                                10     13     -3 (VIOLATED)
_13763_/Y                                10     13     -3 (VIOLATED)
_16111_/Q                                10     13     -3 (VIOLATED)
_17645_/Q                                10     13     -3 (VIOLATED)
_17679_/Q                                10     13     -3 (VIOLATED)
_17684_/Q                                10     13     -3 (VIOLATED)
_17695_/Q                                10     13     -3 (VIOLATED)
_17727_/Q                                10     13     -3 (VIOLATED)
clkbuf_leaf_104_wb_clk_i/X               10     13     -3 (VIOLATED)
clkbuf_leaf_109_wb_clk_i/X               10     13     -3 (VIOLATED)
clkbuf_leaf_136_wb_clk_i/X               10     13     -3 (VIOLATED)
clkbuf_leaf_144_wb_clk_i/X               10     13     -3 (VIOLATED)
clkbuf_leaf_15_wb_clk_i/X                10     13     -3 (VIOLATED)
clkbuf_leaf_30_wb_clk_i/X                10     13     -3 (VIOLATED)
clkbuf_leaf_58_wb_clk_i/X                10     13     -3 (VIOLATED)
clkbuf_leaf_69_wb_clk_i/X                10     13     -3 (VIOLATED)
clkbuf_leaf_70_wb_clk_i/X                10     13     -3 (VIOLATED)
clkbuf_leaf_73_wb_clk_i/X                10     13     -3 (VIOLATED)
clkbuf_leaf_80_wb_clk_i/X                10     13     -3 (VIOLATED)
clkbuf_leaf_90_wb_clk_i/X                10     13     -3 (VIOLATED)
clkbuf_leaf_96_wb_clk_i/X                10     13     -3 (VIOLATED)
fanout1002/X                             10     13     -3 (VIOLATED)
fanout1008/X                             10     13     -3 (VIOLATED)
fanout1013/X                             10     13     -3 (VIOLATED)
fanout1033/X                             10     13     -3 (VIOLATED)
fanout1058/X                             10     13     -3 (VIOLATED)
fanout1065/X                             10     13     -3 (VIOLATED)
fanout1079/X                             10     13     -3 (VIOLATED)
fanout1088/X                             10     13     -3 (VIOLATED)
fanout1098/X                             10     13     -3 (VIOLATED)
fanout1118/X                             10     13     -3 (VIOLATED)
fanout1121/X                             10     13     -3 (VIOLATED)
fanout1124/X                             10     13     -3 (VIOLATED)
fanout1127/X                             10     13     -3 (VIOLATED)
fanout1141/X                             10     13     -3 (VIOLATED)
fanout1168/X                             10     13     -3 (VIOLATED)
fanout1172/X                             10     13     -3 (VIOLATED)
fanout1181/X                             10     13     -3 (VIOLATED)
fanout1185/X                             10     13     -3 (VIOLATED)
fanout1200/X                             10     13     -3 (VIOLATED)
fanout1229/X                             10     13     -3 (VIOLATED)
fanout1242/X                             10     13     -3 (VIOLATED)
fanout1269/X                             10     13     -3 (VIOLATED)
fanout1322/X                             10     13     -3 (VIOLATED)
fanout1344/X                             10     13     -3 (VIOLATED)
fanout1355/X                             10     13     -3 (VIOLATED)
fanout217/X                              10     13     -3 (VIOLATED)
fanout283/X                              10     13     -3 (VIOLATED)
fanout332/X                              10     13     -3 (VIOLATED)
fanout344/X                              10     13     -3 (VIOLATED)
fanout384/X                              10     13     -3 (VIOLATED)
fanout386/X                              10     13     -3 (VIOLATED)
fanout432/X                              10     13     -3 (VIOLATED)
fanout434/X                              10     13     -3 (VIOLATED)
fanout440/X                              10     13     -3 (VIOLATED)
fanout442/X                              10     13     -3 (VIOLATED)
fanout456/X                              10     13     -3 (VIOLATED)
fanout458/X                              10     13     -3 (VIOLATED)
fanout476/X                              10     13     -3 (VIOLATED)
fanout478/X                              10     13     -3 (VIOLATED)
fanout527/X                              10     13     -3 (VIOLATED)
fanout561/X                              10     13     -3 (VIOLATED)
fanout566/X                              10     13     -3 (VIOLATED)
fanout653/X                              10     13     -3 (VIOLATED)
fanout702/X                              10     13     -3 (VIOLATED)
fanout704/X                              10     13     -3 (VIOLATED)
fanout707/X                              10     13     -3 (VIOLATED)
fanout708/X                              10     13     -3 (VIOLATED)
fanout717/X                              10     13     -3 (VIOLATED)
fanout747/X                              10     13     -3 (VIOLATED)
fanout756/X                              10     13     -3 (VIOLATED)
fanout758/X                              10     13     -3 (VIOLATED)
fanout760/X                              10     13     -3 (VIOLATED)
fanout766/X                              10     13     -3 (VIOLATED)
fanout813/X                              10     13     -3 (VIOLATED)
fanout911/X                              10     13     -3 (VIOLATED)
fanout913/X                              10     13     -3 (VIOLATED)
fanout969/X                              10     13     -3 (VIOLATED)
fanout976/X                              10     13     -3 (VIOLATED)
fanout985/X                              10     13     -3 (VIOLATED)
fanout993/X                              10     13     -3 (VIOLATED)
clkbuf_leaf_107_wb_clk_i/X               10     12     -2 (VIOLATED)
clkbuf_leaf_129_wb_clk_i/X               10     12     -2 (VIOLATED)
clkbuf_leaf_12_wb_clk_i/X                10     12     -2 (VIOLATED)
clkbuf_leaf_133_wb_clk_i/X               10     12     -2 (VIOLATED)
clkbuf_leaf_137_wb_clk_i/X               10     12     -2 (VIOLATED)
clkbuf_leaf_146_wb_clk_i/X               10     12     -2 (VIOLATED)
clkbuf_leaf_20_wb_clk_i/X                10     12     -2 (VIOLATED)
clkbuf_leaf_22_wb_clk_i/X                10     12     -2 (VIOLATED)
clkbuf_leaf_25_wb_clk_i/X                10     12     -2 (VIOLATED)
clkbuf_leaf_39_wb_clk_i/X                10     12     -2 (VIOLATED)
clkbuf_leaf_40_wb_clk_i/X                10     12     -2 (VIOLATED)
clkbuf_leaf_57_wb_clk_i/X                10     12     -2 (VIOLATED)
clkbuf_leaf_62_wb_clk_i/X                10     12     -2 (VIOLATED)
clkbuf_leaf_63_wb_clk_i/X                10     12     -2 (VIOLATED)
clkbuf_leaf_64_wb_clk_i/X                10     12     -2 (VIOLATED)
clkbuf_leaf_67_wb_clk_i/X                10     12     -2 (VIOLATED)
clkbuf_leaf_68_wb_clk_i/X                10     12     -2 (VIOLATED)
clkbuf_leaf_7_wb_clk_i/X                 10     12     -2 (VIOLATED)
clkbuf_leaf_98_wb_clk_i/X                10     12     -2 (VIOLATED)
_07985_/Y                                10     11        (VIOLATED)
_08020_/Y                                10     11        (VIOLATED)
_08338_/X                                10     11        (VIOLATED)
_08368_/Y                                10     11        (VIOLATED)
_08426_/X                                10     11        (VIOLATED)
_08776_/X                                10     11        (VIOLATED)
_10542_/X                                10     11        (VIOLATED)
_10572_/X                                10     11        (VIOLATED)
_10584_/X                                10     11        (VIOLATED)
_13182_/X                                10     11        (VIOLATED)
_16110_/Q                                10     11        (VIOLATED)
_17639_/Q                                10     11        (VIOLATED)
_17640_/Q                                10     11        (VIOLATED)
_17641_/Q                                10     11        (VIOLATED)
_17642_/Q                                10     11        (VIOLATED)
_17643_/Q                                10     11        (VIOLATED)
clkbuf_leaf_126_wb_clk_i/X               10     11        (VIOLATED)
clkbuf_leaf_139_wb_clk_i/X               10     11        (VIOLATED)
clkbuf_leaf_13_wb_clk_i/X                10     11        (VIOLATED)
clkbuf_leaf_147_wb_clk_i/X               10     11        (VIOLATED)
clkbuf_leaf_14_wb_clk_i/X                10     11        (VIOLATED)
clkbuf_leaf_150_wb_clk_i/X               10     11        (VIOLATED)
clkbuf_leaf_21_wb_clk_i/X                10     11        (VIOLATED)
clkbuf_leaf_23_wb_clk_i/X                10     11        (VIOLATED)
clkbuf_leaf_26_wb_clk_i/X                10     11        (VIOLATED)
clkbuf_leaf_31_wb_clk_i/X                10     11        (VIOLATED)
clkbuf_leaf_35_wb_clk_i/X                10     11        (VIOLATED)
clkbuf_leaf_43_wb_clk_i/X                10     11        (VIOLATED)
clkbuf_leaf_45_wb_clk_i/X                10     11        (VIOLATED)
clkbuf_leaf_46_wb_clk_i/X                10     11        (VIOLATED)
clkbuf_leaf_48_wb_clk_i/X                10     11        (VIOLATED)
clkbuf_leaf_74_wb_clk_i/X                10     11        (VIOLATED)
fanout1014/X                             10     11        (VIOLATED)
fanout1015/X                             10     11        (VIOLATED)
fanout1031/X                             10     11        (VIOLATED)
fanout1059/X                             10     11        (VIOLATED)
fanout1076/X                             10     11        (VIOLATED)
fanout1089/X                             10     11        (VIOLATED)
fanout1096/X                             10     11        (VIOLATED)
fanout1103/X                             10     11        (VIOLATED)
fanout1113/X                             10     11        (VIOLATED)
fanout1114/X                             10     11        (VIOLATED)
fanout1134/X                             10     11        (VIOLATED)
fanout1148/X                             10     11        (VIOLATED)
fanout1151/X                             10     11        (VIOLATED)
fanout1157/X                             10     11        (VIOLATED)
fanout1160/X                             10     11        (VIOLATED)
fanout1163/X                             10     11        (VIOLATED)
fanout1207/X                             10     11        (VIOLATED)
fanout1248/X                             10     11        (VIOLATED)
fanout1303/X                             10     11        (VIOLATED)
fanout1304/X                             10     11        (VIOLATED)
fanout1332/X                             10     11        (VIOLATED)
fanout1369/X                             10     11        (VIOLATED)
fanout1429/X                             10     11        (VIOLATED)
fanout1430/X                             10     11        (VIOLATED)
fanout295/X                              10     11        (VIOLATED)
fanout326/X                              10     11        (VIOLATED)
fanout358/X                              10     11        (VIOLATED)
fanout365/X                              10     11        (VIOLATED)
fanout388/X                              10     11        (VIOLATED)
fanout396/X                              10     11        (VIOLATED)
fanout402/X                              10     11        (VIOLATED)
fanout408/X                              10     11        (VIOLATED)
fanout412/X                              10     11        (VIOLATED)
fanout416/X                              10     11        (VIOLATED)
fanout430/X                              10     11        (VIOLATED)
fanout444/X                              10     11        (VIOLATED)
fanout450/X                              10     11        (VIOLATED)
fanout454/X                              10     11        (VIOLATED)
fanout460/X                              10     11        (VIOLATED)
fanout464/X                              10     11        (VIOLATED)
fanout474/X                              10     11        (VIOLATED)
fanout482/X                              10     11        (VIOLATED)
fanout484/X                              10     11        (VIOLATED)
fanout488/X                              10     11        (VIOLATED)
fanout494/X                              10     11        (VIOLATED)
fanout502/X                              10     11        (VIOLATED)
fanout518/X                              10     11        (VIOLATED)
fanout532/X                              10     11        (VIOLATED)
fanout542/X                              10     11        (VIOLATED)
fanout545/X                              10     11        (VIOLATED)
fanout554/X                              10     11        (VIOLATED)
fanout599/X                              10     11        (VIOLATED)
fanout601/X                              10     11        (VIOLATED)
fanout605/X                              10     11        (VIOLATED)
fanout647/X                              10     11        (VIOLATED)
fanout649/X                              10     11        (VIOLATED)
fanout677/X                              10     11        (VIOLATED)
fanout732/X                              10     11        (VIOLATED)
fanout764/X                              10     11        (VIOLATED)
fanout767/X                              10     11        (VIOLATED)
fanout769/X                              10     11        (VIOLATED)
fanout771/X                              10     11        (VIOLATED)
fanout781/X                              10     11        (VIOLATED)
fanout793/X                              10     11        (VIOLATED)
fanout803/X                              10     11        (VIOLATED)
fanout808/X                              10     11        (VIOLATED)
fanout823/X                              10     11        (VIOLATED)
fanout824/X                              10     11        (VIOLATED)
fanout834/X                              10     11        (VIOLATED)
fanout841/X                              10     11        (VIOLATED)
fanout845/X                              10     11        (VIOLATED)
fanout849/X                              10     11        (VIOLATED)
fanout867/X                              10     11        (VIOLATED)
fanout868/X                              10     11        (VIOLATED)
fanout871/X                              10     11        (VIOLATED)
fanout873/X                              10     11        (VIOLATED)
fanout881/X                              10     11        (VIOLATED)
fanout885/X                              10     11        (VIOLATED)
fanout888/X                              10     11        (VIOLATED)
fanout892/X                              10     11        (VIOLATED)
fanout895/X                              10     11        (VIOLATED)
fanout899/X                              10     11        (VIOLATED)
fanout923/X                              10     11        (VIOLATED)
fanout928/X                              10     11        (VIOLATED)
fanout930/X                              10     11        (VIOLATED)
fanout933/X                              10     11        (VIOLATED)
fanout937/X                              10     11        (VIOLATED)
fanout938/X                              10     11        (VIOLATED)
fanout950/X                              10     11        (VIOLATED)
fanout953/X                              10     11        (VIOLATED)
fanout964/X                              10     11        (VIOLATED)
fanout973/X                              10     11        (VIOLATED)
fanout995/X                              10     11        (VIOLATED)

max capacitance

Pin                                        Limit         Cap       Slack
------------------------------------------------------------------------
fanout670/X                             0.200000    0.244030   -0.044030 (VIOLATED)
fanout944/X                             0.200000    0.241745   -0.041745 (VIOLATED)
clkbuf_0_wb_clk_i/X                     0.200000    0.234959   -0.034959 (VIOLATED)
fanout679/X                             0.200000    0.227369   -0.027369 (VIOLATED)
fanout438/X                             0.200000    0.225064   -0.025064 (VIOLATED)
fanout399/X                             0.200000    0.222852   -0.022852 (VIOLATED)
fanout671/X                             0.200000    0.219283   -0.019283 (VIOLATED)
fanout699/X                             0.200000    0.217736   -0.017736 (VIOLATED)
fanout693/X                             0.200000    0.217336   -0.017336 (VIOLATED)
fanout650/X                             0.200000    0.216127   -0.016127 (VIOLATED)
fanout749/X                             0.200000    0.214552   -0.014552 (VIOLATED)
fanout787/X                             0.200000    0.214417   -0.014417 (VIOLATED)
fanout680/X                             0.200000    0.213761   -0.013761 (VIOLATED)
fanout970/X                             0.200000    0.212515   -0.012515 (VIOLATED)
fanout463/X                             0.200000    0.212098   -0.012098 (VIOLATED)
fanout683/X                             0.200000    0.211007   -0.011007 (VIOLATED)
fanout807/X                             0.200000    0.210476   -0.010476 (VIOLATED)
fanout955/X                             0.200000    0.208850   -0.008850 (VIOLATED)
fanout658/X                             0.200000    0.208669   -0.008669 (VIOLATED)
fanout977/X                             0.200000    0.208271   -0.008271 (VIOLATED)
fanout652/X                             0.200000    0.207866   -0.007866 (VIOLATED)
fanout664/X                             0.200000    0.207494   -0.007494 (VIOLATED)
fanout686/X                             0.200000    0.205171   -0.005171 (VIOLATED)
fanout498/X                             0.200000    0.203432   -0.003432 (VIOLATED)
fanout736/X                             0.200000    0.202228   -0.002228 (VIOLATED)
fanout661/X                             0.200000    0.201768   -0.001768 (VIOLATED)
fanout394/X                             0.200000    0.201724   -0.001724 (VIOLATED)
fanout698/X                             0.200000    0.201241   -0.001241 (VIOLATED)
fanout818/X                             0.200000    0.201229   -0.001229 (VIOLATED)
fanout957/X                             0.200000    0.201053   -0.001053 (VIOLATED)



===========================================================================
report_parasitic_annotation -report_unannotated
============================================================================
Found 387 unannotated drivers.
 gpio_in[0]
 gpio_in[10]
 gpio_in[11]
 gpio_in[12]
 gpio_in[13]
 gpio_in[14]
 gpio_in[15]
 gpio_in[1]
 gpio_in[20]
 gpio_in[21]
 gpio_in[22]
 gpio_in[23]
 gpio_in[24]
 gpio_in[25]
 gpio_in[26]
 gpio_in[27]
 gpio_in[28]
 gpio_in[29]
 gpio_in[2]
 gpio_in[30]
 gpio_in[31]
 gpio_in[32]
 gpio_in[33]
 gpio_in[34]
 gpio_in[35]
 gpio_in[36]
 gpio_in[37]
 gpio_in[3]
 gpio_in[4]
 gpio_in[5]
 gpio_in[6]
 gpio_in[7]
 gpio_in[8]
 gpio_in[9]
 la_data_in[0]
 la_data_in[10]
 la_data_in[11]
 la_data_in[12]
 la_data_in[13]
 la_data_in[14]
 la_data_in[15]
 la_data_in[16]
 la_data_in[17]
 la_data_in[18]
 la_data_in[19]
 la_data_in[1]
 la_data_in[20]
 la_data_in[21]
 la_data_in[22]
 la_data_in[23]
 la_data_in[24]
 la_data_in[25]
 la_data_in[26]
 la_data_in[27]
 la_data_in[28]
 la_data_in[29]
 la_data_in[2]
 la_data_in[30]
 la_data_in[31]
 la_data_in[3]
 la_data_in[4]
 la_data_in[5]
 la_data_in[6]
 la_data_in[7]
 la_data_in[8]
 la_data_in[9]
 la_oenb[0]
 la_oenb[10]
 la_oenb[11]
 la_oenb[12]
 la_oenb[13]
 la_oenb[14]
 la_oenb[15]
 la_oenb[16]
 la_oenb[17]
 la_oenb[18]
 la_oenb[19]
 la_oenb[1]
 la_oenb[20]
 la_oenb[21]
 la_oenb[22]
 la_oenb[23]
 la_oenb[24]
 la_oenb[25]
 la_oenb[26]
 la_oenb[27]
 la_oenb[28]
 la_oenb[29]
 la_oenb[2]
 la_oenb[30]
 la_oenb[31]
 la_oenb[3]
 la_oenb[4]
 la_oenb[5]
 la_oenb[6]
 la_oenb[7]
 la_oenb[8]
 la_oenb[9]
 wbs_dat_i[10]
 wbs_dat_i[11]
 wbs_dat_i[12]
 wbs_dat_i[13]
 wbs_dat_i[14]
 wbs_dat_i[15]
 wbs_dat_i[16]
 wbs_dat_i[17]
 wbs_dat_i[18]
 wbs_dat_i[19]
 wbs_dat_i[1]
 wbs_dat_i[20]
 wbs_dat_i[21]
 wbs_dat_i[22]
 wbs_dat_i[23]
 wbs_dat_i[24]
 wbs_dat_i[25]
 wbs_dat_i[26]
 wbs_dat_i[27]
 wbs_dat_i[28]
 wbs_dat_i[29]
 wbs_dat_i[2]
 wbs_dat_i[30]
 wbs_dat_i[31]
 wbs_dat_i[3]
 wbs_dat_i[4]
 wbs_dat_i[5]
 wbs_dat_i[6]
 wbs_dat_i[7]
 wbs_dat_i[8]
 wbs_dat_i[9]
 wbs_sel_i[0]
 wbs_sel_i[1]
 wbs_sel_i[2]
 wbs_sel_i[3]
 _17891__1513/LO
 _17892__1514/LO
 _17893__1515/LO
 _17894__1516/LO
 _17895__1517/LO
 _17896__1431/HI
 _17897__1432/HI
 _17898__1433/HI
 _17899__1434/HI
 _17900__1435/HI
 _17901__1436/HI
 _17902__1437/HI
 _17903__1438/HI
 _17904__1439/HI
 _17905__1440/HI
 _17906__1441/HI
 _17907__1518/LO
 _17908__1519/LO
 _17909__1520/LO
 _17910__1521/LO
 _17911__1442/HI
 _17912__1443/HI
 _17913__1444/HI
 _17914__1445/HI
 _17915__1522/LO
 _17916__1523/LO
 _17917__1524/LO
 _17918__1525/LO
 _17919__1526/LO
 _17920__1527/LO
 _17921__1528/LO
 _17922__1529/LO
 _17923__1530/LO
 _17924__1531/LO
 _17925__1532/LO
 _17926__1533/LO
 _17927__1534/LO
 _17928__1535/LO
 _17929__1446/HI
 _17930__1447/HI
 _17931__1448/HI
 _17932__1449/HI
 _17933__1450/HI
 _17936__1451/HI
 _17937__1452/HI
 _17938__1453/HI
 _17939__1454/HI
 _17940__1455/HI
 _17941__1456/HI
 _17942__1457/HI
 _17943__1458/HI
 _17944__1459/HI
 _17945__1460/HI
 _17946__1461/HI
 _17947__1462/HI
 _17948__1463/HI
 _17949__1464/HI
 _17950__1465/HI
 _17951__1466/HI
 _17952__1467/HI
 _17953__1468/HI
 _17954__1469/HI
 _17955__1470/HI
 _17956__1471/HI
 _17957__1472/HI
 _17958__1473/HI
 _17959__1474/HI
 _17960__1475/HI
 _17961__1476/HI
 _17962__1477/HI
 _17963__1478/HI
 _17964__1479/HI
 _17965__1480/HI
 _17966__1481/HI
 _17967__1482/HI
 _17968__1483/HI
 _17969__1484/HI
 _17970__1485/HI
 _17971__1486/HI
 _17972__1487/HI
 _17973__1488/HI
 _17974__1489/HI
 _17975__1490/HI
 _17976__1491/HI
 _17977__1492/HI
 _17978__1493/HI
 _17979__1494/HI
 _17980__1495/HI
 _17981__1496/HI
 _17982__1497/HI
 _17983__1498/HI
 _17984__1499/HI
 _17985__1500/HI
 _17986__1501/HI
 _17987__1502/HI
 _17988__1503/HI
 _17989__1504/HI
 _17993__1505/HI
 _17997__1506/HI
 _18003__1507/HI
 _18006__1508/HI
 _18009__1509/HI
 _18011__1510/HI
 _18013__1511/HI
 _18018__1512/HI
 clkload0/Y
 clkload1/Y
 clkload10/Y
 clkload100/Y
 clkload101/Y
 clkload102/X
 clkload103/Y
 clkload104/Y
 clkload105/Y
 clkload106/Y
 clkload107/Y
 clkload108/Y
 clkload109/Y
 clkload11/Y
 clkload110/Y
 clkload111/Y
 clkload112/Y
 clkload113/Y
 clkload114/Y
 clkload115/Y
 clkload116/X
 clkload117/Y
 clkload118/Y
 clkload119/X
 clkload12/Y
 clkload120/Y
 clkload121/Y
 clkload122/Y
 clkload123/Y
 clkload124/Y
 clkload125/Y
 clkload126/Y
 clkload127/Y
 clkload128/Y
 clkload129/X
 clkload13/Y
 clkload130/Y
 clkload131/Y
 clkload132/X
 clkload133/Y
 clkload134/Y
 clkload135/Y
 clkload136/X
 clkload137/Y
 clkload138/X
 clkload139/Y
 clkload14/X
 clkload140/Y
 clkload141/Y
 clkload142/Y
 clkload143/X
 clkload144/Y
 clkload145/X
 clkload146/Y
 clkload147/Y
 clkload148/Y
 clkload15/Y
 clkload16/Y
 clkload17/Y
 clkload18/Y
 clkload19/Y
 clkload2/Y
 clkload20/Y
 clkload21/Y
 clkload22/Y
 clkload23/X
 clkload24/Y
 clkload25/Y
 clkload26/Y
 clkload27/Y
 clkload28/Y
 clkload29/Y
 clkload3/Y
 clkload30/Y
 clkload31/Y
 clkload32/Y
 clkload33/Y
 clkload34/Y
 clkload35/Y
 clkload36/Y
 clkload37/Y
 clkload38/Y
 clkload39/Y
 clkload4/Y
 clkload40/Y
 clkload41/Y
 clkload42/Y
 clkload43/X
 clkload44/Y
 clkload45/Y
 clkload46/Y
 clkload47/Y
 clkload48/Y
 clkload49/Y
 clkload5/Y
 clkload50/Y
 clkload51/Y
 clkload52/Y
 clkload53/Y
 clkload54/Y
 clkload55/Y
 clkload56/Y
 clkload57/Y
 clkload58/Y
 clkload59/Y
 clkload6/Y
 clkload60/Y
 clkload61/Y
 clkload62/Y
 clkload63/Y
 clkload64/Y
 clkload65/Y
 clkload66/Y
 clkload67/X
 clkload68/Y
 clkload69/Y
 clkload7/Y
 clkload70/Y
 clkload71/Y
 clkload72/Y
 clkload73/Y
 clkload74/Y
 clkload75/Y
 clkload76/Y
 clkload77/Y
 clkload78/Y
 clkload79/Y
 clkload8/Y
 clkload80/Y
 clkload81/Y
 clkload82/Y
 clkload83/Y
 clkload84/X
 clkload85/Y
 clkload86/Y
 clkload87/Y
 clkload88/Y
 clkload89/X
 clkload9/Y
 clkload90/Y
 clkload91/Y
 clkload92/Y
 clkload93/Y
 clkload94/Y
 clkload95/Y
 clkload96/Y
 clkload97/Y
 clkload98/Y
 clkload99/Y
Found 0 partially unannotated drivers.

===========================================================================
max slew violation count 4
max fanout violation count 940
max cap violation count 30
============================================================================

===========================================================================
check_setup -verbose -unconstrained_endpoints -multiple_clock -no_clock -no_input_delay -loops -generated_clocks
===========================================================================
Warning: There are 105 unconstrained endpoints.
  gpio_oeb[0]
  gpio_oeb[10]
  gpio_oeb[11]
  gpio_oeb[12]
  gpio_oeb[13]
  gpio_oeb[14]
  gpio_oeb[15]
  gpio_oeb[16]
  gpio_oeb[17]
  gpio_oeb[18]
  gpio_oeb[19]
  gpio_oeb[1]
  gpio_oeb[20]
  gpio_oeb[21]
  gpio_oeb[22]
  gpio_oeb[23]
  gpio_oeb[24]
  gpio_oeb[25]
  gpio_oeb[26]
  gpio_oeb[27]
  gpio_oeb[28]
  gpio_oeb[29]
  gpio_oeb[2]
  gpio_oeb[30]
  gpio_oeb[31]
  gpio_oeb[32]
  gpio_oeb[33]
  gpio_oeb[34]
  gpio_oeb[35]
  gpio_oeb[36]
  gpio_oeb[37]
  gpio_oeb[3]
  gpio_oeb[4]
  gpio_oeb[5]
  gpio_oeb[6]
  gpio_oeb[7]
  gpio_oeb[8]
  gpio_oeb[9]
  gpio_out[0]
  gpio_out[16]
  gpio_out[17]
  gpio_out[18]
  gpio_out[19]
  gpio_out[1]
  gpio_out[24]
  gpio_out[25]
  gpio_out[26]
  gpio_out[27]
  gpio_out[28]
  gpio_out[29]
  gpio_out[2]
  gpio_out[30]
  gpio_out[31]
  gpio_out[32]
  gpio_out[33]
  gpio_out[34]
  gpio_out[35]
  gpio_out[36]
  gpio_out[37]
  gpio_out[3]
  gpio_out[4]
  gpio_out[7]
  irq[0]
  irq[1]
  irq[2]
  la_data_out[0]
  la_data_out[10]
  la_data_out[11]
  la_data_out[12]
  la_data_out[13]
  la_data_out[14]
  la_data_out[15]
  la_data_out[16]
  la_data_out[17]
  la_data_out[18]
  la_data_out[19]
  la_data_out[1]
  la_data_out[20]
  la_data_out[21]
  la_data_out[22]
  la_data_out[23]
  la_data_out[24]
  la_data_out[25]
  la_data_out[26]
  la_data_out[27]
  la_data_out[28]
  la_data_out[29]
  la_data_out[2]
  la_data_out[30]
  la_data_out[31]
  la_data_out[3]
  la_data_out[4]
  la_data_out[5]
  la_data_out[6]
  la_data_out[7]
  la_data_out[8]
  la_data_out[9]
  wbs_dat_o[14]
  wbs_dat_o[17]
  wbs_dat_o[20]
  wbs_dat_o[22]
  wbs_dat_o[24]
  wbs_dat_o[29]
  wbs_dat_o[4]
  wbs_dat_o[8]
