
===========================================================================
 report_power
============================================================================
======================= nom_ff_n40C_1v95 Corner ===================================

Group                    Internal    Switching      Leakage        Total
                            Power        Power        Power        Power (Watts)
------------------------------------------------------------------------
Sequential           3.970998e-04 6.136570e-07 1.550979e-08 3.977290e-04  52.9%
Combinational        1.920210e-06 2.597911e-06 5.242833e-08 4.570550e-06   0.6%
Clock                1.405280e-04 2.093240e-04 2.450642e-08 3.498765e-04  46.5%
Macro                0.000000e+00 0.000000e+00 0.000000e+00 0.000000e+00   0.0%
Pad                  0.000000e+00 0.000000e+00 0.000000e+00 0.000000e+00   0.0%
------------------------------------------------------------------------
Total                5.395482e-04 2.125355e-04 9.244357e-08 7.521762e-04 100.0%
                            71.7%        28.3%         0.0%

