
===========================================================================
 report_power
============================================================================
======================= max_ff_n40C_1v95 Corner ===================================

Group                    Internal    Switching      Leakage        Total
                            Power        Power        Power        Power (Watts)
------------------------------------------------------------------------
Sequential           2.251139e-04 1.350592e-05 8.481030e-09 2.386283e-04  38.8%
Combinational        5.758735e-05 1.040498e-04 3.775429e-08 1.616749e-04  26.3%
Clock                9.004675e-05 1.240194e-04 1.907775e-08 2.140853e-04  34.8%
Macro                0.000000e+00 0.000000e+00 0.000000e+00 0.000000e+00   0.0%
Pad                  0.000000e+00 0.000000e+00 0.000000e+00 0.000000e+00   0.0%
------------------------------------------------------------------------
Total                3.727479e-04 2.415752e-04 6.531298e-08 6.143884e-04 100.0%
                            60.7%        39.3%         0.0%

