
===========================================================================
 report_power
============================================================================
======================= min_ff_n40C_1v95 Corner ===================================

Group                    Internal    Switching      Leakage        Total
                            Power        Power        Power        Power (Watts)
------------------------------------------------------------------------
Sequential           6.952987e-04 1.211418e-05 2.541821e-08 7.074383e-04  52.1%
Combinational        3.483700e-05 6.124168e-05 9.384556e-08 9.617252e-05   7.1%
Clock                2.307981e-04 3.221998e-04 2.589349e-08 5.530238e-04  40.8%
Macro                0.000000e+00 0.000000e+00 0.000000e+00 0.000000e+00   0.0%
Pad                  0.000000e+00 0.000000e+00 0.000000e+00 0.000000e+00   0.0%
------------------------------------------------------------------------
Total                9.609336e-04 3.955555e-04 1.451660e-07 1.356634e-03 100.0%
                            70.8%        29.2%         0.0%

