
===========================================================================
 report_power
============================================================================
======================= nom_ff_n40C_1v95 Corner ===================================

Group                    Internal    Switching      Leakage        Total
                            Power        Power        Power        Power (Watts)
------------------------------------------------------------------------
Sequential           9.018451e-04 6.270179e-06 3.377860e-08 9.081490e-04  59.3%
Combinational        2.127281e-05 5.038186e-05 1.171999e-07 7.177188e-05   4.7%
Clock                1.865877e-04 3.661325e-04 3.846443e-08 5.527587e-04  36.1%
Macro                0.000000e+00 0.000000e+00 0.000000e+00 0.000000e+00   0.0%
Pad                  0.000000e+00 0.000000e+00 0.000000e+00 0.000000e+00   0.0%
------------------------------------------------------------------------
Total                1.109703e-03 4.227844e-04 1.894553e-07 1.532677e-03 100.0%
                            72.4%        27.6%         0.0%

