┏━━━━━━━━━━━━━━━━━━━━━━┳━━━━━━━━━━┳━━━━━━━━━━┳━━━━━━━━━━┳━━━━━━━━━━┳━━━━━━━━━━━┳━━━━━━━━━━┳━━━━━━━━━━━┳━━━━━━━━━━┳━━━━━━━━━━━┳━━━━━━━━━━┳━━━━━━━━━━━┳━━━━━━━━━━┓
┃                      ┃ Hold     ┃ Reg to   ┃          ┃          ┃ of which  ┃ Setup    ┃           ┃          ┃           ┃ of which ┃           ┃          ┃
┃                      ┃ Worst    ┃ Reg      ┃          ┃ Hold Vio ┃ reg to    ┃ Worst    ┃ Reg to    ┃ Setup    ┃ Setup Vio ┃ reg to   ┃ Max Cap   ┃ Max Slew ┃
┃ Corner/Group         ┃ Slack    ┃ Paths    ┃ Hold TNS ┃ Count    ┃ reg       ┃ Slack    ┃ Reg Paths ┃ TNS      ┃ Count     ┃ reg      ┃ Violatio… ┃ Violati… ┃
┡━━━━━━━━━━━━━━━━━━━━━━╇━━━━━━━━━━╇━━━━━━━━━━╇━━━━━━━━━━╇━━━━━━━━━━╇━━━━━━━━━━━╇━━━━━━━━━━╇━━━━━━━━━━━╇━━━━━━━━━━╇━━━━━━━━━━━╇━━━━━━━━━━╇━━━━━━━━━━━╇━━━━━━━━━━┩
│ Overall              │ 0.0793   │ 0.0793   │ 0.0000   │ 0        │ 0         │ 53.6170  │ 82.1382   │ 0.0000   │ 0         │ 0        │ 12        │ 1065     │
│ nom_tt_025C_1v80     │ 0.2567   │ 0.2567   │ 0.0000   │ 0        │ 0         │ 56.7749  │ 90.7142   │ 0.0000   │ 0         │ 0        │ 7         │ 14       │
│ nom_ss_100C_1v60     │ 0.7817   │ 0.7817   │ 0.0000   │ 0        │ 0         │ 53.6864  │ 82.7132   │ 0.0000   │ 0         │ 0        │ 7         │ 881      │
│ nom_ff_n40C_1v95     │ 0.0798   │ 0.0798   │ 0.0000   │ 0        │ 0         │ 57.8841  │ 93.8540   │ 0.0000   │ 0         │ 0        │ 7         │ 0        │
│ min_tt_025C_1v80     │ 0.2574   │ 0.2574   │ 0.0000   │ 0        │ 0         │ 56.8166  │ 91.0611   │ 0.0000   │ 0         │ 0        │ 3         │ 7        │
│ min_ss_100C_1v60     │ 0.7830   │ 0.7830   │ 0.0000   │ 0        │ 0         │ 53.7716  │ 83.3407   │ 0.0000   │ 0         │ 0        │ 3         │ 714      │
│ min_ff_n40C_1v95     │ 0.0803   │ 0.0803   │ 0.0000   │ 0        │ 0         │ 57.9143  │ 94.0851   │ 0.0000   │ 0         │ 0        │ 2         │ 0        │
│ max_tt_025C_1v80     │ 0.2558   │ 0.2558   │ 0.0000   │ 0        │ 0         │ 56.7516  │ 90.3899   │ 0.0000   │ 0         │ 0        │ 10        │ 75       │
│ max_ss_100C_1v60     │ 0.7819   │ 0.7819   │ 0.0000   │ 0        │ 0         │ 53.6170  │ 82.1382   │ 0.0000   │ 0         │ 0        │ 12        │ 1065     │
│ max_ff_n40C_1v95     │ 0.0793   │ 0.0793   │ 0.0000   │ 0        │ 0         │ 57.8676  │ 93.6344   │ 0.0000   │ 0         │ 0        │ 10        │ 0        │
└──────────────────────┴──────────┴──────────┴──────────┴──────────┴───────────┴──────────┴───────────┴──────────┴───────────┴──────────┴───────────┴──────────┘
