
===========================================================================
 report_power
============================================================================
======================= min_tt_025C_1v80 Corner ===================================

Group                    Internal    Switching      Leakage        Total
                            Power        Power        Power        Power (Watts)
------------------------------------------------------------------------
Sequential           1.075052e-04 1.281520e-05 2.975720e-09 1.203234e-04  56.6%
Combinational        2.067122e-05 6.564757e-06 4.922094e-09 2.724091e-05  12.8%
Clock                3.003751e-05 3.480564e-05 5.359780e-09 6.484851e-05  30.5%
Macro                0.000000e+00 0.000000e+00 0.000000e+00 0.000000e+00   0.0%
Pad                  0.000000e+00 0.000000e+00 0.000000e+00 0.000000e+00   0.0%
------------------------------------------------------------------------
Total                1.582141e-04 5.418560e-05 1.325760e-08 2.124130e-04 100.0%
                            74.5%        25.5%         0.0%

