
===========================================================================
 report_power
============================================================================
======================= min_ss_100C_1v60 Corner ===================================

Group                    Internal    Switching      Leakage        Total
                            Power        Power        Power        Power (Watts)
------------------------------------------------------------------------
Sequential           1.514572e-04 1.085084e-05 8.140388e-06 1.704484e-04   8.5%
Combinational        8.312361e-04 8.896563e-04 2.082979e-05 1.741722e-03  86.5%
Clock                3.194472e-05 6.801244e-05 5.585736e-07 1.005157e-04   5.0%
Macro                0.000000e+00 0.000000e+00 0.000000e+00 0.000000e+00   0.0%
Pad                  0.000000e+00 0.000000e+00 0.000000e+00 0.000000e+00   0.0%
------------------------------------------------------------------------
Total                1.014637e-03 9.685194e-04 2.952862e-05 2.012685e-03 100.0%
                            50.4%        48.1%         1.5%

