
===========================================================================
 report_power
============================================================================
======================= min_ff_n40C_1v95 Corner ===================================

Group                    Internal    Switching      Leakage        Total
                            Power        Power        Power        Power (Watts)
------------------------------------------------------------------------
Sequential           9.004289e-04 5.146863e-06 3.379766e-08 9.056095e-04  50.5%
Combinational        1.999496e-05 4.665288e-05 1.197577e-07 6.676758e-05   3.7%
Clock                4.047245e-04 4.175366e-04 3.254755e-08 8.222936e-04  45.8%
Macro                0.000000e+00 0.000000e+00 0.000000e+00 0.000000e+00   0.0%
Pad                  0.000000e+00 0.000000e+00 0.000000e+00 0.000000e+00   0.0%
------------------------------------------------------------------------
Total                1.325147e-03 4.693360e-04 1.861215e-07 1.794669e-03 100.0%
                            73.8%        26.2%         0.0%

