┏━━━━━━━━━━━━━━━━━━━━━━┳━━━━━━━━━━┳━━━━━━━━━━┳━━━━━━━━━━┳━━━━━━━━━━┳━━━━━━━━━━━┳━━━━━━━━━━┳━━━━━━━━━━━┳━━━━━━━━━━┳━━━━━━━━━━━┳━━━━━━━━━━┳━━━━━━━━━━━┳━━━━━━━━━━┓
┃                      ┃ Hold     ┃ Reg to   ┃          ┃          ┃ of which  ┃ Setup    ┃           ┃          ┃           ┃ of which ┃           ┃          ┃
┃                      ┃ Worst    ┃ Reg      ┃          ┃ Hold Vio ┃ reg to    ┃ Worst    ┃ Reg to    ┃ Setup    ┃ Setup Vio ┃ reg to   ┃ Max Cap   ┃ Max Slew ┃
┃ Corner/Group         ┃ Slack    ┃ Paths    ┃ Hold TNS ┃ Count    ┃ reg       ┃ Slack    ┃ Reg Paths ┃ TNS      ┃ Count     ┃ reg      ┃ Violatio… ┃ Violati… ┃
┡━━━━━━━━━━━━━━━━━━━━━━╇━━━━━━━━━━╇━━━━━━━━━━╇━━━━━━━━━━╇━━━━━━━━━━╇━━━━━━━━━━━╇━━━━━━━━━━╇━━━━━━━━━━━╇━━━━━━━━━━╇━━━━━━━━━━━╇━━━━━━━━━━╇━━━━━━━━━━━╇━━━━━━━━━━┩
│ Overall              │ 0.0892   │ 0.0892   │ 0.0000   │ 0        │ 0         │ 53.6085  │ 77.3528   │ 0.0000   │ 0         │ 0        │ 1         │ 0        │
│ nom_tt_025C_1v80     │ 0.2807   │ 0.2807   │ 0.0000   │ 0        │ 0         │ 56.8253  │ 89.0407   │ 0.0000   │ 0         │ 0        │ 1         │ 0        │
│ nom_ss_100C_1v60     │ 0.8261   │ 0.8261   │ 0.0000   │ 0        │ 0         │ 53.6820  │ 77.5630   │ 0.0000   │ 0         │ 0        │ 1         │ 0        │
│ nom_ff_n40C_1v95     │ 0.0899   │ 0.0899   │ 0.0000   │ 0        │ 0         │ 57.9467  │ 93.1066   │ 0.0000   │ 0         │ 0        │ 1         │ 0        │
│ min_tt_025C_1v80     │ 0.2798   │ 0.2798   │ 0.0000   │ 0        │ 0         │ 56.8801  │ 89.1796   │ 0.0000   │ 0         │ 0        │ 1         │ 0        │
│ min_ss_100C_1v60     │ 0.8178   │ 0.8178   │ 0.0000   │ 0        │ 0         │ 53.7718  │ 77.7726   │ 0.0000   │ 0         │ 0        │ 1         │ 0        │
│ min_ff_n40C_1v95     │ 0.0892   │ 0.0892   │ 0.0000   │ 0        │ 0         │ 57.9843  │ 93.1900   │ 0.0000   │ 0         │ 0        │ 1         │ 0        │
│ max_tt_025C_1v80     │ 0.2822   │ 0.2822   │ 0.0000   │ 0        │ 0         │ 56.7828  │ 88.9001   │ 0.0000   │ 0         │ 0        │ 1         │ 0        │
│ max_ss_100C_1v60     │ 0.8292   │ 0.8292   │ 0.0000   │ 0        │ 0         │ 53.6085  │ 77.3528   │ 0.0000   │ 0         │ 0        │ 1         │ 0        │
│ max_ff_n40C_1v95     │ 0.0910   │ 0.0910   │ 0.0000   │ 0        │ 0         │ 57.9153  │ 93.0260   │ 0.0000   │ 0         │ 0        │ 1         │ 0        │
└──────────────────────┴──────────┴──────────┴──────────┴──────────┴───────────┴──────────┴───────────┴──────────┴───────────┴──────────┴───────────┴──────────┘
