
===========================================================================
 report_power
============================================================================
======================= min_tt_025C_1v80 Corner ===================================

Group                    Internal    Switching      Leakage        Total
                            Power        Power        Power        Power (Watts)
------------------------------------------------------------------------
Sequential           8.478571e-04 1.843528e-05 2.661067e-08 8.663190e-04  27.9%
Combinational        5.018238e-04 1.129402e-03 5.258032e-08 1.631278e-03  52.5%
Clock                2.175127e-04 3.910832e-04 1.961657e-08 6.086155e-04  19.6%
Macro                0.000000e+00 0.000000e+00 0.000000e+00 0.000000e+00   0.0%
Pad                  0.000000e+00 0.000000e+00 0.000000e+00 0.000000e+00   0.0%
------------------------------------------------------------------------
Total                1.567188e-03 1.538921e-03 9.880169e-08 3.106208e-03 100.0%
                            50.5%        49.5%         0.0%

