┏━━━━━━━━━━━━━━━━━━━━━━┳━━━━━━━━━━┳━━━━━━━━━━┳━━━━━━━━━━┳━━━━━━━━━━┳━━━━━━━━━━━┳━━━━━━━━━━┳━━━━━━━━━━━┳━━━━━━━━━━┳━━━━━━
┃                      ┃ Hold     ┃ Reg to   ┃          ┃          ┃ of which  ┃ Setup    ┃           ┃          ┃      
┃                      ┃ Worst    ┃ Reg      ┃          ┃ Hold Vio ┃ reg to    ┃ Worst    ┃ Reg to    ┃ Setup    ┃ Setup
┃ Corner/Group         ┃ Slack    ┃ Paths    ┃ Hold TNS ┃ Count    ┃ reg       ┃ Slack    ┃ Reg Paths ┃ TNS      ┃ Count
┡━━━━━━━━━━━━━━━━━━━━━━╇━━━━━━━━━━╇━━━━━━━━━━╇━━━━━━━━━━╇━━━━━━━━━━╇━━━━━━━━━━━╇━━━━━━━━━━╇━━━━━━━━━━━╇━━━━━━━━━━╇━━━━━━
│ Overall              │ 0.1786   │ 0.2844   │ 0.0000   │ 0        │ 0         │ 11.8130  │ 23.3655   │ 0.0000   │ 0    
│ nom_tt_025C_1v80     │ 0.3413   │ 0.5027   │ 0.0000   │ 0        │ 0         │ 12.0399  │ 24.1675   │ 0.0000   │ 0    
│ nom_ss_100C_1v60     │ 0.2437   │ N/A      │ 0.0000   │ 0        │ 0         │ 12.4796  │ 23.3748   │ 0.0000   │ 0    
│ nom_ff_n40C_1v95     │ 0.1786   │ 0.2869   │ 0.0000   │ 0        │ 0         │ 11.8203  │ 24.4336   │ 0.0000   │ 0    
│ min_tt_025C_1v80     │ 0.3409   │ 0.4991   │ 0.0000   │ 0        │ 0         │ 12.0306  │ 24.1716   │ 0.0000   │ 0    
│ min_ss_100C_1v60     │ 0.2380   │ N/A      │ 0.0000   │ 0        │ 0         │ 12.4685  │ 23.3827   │ 0.0000   │ 0    
│ min_ff_n40C_1v95     │ 0.1826   │ 0.2844   │ 0.0000   │ 0        │ 0         │ 11.8130  │ 24.4365   │ 0.0000   │ 0    
│ max_tt_025C_1v80     │ 0.3357   │ 0.5066   │ 0.0000   │ 0        │ 0         │ 12.0502  │ 24.1628   │ 0.0000   │ 0    
│ max_ss_100C_1v60     │ 0.2400   │ N/A      │ 0.0000   │ 0        │ 0         │ 12.4905  │ 23.3655   │ 0.0000   │ 0    
│ max_ff_n40C_1v95     │ 0.1801   │ 0.2898   │ 0.0000   │ 0        │ 0         │ 11.8287  │ 24.4300   │ 0.0000   │ 0    
└──────────────────────┴──────────┴──────────┴──────────┴──────────┴───────────┴──────────┴───────────┴──────────┴──────
