
===========================================================================
 report_power
============================================================================
======================= min_tt_025C_1v80 Corner ===================================

Group                    Internal    Switching      Leakage        Total
                            Power        Power        Power        Power (Watts)
------------------------------------------------------------------------
Sequential           3.416804e-04 5.422411e-07 9.801500e-09 3.422324e-04  62.9%
Combinational        1.555080e-06 2.026705e-06 2.587008e-08 3.607655e-06   0.7%
Clock                7.937146e-05 1.187014e-04 2.201086e-08 1.980949e-04  36.4%
Macro                0.000000e+00 0.000000e+00 0.000000e+00 0.000000e+00   0.0%
Pad                  0.000000e+00 0.000000e+00 0.000000e+00 0.000000e+00   0.0%
------------------------------------------------------------------------
Total                4.226071e-04 1.212704e-04 5.768201e-08 5.439352e-04 100.0%
                            77.7%        22.3%         0.0%

