
===========================================================================
report_checks -unconstrained
===========================================================================
======================= min_tt_025C_1v80 Corner ===================================

Startpoint: wb_rst_i (input port clocked by wb_clk_i)
Endpoint: _1664_ (recovery check against rising-edge clock wb_clk_i)
Path Group: asynchronous
Path Type: max

Fanout         Cap        Slew       Delay        Time   Description
---------------------------------------------------------------------------------------------
                                  0.000000    0.000000   clock wb_clk_i (rise edge)
                                  0.000000    0.000000   clock network delay (propagated)
                                 20.000000   20.000000 v input external delay
     2    0.003665    0.010639    0.005873   20.005873 v wb_rst_i (in)
                                                         wb_rst_i (net)
                      0.010639    0.000000   20.005873 v input5/A (sky130_fd_sc_hd__clkbuf_1)
     1    0.005403    0.040057    0.085265   20.091139 v input5/X (sky130_fd_sc_hd__clkbuf_1)
                                                         net5 (net)
                      0.040057    0.000068   20.091206 v fanout224/A (sky130_fd_sc_hd__buf_6)
    18    0.120766    0.109920    0.173941   20.265146 v fanout224/X (sky130_fd_sc_hd__buf_6)
                                                         net224 (net)
                      0.109921    0.000203   20.265348 v fanout223/A (sky130_fd_sc_hd__buf_2)
    10    0.044670    0.108778    0.226018   20.491367 v fanout223/X (sky130_fd_sc_hd__buf_2)
                                                         net223 (net)
                      0.108778    0.000101   20.491468 v fanout222/A (sky130_fd_sc_hd__buf_4)
    14    0.065324    0.091051    0.224949   20.716417 v fanout222/X (sky130_fd_sc_hd__buf_4)
                                                         net222 (net)
                      0.092101    0.007777   20.724194 v fanout221/A (sky130_fd_sc_hd__buf_4)
    20    0.077579    0.103455    0.230440   20.954634 v fanout221/X (sky130_fd_sc_hd__buf_4)
                                                         net221 (net)
                      0.103579    0.003224   20.957859 v _1609_/A (sky130_fd_sc_hd__inv_2)
     1    0.003787    0.037624    0.064967   21.022825 ^ _1609_/Y (sky130_fd_sc_hd__inv_2)
                                                         _0021_ (net)
                      0.037624    0.000027   21.022852 ^ _1664_/RESET_B (sky130_fd_sc_hd__dfrtp_2)
                                             21.022852   data arrival time

                                100.000000  100.000000   clock wb_clk_i (rise edge)
                                  0.000000  100.000000   clock source latency
     2    0.036110    0.167163    0.117673  100.117668 ^ wb_clk_i (in)
                                                         wb_clk_i (net)
                      0.167284    0.000000  100.117668 ^ clkbuf_0_wb_clk_i/A (sky130_fd_sc_hd__clkbuf_16)
     8    0.077205    0.095092    0.210164  100.327835 ^ clkbuf_0_wb_clk_i/X (sky130_fd_sc_hd__clkbuf_16)
                                                         clknet_0_wb_clk_i (net)
                      0.095329    0.003268  100.331100 ^ clkbuf_2_2__f_wb_clk_i/A (sky130_fd_sc_hd__clkbuf_16)
    26    0.082022    0.099160    0.189480  100.520584 ^ clkbuf_2_2__f_wb_clk_i/X (sky130_fd_sc_hd__clkbuf_16)
                                                         clknet_2_2__leaf_wb_clk_i (net)
                      0.099396    0.003418  100.524002 ^ _1664_/CLK (sky130_fd_sc_hd__dfrtp_2)
                                 -0.250000  100.274002   clock uncertainty
                                  0.000000  100.274002   clock reconvergence pessimism
                                  0.238061  100.512062   library recovery time
                                            100.512062   data required time
---------------------------------------------------------------------------------------------
                                            100.512062   data required time
                                            -21.022852   data arrival time
---------------------------------------------------------------------------------------------
                                             79.489212   slack (MET)


Startpoint: wbs_adr_i[20] (input port clocked by wb_clk_i)
Endpoint: wbs_dat_o[0] (output port clocked by wb_clk_i)
Path Group: wb_clk_i
Path Type: max

Fanout         Cap        Slew       Delay        Time   Description
---------------------------------------------------------------------------------------------
                                  0.000000    0.000000   clock wb_clk_i (rise edge)
                                  0.000000    0.000000   clock network delay (propagated)
                                 20.000000   20.000000 v input external delay
     2    0.003680    0.010674    0.005896   20.005896 v wbs_adr_i[20] (in)
                                                         wbs_adr_i[20] (net)
                      0.010674    0.000000   20.005896 v input18/A (sky130_fd_sc_hd__clkbuf_1)
     1    0.007573    0.051499    0.095152   20.101049 v input18/X (sky130_fd_sc_hd__clkbuf_1)
                                                         net18 (net)
                      0.051499    0.000245   20.101294 v _0801_/B (sky130_fd_sc_hd__or4_1)
     1    0.003160    0.085233    0.499901   20.601194 v _0801_/X (sky130_fd_sc_hd__or4_1)
                                                         _0131_ (net)
                      0.085233    0.000046   20.601240 v _0805_/A (sky130_fd_sc_hd__or4_2)
     8    0.025097    0.173648    0.784006   21.385246 v _0805_/X (sky130_fd_sc_hd__or4_2)
                                                         _0135_ (net)
                      0.173654    0.001258   21.386503 v _0827_/B_N (sky130_fd_sc_hd__and4bb_2)
    10    0.034169    0.210167    0.480645   21.867149 ^ _0827_/X (sky130_fd_sc_hd__and4bb_2)
                                                         _0142_ (net)
                      0.210167    0.000748   21.867897 ^ fanout175/A (sky130_fd_sc_hd__buf_2)
    20    0.054965    0.267899    0.317844   22.185740 ^ fanout175/X (sky130_fd_sc_hd__buf_2)
                                                         net175 (net)
                      0.267902    0.000730   22.186470 ^ _0828_/A (sky130_fd_sc_hd__inv_2)
     4    0.011679    0.073778    0.088239   22.274710 v _0828_/Y (sky130_fd_sc_hd__inv_2)
                                                         _0143_ (net)
                      0.073778    0.000032   22.274740 v _1495_/B1 (sky130_fd_sc_hd__a211o_1)
     1    0.004449    0.055387    0.281739   22.556480 v _1495_/X (sky130_fd_sc_hd__a211o_1)
                                                         _0771_ (net)
                      0.055387    0.000083   22.556564 v _1496_/B1 (sky130_fd_sc_hd__o31a_1)
     1    0.003712    0.051527    0.106819   22.663383 v _1496_/X (sky130_fd_sc_hd__o31a_1)
                                                         _0772_ (net)
                      0.051527    0.000037   22.663420 v _1499_/B1 (sky130_fd_sc_hd__o221a_1)
     1    0.002350    0.042472    0.216660   22.880081 v _1499_/X (sky130_fd_sc_hd__o221a_1)
                                                         net125 (net)
                      0.042472    0.000025   22.880106 v output125/A (sky130_fd_sc_hd__buf_2)
     1    0.034053    0.088882    0.178941   23.059048 v output125/X (sky130_fd_sc_hd__buf_2)
                                                         wbs_dat_o[0] (net)
                      0.088882    0.000242   23.059288 v wbs_dat_o[0] (out)
                                             23.059288   data arrival time

                                100.000000  100.000000   clock wb_clk_i (rise edge)
                                  0.000000  100.000000   clock network delay (propagated)
                                 -0.250000   99.750000   clock uncertainty
                                  0.000000   99.750000   clock reconvergence pessimism
                                -20.000000   79.750000   output external delay
                                             79.750000   data required time
---------------------------------------------------------------------------------------------
                                             79.750000   data required time
                                            -23.059288   data arrival time
---------------------------------------------------------------------------------------------
                                             56.690712   slack (MET)




===========================================================================
report_checks --slack_max -0.01
============================================================================
======================= min_tt_025C_1v80 Corner ===================================

No paths found.


===========================================================================
 report_check_types -max_slew -max_cap -max_fanout -violators
============================================================================
======================= min_tt_025C_1v80 Corner ===================================

max fanout

Pin                                   Limit Fanout  Slack
---------------------------------------------------------
clkbuf_2_0__f_wb_clk_i/X                 10     34    -24 (VIOLATED)
clkbuf_2_1__f_wb_clk_i/X                 10     34    -24 (VIOLATED)
clkbuf_2_2__f_wb_clk_i/X                 10     26    -16 (VIOLATED)
fanout151/X                              10     20    -10 (VIOLATED)
fanout152/X                              10     20    -10 (VIOLATED)
fanout153/X                              10     20    -10 (VIOLATED)
fanout155/X                              10     20    -10 (VIOLATED)
fanout157/X                              10     20    -10 (VIOLATED)
fanout158/X                              10     20    -10 (VIOLATED)
fanout159/X                              10     20    -10 (VIOLATED)
fanout161/X                              10     20    -10 (VIOLATED)
fanout163/X                              10     20    -10 (VIOLATED)
fanout164/X                              10     20    -10 (VIOLATED)
fanout165/X                              10     20    -10 (VIOLATED)
fanout167/X                              10     20    -10 (VIOLATED)
fanout169/X                              10     20    -10 (VIOLATED)
fanout170/X                              10     20    -10 (VIOLATED)
fanout171/X                              10     20    -10 (VIOLATED)
fanout173/X                              10     20    -10 (VIOLATED)
fanout174/X                              10     20    -10 (VIOLATED)
fanout175/X                              10     20    -10 (VIOLATED)
fanout188/X                              10     20    -10 (VIOLATED)
fanout192/X                              10     20    -10 (VIOLATED)
fanout193/X                              10     20    -10 (VIOLATED)
fanout196/X                              10     20    -10 (VIOLATED)
fanout200/X                              10     20    -10 (VIOLATED)
fanout202/X                              10     20    -10 (VIOLATED)
fanout208/X                              10     20    -10 (VIOLATED)
fanout209/X                              10     20    -10 (VIOLATED)
fanout219/X                              10     20    -10 (VIOLATED)
fanout220/X                              10     20    -10 (VIOLATED)
fanout221/X                              10     20    -10 (VIOLATED)
_1663_/Q                                 10     18     -8 (VIOLATED)
fanout205/X                              10     18     -8 (VIOLATED)
fanout207/X                              10     18     -8 (VIOLATED)
fanout213/X                              10     18     -8 (VIOLATED)
fanout215/X                              10     18     -8 (VIOLATED)
fanout224/X                              10     18     -8 (VIOLATED)
clkbuf_2_3__f_wb_clk_i/X                 10     16     -6 (VIOLATED)
_0782_/Y                                 10     14     -4 (VIOLATED)
_0832_/X                                 10     14     -4 (VIOLATED)
fanout203/X                              10     14     -4 (VIOLATED)
fanout222/X                              10     14     -4 (VIOLATED)
_0836_/X                                 10     12     -2 (VIOLATED)
fanout195/X                              10     12     -2 (VIOLATED)
fanout199/X                              10     12     -2 (VIOLATED)
input31/X                                10     12     -2 (VIOLATED)



===========================================================================
report_parasitic_annotation -report_unannotated
============================================================================
Found 560 unannotated drivers.
 ACK_I
 DAT_I[0]
 DAT_I[10]
 DAT_I[11]
 DAT_I[12]
 DAT_I[13]
 DAT_I[14]
 DAT_I[15]
 DAT_I[16]
 DAT_I[17]
 DAT_I[18]
 DAT_I[19]
 DAT_I[1]
 DAT_I[20]
 DAT_I[21]
 DAT_I[22]
 DAT_I[23]
 DAT_I[24]
 DAT_I[25]
 DAT_I[26]
 DAT_I[27]
 DAT_I[28]
 DAT_I[29]
 DAT_I[2]
 DAT_I[30]
 DAT_I[31]
 DAT_I[3]
 DAT_I[4]
 DAT_I[5]
 DAT_I[6]
 DAT_I[7]
 DAT_I[8]
 DAT_I[9]
 gpio_in[0]
 gpio_in[10]
 gpio_in[11]
 gpio_in[12]
 gpio_in[13]
 gpio_in[14]
 gpio_in[15]
 gpio_in[16]
 gpio_in[17]
 gpio_in[18]
 gpio_in[19]
 gpio_in[1]
 gpio_in[20]
 gpio_in[21]
 gpio_in[22]
 gpio_in[23]
 gpio_in[24]
 gpio_in[25]
 gpio_in[26]
 gpio_in[27]
 gpio_in[28]
 gpio_in[29]
 gpio_in[2]
 gpio_in[30]
 gpio_in[31]
 gpio_in[32]
 gpio_in[33]
 gpio_in[34]
 gpio_in[35]
 gpio_in[36]
 gpio_in[37]
 gpio_in[3]
 gpio_in[4]
 gpio_in[5]
 gpio_in[6]
 gpio_in[7]
 gpio_in[8]
 gpio_in[9]
 la_data_in[100]
 la_data_in[101]
 la_data_in[102]
 la_data_in[103]
 la_data_in[104]
 la_data_in[105]
 la_data_in[106]
 la_data_in[107]
 la_data_in[108]
 la_data_in[109]
 la_data_in[10]
 la_data_in[110]
 la_data_in[111]
 la_data_in[112]
 la_data_in[113]
 la_data_in[114]
 la_data_in[115]
 la_data_in[116]
 la_data_in[117]
 la_data_in[118]
 la_data_in[119]
 la_data_in[11]
 la_data_in[120]
 la_data_in[121]
 la_data_in[122]
 la_data_in[123]
 la_data_in[124]
 la_data_in[125]
 la_data_in[126]
 la_data_in[127]
 la_data_in[12]
 la_data_in[13]
 la_data_in[14]
 la_data_in[15]
 la_data_in[16]
 la_data_in[17]
 la_data_in[18]
 la_data_in[19]
 la_data_in[20]
 la_data_in[21]
 la_data_in[22]
 la_data_in[23]
 la_data_in[24]
 la_data_in[25]
 la_data_in[26]
 la_data_in[27]
 la_data_in[28]
 la_data_in[29]
 la_data_in[2]
 la_data_in[30]
 la_data_in[31]
 la_data_in[32]
 la_data_in[33]
 la_data_in[34]
 la_data_in[35]
 la_data_in[36]
 la_data_in[37]
 la_data_in[38]
 la_data_in[39]
 la_data_in[3]
 la_data_in[40]
 la_data_in[41]
 la_data_in[42]
 la_data_in[43]
 la_data_in[44]
 la_data_in[45]
 la_data_in[46]
 la_data_in[47]
 la_data_in[48]
 la_data_in[49]
 la_data_in[4]
 la_data_in[50]
 la_data_in[51]
 la_data_in[52]
 la_data_in[53]
 la_data_in[54]
 la_data_in[55]
 la_data_in[56]
 la_data_in[57]
 la_data_in[58]
 la_data_in[59]
 la_data_in[5]
 la_data_in[60]
 la_data_in[61]
 la_data_in[62]
 la_data_in[63]
 la_data_in[64]
 la_data_in[65]
 la_data_in[66]
 la_data_in[67]
 la_data_in[68]
 la_data_in[69]
 la_data_in[6]
 la_data_in[70]
 la_data_in[71]
 la_data_in[72]
 la_data_in[73]
 la_data_in[74]
 la_data_in[75]
 la_data_in[76]
 la_data_in[77]
 la_data_in[78]
 la_data_in[79]
 la_data_in[7]
 la_data_in[80]
 la_data_in[81]
 la_data_in[82]
 la_data_in[83]
 la_data_in[84]
 la_data_in[85]
 la_data_in[86]
 la_data_in[87]
 la_data_in[88]
 la_data_in[89]
 la_data_in[8]
 la_data_in[90]
 la_data_in[91]
 la_data_in[92]
 la_data_in[93]
 la_data_in[94]
 la_data_in[95]
 la_data_in[96]
 la_data_in[97]
 la_data_in[98]
 la_data_in[99]
 la_data_in[9]
 la_oenb[100]
 la_oenb[101]
 la_oenb[102]
 la_oenb[103]
 la_oenb[104]
 la_oenb[105]
 la_oenb[106]
 la_oenb[107]
 la_oenb[108]
 la_oenb[109]
 la_oenb[10]
 la_oenb[110]
 la_oenb[111]
 la_oenb[112]
 la_oenb[113]
 la_oenb[114]
 la_oenb[115]
 la_oenb[116]
 la_oenb[117]
 la_oenb[118]
 la_oenb[119]
 la_oenb[11]
 la_oenb[120]
 la_oenb[121]
 la_oenb[122]
 la_oenb[123]
 la_oenb[124]
 la_oenb[125]
 la_oenb[126]
 la_oenb[127]
 la_oenb[12]
 la_oenb[13]
 la_oenb[14]
 la_oenb[15]
 la_oenb[16]
 la_oenb[17]
 la_oenb[18]
 la_oenb[19]
 la_oenb[20]
 la_oenb[21]
 la_oenb[22]
 la_oenb[23]
 la_oenb[24]
 la_oenb[25]
 la_oenb[26]
 la_oenb[27]
 la_oenb[28]
 la_oenb[29]
 la_oenb[2]
 la_oenb[30]
 la_oenb[31]
 la_oenb[32]
 la_oenb[33]
 la_oenb[34]
 la_oenb[35]
 la_oenb[36]
 la_oenb[37]
 la_oenb[38]
 la_oenb[39]
 la_oenb[3]
 la_oenb[40]
 la_oenb[41]
 la_oenb[42]
 la_oenb[43]
 la_oenb[44]
 la_oenb[45]
 la_oenb[46]
 la_oenb[47]
 la_oenb[48]
 la_oenb[49]
 la_oenb[4]
 la_oenb[50]
 la_oenb[51]
 la_oenb[52]
 la_oenb[53]
 la_oenb[54]
 la_oenb[55]
 la_oenb[56]
 la_oenb[57]
 la_oenb[58]
 la_oenb[59]
 la_oenb[5]
 la_oenb[60]
 la_oenb[61]
 la_oenb[62]
 la_oenb[63]
 la_oenb[64]
 la_oenb[65]
 la_oenb[66]
 la_oenb[67]
 la_oenb[68]
 la_oenb[69]
 la_oenb[6]
 la_oenb[70]
 la_oenb[71]
 la_oenb[72]
 la_oenb[73]
 la_oenb[74]
 la_oenb[75]
 la_oenb[76]
 la_oenb[77]
 la_oenb[78]
 la_oenb[79]
 la_oenb[7]
 la_oenb[80]
 la_oenb[81]
 la_oenb[82]
 la_oenb[83]
 la_oenb[84]
 la_oenb[85]
 la_oenb[86]
 la_oenb[87]
 la_oenb[88]
 la_oenb[89]
 la_oenb[8]
 la_oenb[90]
 la_oenb[91]
 la_oenb[92]
 la_oenb[93]
 la_oenb[94]
 la_oenb[95]
 la_oenb[96]
 la_oenb[97]
 la_oenb[98]
 la_oenb[99]
 la_oenb[9]
 wbs_dat_i[14]
 wbs_dat_i[15]
 wbs_dat_i[16]
 wbs_dat_i[17]
 wbs_dat_i[18]
 wbs_dat_i[19]
 wbs_dat_i[20]
 wbs_dat_i[21]
 wbs_dat_i[22]
 wbs_dat_i[23]
 wbs_dat_i[24]
 wbs_dat_i[25]
 wbs_dat_i[26]
 wbs_dat_i[27]
 wbs_dat_i[28]
 wbs_dat_i[29]
 wbs_dat_i[30]
 wbs_dat_i[31]
 wbs_sel_i[0]
 wbs_sel_i[1]
 wbs_sel_i[2]
 wbs_sel_i[3]
 _1700__227/HI
 _1701__228/HI
 _1702__229/HI
 _1703__230/HI
 _1704__231/HI
 _1705__232/HI
 _1706__233/HI
 _1707__234/HI
 _1708__235/HI
 _1709__236/HI
 _1710__237/HI
 _1711__238/HI
 _1712__239/HI
 _1713__240/HI
 _1714__241/HI
 _1715__242/HI
 _1716__243/HI
 _1717__244/HI
 _1718__245/HI
 _1719__246/HI
 _1720__247/HI
 _1721__248/HI
 _1722__249/HI
 _1723__250/HI
 _1724__251/HI
 _1725__252/HI
 _1726__253/HI
 _1727__254/HI
 _1728__255/HI
 _1729__256/HI
 _1730__257/HI
 _1731__258/HI
 _1732__259/HI
 _1733__260/HI
 _1734__261/HI
 _1735__262/HI
 _1736__263/HI
 _1737__264/HI
 _1738__265/HI
 _1739__266/HI
 _1740__267/HI
 _1741__268/HI
 _1742__269/HI
 _1743__270/HI
 _1744__271/HI
 _1745__272/HI
 _1746__273/HI
 _1747__274/HI
 _1748__275/HI
 _1749__276/HI
 _1750__277/HI
 _1751__278/HI
 _1752__279/HI
 _1753__280/HI
 _1754__281/HI
 _1755__282/HI
 _1756__283/HI
 _1757__284/HI
 _1758__285/HI
 _1759__286/HI
 _1760__287/HI
 _1761__288/HI
 _1762__289/HI
 _1763__290/HI
 _1764__291/HI
 _1765__292/HI
 _1766__293/HI
 _1767__294/HI
 _1768__295/HI
 _1769__296/HI
 _1770__297/HI
 _1772__438/LO
 _1773__439/LO
 _1774__440/LO
 _1775__441/LO
 _1808__298/HI
 _1809__299/HI
 _1810__300/HI
 _1811__301/HI
 _1813__302/HI
 _1814__303/HI
 _1815__304/HI
 _1816__305/HI
 _1817__306/HI
 _1818__307/HI
 _1819__308/HI
 _1820__309/HI
 _1821__310/HI
 _1822__311/HI
 _1823__312/HI
 _1824__313/HI
 _1825__314/HI
 _1826__315/HI
 _1827__316/HI
 _1828__317/HI
 _1829__318/HI
 _1830__319/HI
 _1831__320/HI
 _1832__321/HI
 _1833__322/HI
 _1834__323/HI
 _1835__324/HI
 _1836__325/HI
 _1837__326/HI
 _1838__327/HI
 _1839__328/HI
 _1840__329/HI
 _1841__330/HI
 _1842__331/HI
 _1843__332/HI
 _1844__333/HI
 _1845__334/HI
 _1846__335/HI
 _1847__336/HI
 _1848__337/HI
 _1849__338/HI
 _1850__339/HI
 _1851__340/HI
 _1852__341/HI
 _1853__342/HI
 _1854__343/HI
 _1855__344/HI
 _1856__345/HI
 _1857__346/HI
 _1858__347/HI
 _1859__348/HI
 _1860__349/HI
 _1861__350/HI
 _1862__351/HI
 _1863__352/HI
 _1864__353/HI
 _1865__354/HI
 _1866__355/HI
 _1867__356/HI
 _1868__357/HI
 _1869__358/HI
 _1870__359/HI
 _1871__360/HI
 _1872__361/HI
 _1873__362/HI
 _1874__363/HI
 _1875__364/HI
 _1876__365/HI
 _1877__366/HI
 _1878__367/HI
 _1879__368/HI
 _1880__369/HI
 _1881__370/HI
 _1882__371/HI
 _1883__372/HI
 _1884__373/HI
 _1885__374/HI
 _1886__375/HI
 _1887__376/HI
 _1888__377/HI
 _1889__378/HI
 _1890__379/HI
 _1891__380/HI
 _1892__381/HI
 _1893__382/HI
 _1894__383/HI
 _1895__384/HI
 _1896__385/HI
 _1897__386/HI
 _1898__387/HI
 _1899__388/HI
 _1900__389/HI
 _1901__390/HI
 _1902__391/HI
 _1903__392/HI
 _1904__393/HI
 _1905__394/HI
 _1906__395/HI
 _1907__396/HI
 _1908__397/HI
 _1909__398/HI
 _1910__399/HI
 _1911__400/HI
 _1912__401/HI
 _1913__402/HI
 _1914__403/HI
 _1915__404/HI
 _1916__405/HI
 _1917__406/HI
 _1918__407/HI
 _1919__408/HI
 _1920__409/HI
 _1921__410/HI
 _1922__411/HI
 _1923__412/HI
 _1924__413/HI
 _1925__414/HI
 _1926__415/HI
 _1927__416/HI
 _1928__417/HI
 _1929__418/HI
 _1930__419/HI
 _1931__420/HI
 _1932__421/HI
 _1933__422/HI
 _1934__423/HI
 _1935__424/HI
 _1936__425/HI
 _1937__426/HI
 _1938__427/HI
 _1939__428/HI
 _1940__429/HI
 _1941__430/HI
 _1942__431/HI
 _1943__432/HI
 _1946__433/HI
 _1949__434/HI
 _1951__435/HI
 _1953__436/HI
 _1958__437/HI
Found 0 partially unannotated drivers.

===========================================================================
max slew violation count 0
max fanout violation count 47
max cap violation count 0
============================================================================

===========================================================================
check_setup -verbose -unconstrained_endpoints -multiple_clock -no_clock -no_input_delay -loops -generated_clocks
===========================================================================
Warning: There are 215 unconstrained endpoints.
  ADR_O[0]
  ADR_O[10]
  ADR_O[11]
  ADR_O[12]
  ADR_O[13]
  ADR_O[14]
  ADR_O[15]
  ADR_O[16]
  ADR_O[17]
  ADR_O[18]
  ADR_O[19]
  ADR_O[1]
  ADR_O[20]
  ADR_O[21]
  ADR_O[22]
  ADR_O[23]
  ADR_O[24]
  ADR_O[25]
  ADR_O[26]
  ADR_O[27]
  ADR_O[28]
  ADR_O[29]
  ADR_O[2]
  ADR_O[30]
  ADR_O[31]
  ADR_O[3]
  ADR_O[4]
  ADR_O[5]
  ADR_O[6]
  ADR_O[7]
  ADR_O[8]
  ADR_O[9]
  CYC_O
  DAT_O[0]
  DAT_O[10]
  DAT_O[11]
  DAT_O[12]
  DAT_O[13]
  DAT_O[14]
  DAT_O[15]
  DAT_O[16]
  DAT_O[17]
  DAT_O[18]
  DAT_O[19]
  DAT_O[1]
  DAT_O[20]
  DAT_O[21]
  DAT_O[22]
  DAT_O[23]
  DAT_O[24]
  DAT_O[25]
  DAT_O[26]
  DAT_O[27]
  DAT_O[28]
  DAT_O[29]
  DAT_O[2]
  DAT_O[30]
  DAT_O[31]
  DAT_O[3]
  DAT_O[4]
  DAT_O[5]
  DAT_O[6]
  DAT_O[7]
  DAT_O[8]
  DAT_O[9]
  SEL_O[0]
  SEL_O[1]
  SEL_O[2]
  SEL_O[3]
  STB_O
  WE_O
  gpio_oeb[1]
  gpio_oeb[2]
  gpio_oeb[3]
  gpio_oeb[4]
  gpio_out[1]
  gpio_out[2]
  gpio_out[3]
  gpio_out[4]
  irq[1]
  irq[2]
  la_data_out[0]
  la_data_out[100]
  la_data_out[101]
  la_data_out[102]
  la_data_out[103]
  la_data_out[104]
  la_data_out[105]
  la_data_out[106]
  la_data_out[107]
  la_data_out[108]
  la_data_out[109]
  la_data_out[10]
  la_data_out[110]
  la_data_out[111]
  la_data_out[112]
  la_data_out[113]
  la_data_out[114]
  la_data_out[115]
  la_data_out[116]
  la_data_out[117]
  la_data_out[118]
  la_data_out[119]
  la_data_out[11]
  la_data_out[120]
  la_data_out[121]
  la_data_out[122]
  la_data_out[123]
  la_data_out[124]
  la_data_out[125]
  la_data_out[126]
  la_data_out[127]
  la_data_out[12]
  la_data_out[13]
  la_data_out[14]
  la_data_out[15]
  la_data_out[16]
  la_data_out[17]
  la_data_out[18]
  la_data_out[19]
  la_data_out[1]
  la_data_out[20]
  la_data_out[21]
  la_data_out[22]
  la_data_out[23]
  la_data_out[24]
  la_data_out[25]
  la_data_out[26]
  la_data_out[27]
  la_data_out[28]
  la_data_out[29]
  la_data_out[2]
  la_data_out[30]
  la_data_out[31]
  la_data_out[32]
  la_data_out[33]
  la_data_out[34]
  la_data_out[35]
  la_data_out[36]
  la_data_out[37]
  la_data_out[38]
  la_data_out[39]
  la_data_out[3]
  la_data_out[40]
  la_data_out[41]
  la_data_out[42]
  la_data_out[43]
  la_data_out[44]
  la_data_out[45]
  la_data_out[46]
  la_data_out[47]
  la_data_out[48]
  la_data_out[49]
  la_data_out[4]
  la_data_out[50]
  la_data_out[51]
  la_data_out[52]
  la_data_out[53]
  la_data_out[54]
  la_data_out[55]
  la_data_out[56]
  la_data_out[57]
  la_data_out[58]
  la_data_out[59]
  la_data_out[5]
  la_data_out[60]
  la_data_out[61]
  la_data_out[62]
  la_data_out[63]
  la_data_out[64]
  la_data_out[65]
  la_data_out[66]
  la_data_out[67]
  la_data_out[68]
  la_data_out[69]
  la_data_out[6]
  la_data_out[70]
  la_data_out[71]
  la_data_out[72]
  la_data_out[73]
  la_data_out[74]
  la_data_out[75]
  la_data_out[76]
  la_data_out[77]
  la_data_out[78]
  la_data_out[79]
  la_data_out[7]
  la_data_out[80]
  la_data_out[81]
  la_data_out[82]
  la_data_out[83]
  la_data_out[84]
  la_data_out[85]
  la_data_out[86]
  la_data_out[87]
  la_data_out[88]
  la_data_out[89]
  la_data_out[8]
  la_data_out[90]
  la_data_out[91]
  la_data_out[92]
  la_data_out[93]
  la_data_out[94]
  la_data_out[95]
  la_data_out[96]
  la_data_out[97]
  la_data_out[98]
  la_data_out[99]
  la_data_out[9]
  wbs_dat_o[14]
  wbs_dat_o[17]
  wbs_dat_o[20]
  wbs_dat_o[22]
  wbs_dat_o[24]
  wbs_dat_o[29]
