
===========================================================================
 report_power
============================================================================
======================= min_tt_025C_1v80 Corner ===================================

Group                    Internal    Switching      Leakage        Total
                            Power        Power        Power        Power (Watts)
------------------------------------------------------------------------
Sequential           2.225777e-05 1.853764e-08 7.192609e-10 2.227702e-05  44.4%
Combinational        1.259019e-06 2.705666e-06 5.177502e-09 3.969863e-06   7.9%
Clock                1.193930e-05 1.198390e-05 6.040743e-09 2.392924e-05  47.7%
Macro                0.000000e+00 0.000000e+00 0.000000e+00 0.000000e+00   0.0%
Pad                  0.000000e+00 0.000000e+00 0.000000e+00 0.000000e+00   0.0%
------------------------------------------------------------------------
Total                3.545611e-05 1.470810e-05 1.193756e-08 5.017615e-05 100.0%
                            70.7%        29.3%         0.0%

