
===========================================================================
 report_power
============================================================================
======================= nom_ff_n40C_1v95 Corner ===================================

Group                    Internal    Switching      Leakage        Total
                            Power        Power        Power        Power (Watts)
------------------------------------------------------------------------
Sequential           2.612845e-04 3.336643e-06 9.346666e-09 2.646304e-04  52.2%
Combinational        1.422899e-05 2.285258e-05 2.519404e-08 3.710677e-05   7.3%
Clock                7.176444e-05 1.337089e-04 1.206868e-08 2.054854e-04  40.5%
Macro                0.000000e+00 0.000000e+00 0.000000e+00 0.000000e+00   0.0%
Pad                  0.000000e+00 0.000000e+00 0.000000e+00 0.000000e+00   0.0%
------------------------------------------------------------------------
Total                3.472779e-04 1.598981e-04 4.660899e-08 5.072226e-04 100.0%
                            68.5%        31.5%         0.0%

