
===========================================================================
 report_power
============================================================================
======================= nom_ff_n40C_1v95 Corner ===================================

Group                    Internal    Switching      Leakage        Total
                            Power        Power        Power        Power (Watts)
------------------------------------------------------------------------
Sequential           3.731764e-06 2.504412e-06 9.442829e-09 6.245619e-06  18.7%
Combinational        6.399657e-06 1.264604e-05 2.427799e-08 1.906998e-05  57.0%
Clock                6.203775e-06 1.883262e-06 2.553656e-08 8.112575e-06  24.3%
Macro                0.000000e+00 0.000000e+00 0.000000e+00 0.000000e+00   0.0%
Pad                  0.000000e+00 0.000000e+00 0.000000e+00 0.000000e+00   0.0%
------------------------------------------------------------------------
Total                1.633519e-05 1.703371e-05 5.925718e-08 3.342815e-05 100.0%
                            48.9%        51.0%         0.2%

