
===========================================================================
 report_power
============================================================================
======================= min_tt_025C_1v80 Corner ===================================

Group                    Internal    Switching      Leakage        Total
                            Power        Power        Power        Power (Watts)
------------------------------------------------------------------------
Sequential           6.056265e-04 2.527645e-06 1.988113e-08 6.081741e-04  56.4%
Combinational        2.051328e-05 3.643408e-05 4.886112e-08 5.699622e-05   5.3%
Clock                1.558402e-04 2.574605e-04 2.507021e-08 4.133257e-04  38.3%
Macro                0.000000e+00 0.000000e+00 0.000000e+00 0.000000e+00   0.0%
Pad                  0.000000e+00 0.000000e+00 0.000000e+00 0.000000e+00   0.0%
------------------------------------------------------------------------
Total                7.819803e-04 2.964223e-04 9.380505e-08 1.078496e-03 100.0%
                            72.5%        27.5%         0.0%

