
===========================================================================
 report_power
============================================================================
======================= min_tt_025C_1v80 Corner ===================================

Group                    Internal    Switching      Leakage        Total
                            Power        Power        Power        Power (Watts)
------------------------------------------------------------------------
Sequential           7.500526e-04 3.786804e-07 2.498935e-08 7.504562e-04  56.3%
Combinational        1.402232e-05 3.678886e-05 5.692566e-08 5.086812e-05   3.8%
Clock                1.626720e-04 3.686224e-04 1.487175e-08 5.313092e-04  39.9%
Macro                0.000000e+00 0.000000e+00 0.000000e+00 0.000000e+00   0.0%
Pad                  0.000000e+00 0.000000e+00 0.000000e+00 0.000000e+00   0.0%
------------------------------------------------------------------------
Total                9.267470e-04 4.057899e-04 9.677461e-08 1.332634e-03 100.0%
                            69.5%        30.5%         0.0%

