
===========================================================================
 report_power
============================================================================
======================= nom_ss_100C_1v60 Corner ===================================

Group                    Internal    Switching      Leakage        Total
                            Power        Power        Power        Power (Watts)
------------------------------------------------------------------------
Sequential           2.619105e-04 4.148142e-07 1.502617e-05 2.773514e-04  50.8%
Combinational        1.370758e-06 1.728802e-06 2.677533e-05 2.987489e-05   5.5%
Clock                9.987187e-05 1.373865e-04 1.925296e-06 2.391836e-04  43.8%
Macro                0.000000e+00 0.000000e+00 0.000000e+00 0.000000e+00   0.0%
Pad                  0.000000e+00 0.000000e+00 0.000000e+00 0.000000e+00   0.0%
------------------------------------------------------------------------
Total                3.631532e-04 1.395300e-04 4.372679e-05 5.464100e-04 100.0%
                            66.5%        25.5%         8.0%

