
===========================================================================
 report_power
============================================================================
======================= nom_tt_025C_1v80 Corner ===================================

Group                    Internal    Switching      Leakage        Total
                            Power        Power        Power        Power (Watts)
------------------------------------------------------------------------
Sequential           2.226776e-05 3.805847e-08 7.229496e-10 2.230654e-05  46.2%
Combinational        1.087512e-06 2.304858e-06 5.865262e-09 3.398236e-06   7.0%
Clock                9.061505e-06 1.353869e-05 1.639506e-08 2.261659e-05  46.8%
Macro                0.000000e+00 0.000000e+00 0.000000e+00 0.000000e+00   0.0%
Pad                  0.000000e+00 0.000000e+00 0.000000e+00 0.000000e+00   0.0%
------------------------------------------------------------------------
Total                3.241677e-05 1.588160e-05 2.298350e-08 4.832136e-05 100.0%
                            67.1%        32.9%         0.0%

