
===========================================================================
 report_power
============================================================================
======================= min_tt_025C_1v80 Corner ===================================

Group                    Internal    Switching      Leakage        Total
                            Power        Power        Power        Power (Watts)
------------------------------------------------------------------------
Sequential           2.238967e-04 2.701943e-06 6.455702e-09 2.266051e-04  52.7%
Combinational        1.251881e-05 1.868988e-05 1.250612e-08 3.122119e-05   7.3%
Clock                6.253712e-05 1.098389e-04 8.717918e-09 1.723847e-04  40.1%
Macro                0.000000e+00 0.000000e+00 0.000000e+00 0.000000e+00   0.0%
Pad                  0.000000e+00 0.000000e+00 0.000000e+00 0.000000e+00   0.0%
------------------------------------------------------------------------
Total                2.989527e-04 1.312307e-04 2.767985e-08 4.302110e-04 100.0%
                            69.5%        30.5%         0.0%

