
===========================================================================
 report_power
============================================================================
======================= min_tt_025C_1v80 Corner ===================================

Group                    Internal    Switching      Leakage        Total
                            Power        Power        Power        Power (Watts)
------------------------------------------------------------------------
Sequential           3.629167e-06 2.022086e-06 6.499523e-09 5.657753e-06  19.7%
Combinational        5.794972e-06 1.028731e-05 1.105778e-08 1.609334e-05  56.1%
Clock                5.394766e-06 1.505153e-06 1.826899e-08 6.918187e-06  24.1%
Macro                0.000000e+00 0.000000e+00 0.000000e+00 0.000000e+00   0.0%
Pad                  0.000000e+00 0.000000e+00 0.000000e+00 0.000000e+00   0.0%
------------------------------------------------------------------------
Total                1.481890e-05 1.381455e-05 3.582630e-08 2.866927e-05 100.0%
                            51.7%        48.2%         0.1%

