
===========================================================================
 report_power
============================================================================
======================= nom_ff_n40C_1v95 Corner ===================================

Group                    Internal    Switching      Leakage        Total
                            Power        Power        Power        Power (Watts)
------------------------------------------------------------------------
Sequential           2.253270e-04 1.284505e-05 8.480149e-09 2.381805e-04  43.8%
Combinational        5.641335e-05 8.953366e-05 3.953905e-08 1.459865e-04  26.9%
Clock                6.527102e-05 9.405296e-05 2.610139e-08 1.593501e-04  29.3%
Macro                0.000000e+00 0.000000e+00 0.000000e+00 0.000000e+00   0.0%
Pad                  0.000000e+00 0.000000e+00 0.000000e+00 0.000000e+00   0.0%
------------------------------------------------------------------------
Total                3.470114e-04 1.964317e-04 7.411986e-08 5.435171e-04 100.0%
                            63.8%        36.1%         0.0%

