
===========================================================================
 report_power
============================================================================
======================= max_ss_100C_1v60 Corner ===================================

Group                    Internal    Switching      Leakage        Total
                            Power        Power        Power        Power (Watts)
------------------------------------------------------------------------
Sequential           4.906646e-04 3.239017e-06 2.855217e-05 5.224558e-04  52.9%
Combinational        1.721010e-05 3.225615e-05 5.658075e-05 1.060470e-04  10.7%
Clock                1.268821e-04 2.306153e-04 1.840138e-06 3.593375e-04  36.4%
Macro                0.000000e+00 0.000000e+00 0.000000e+00 0.000000e+00   0.0%
Pad                  0.000000e+00 0.000000e+00 0.000000e+00 0.000000e+00   0.0%
------------------------------------------------------------------------
Total                6.347565e-04 2.661107e-04 8.697017e-05 9.878373e-04 100.0%
                            64.3%        26.9%         8.8%

