
===========================================================================
 report_power
============================================================================
======================= nom_ss_100C_1v60 Corner ===================================

Group                    Internal    Switching      Leakage        Total
                            Power        Power        Power        Power (Watts)
------------------------------------------------------------------------
Sequential           4.237807e-04 5.413374e-06 2.482045e-05 4.540145e-04  36.3%
Combinational        1.358848e-04 2.948709e-04 5.031109e-05 4.810668e-04  38.4%
Clock                8.116850e-05 2.342545e-04 1.445657e-06 3.168687e-04  25.3%
Macro                0.000000e+00 0.000000e+00 0.000000e+00 0.000000e+00   0.0%
Pad                  0.000000e+00 0.000000e+00 0.000000e+00 0.000000e+00   0.0%
------------------------------------------------------------------------
Total                6.408329e-04 5.345393e-04 7.657387e-05 1.251946e-03 100.0%
                            51.2%        42.7%         6.1%

