
===========================================================================
 report_power
============================================================================
======================= nom_ff_n40C_1v95 Corner ===================================

Group                    Internal    Switching      Leakage        Total
                            Power        Power        Power        Power (Watts)
------------------------------------------------------------------------
Sequential           9.842135e-04 1.746960e-05 4.713972e-08 1.001730e-03  27.1%
Combinational        5.790787e-04 1.404725e-03 1.175866e-07 1.983921e-03  53.7%
Clock                3.003805e-04 4.101930e-04 5.654786e-08 7.106300e-04  19.2%
Macro                0.000000e+00 0.000000e+00 0.000000e+00 0.000000e+00   0.0%
Pad                  0.000000e+00 0.000000e+00 0.000000e+00 0.000000e+00   0.0%
------------------------------------------------------------------------
Total                1.863668e-03 1.832387e-03 2.212832e-07 3.696276e-03 100.0%
                            50.4%        49.6%         0.0%

