
===========================================================================
 report_power
============================================================================
======================= nom_ff_n40C_1v95 Corner ===================================

Group                    Internal    Switching      Leakage        Total
                            Power        Power        Power        Power (Watts)
------------------------------------------------------------------------
Sequential           9.842672e-04 1.621321e-05 4.718258e-08 1.000528e-03  27.4%
Combinational        5.779784e-04 1.364501e-03 1.173352e-07 1.942596e-03  53.2%
Clock                3.037914e-04 4.068196e-04 5.623227e-08 7.106672e-04  19.5%
Macro                0.000000e+00 0.000000e+00 0.000000e+00 0.000000e+00   0.0%
Pad                  0.000000e+00 0.000000e+00 0.000000e+00 0.000000e+00   0.0%
------------------------------------------------------------------------
Total                1.866039e-03 1.787534e-03 2.207590e-07 3.653794e-03 100.0%
                            51.1%        48.9%         0.0%

