
===========================================================================
 report_power
============================================================================
======================= min_tt_025C_1v80 Corner ===================================

Group                    Internal    Switching      Leakage        Total
                            Power        Power        Power        Power (Watts)
------------------------------------------------------------------------
Sequential           5.662204e-04 1.095913e-06 1.896295e-08 5.673353e-04  56.7%
Combinational        1.058983e-05 2.867686e-05 4.514018e-08 3.931183e-05   3.9%
Clock                1.582166e-04 2.365254e-04 2.409665e-08 3.947661e-04  39.4%
Macro                0.000000e+00 0.000000e+00 0.000000e+00 0.000000e+00   0.0%
Pad                  0.000000e+00 0.000000e+00 0.000000e+00 0.000000e+00   0.0%
------------------------------------------------------------------------
Total                7.350264e-04 2.662981e-04 8.819354e-08 1.001413e-03 100.0%
                            73.4%        26.6%         0.0%

