
===========================================================================
 report_power
============================================================================
======================= min_ff_n40C_1v95 Corner ===================================

Group                    Internal    Switching      Leakage        Total
                            Power        Power        Power        Power (Watts)
------------------------------------------------------------------------
Sequential           9.844456e-04 1.638245e-05 4.713972e-08 1.000875e-03  28.0%
Combinational        5.783369e-04 1.307145e-03 1.175866e-07 1.885600e-03  52.7%
Clock                3.001360e-04 3.889948e-04 5.654786e-08 6.891873e-04  19.3%
Macro                0.000000e+00 0.000000e+00 0.000000e+00 0.000000e+00   0.0%
Pad                  0.000000e+00 0.000000e+00 0.000000e+00 0.000000e+00   0.0%
------------------------------------------------------------------------
Total                1.862916e-03 1.712523e-03 2.212832e-07 3.575661e-03 100.0%
                            52.1%        47.9%         0.0%

