
===========================================================================
 report_power
============================================================================
======================= max_ss_100C_1v60 Corner ===================================

Group                    Internal    Switching      Leakage        Total
                            Power        Power        Power        Power (Watts)
------------------------------------------------------------------------
Sequential           1.310359e-06 8.039243e-08 1.874662e-08 1.409499e-06   0.1%
Combinational        1.683054e-05 2.761885e-05 1.724764e-06 4.617416e-05   2.9%
Clock                1.949666e-05 2.738129e-05 7.785445e-08 4.695579e-05   3.0%
Macro                1.485566e-03 0.000000e+00 4.161120e-08 1.485608e-03  94.0%
Pad                  0.000000e+00 0.000000e+00 0.000000e+00 0.000000e+00   0.0%
------------------------------------------------------------------------
Total                1.523204e-03 5.508055e-05 1.862977e-06 1.580147e-03 100.0%
                            96.4%         3.5%         0.1%

