
===========================================================================
 report_power
============================================================================
======================= min_ss_100C_1v60 Corner ===================================

Group                    Internal    Switching      Leakage        Total
                            Power        Power        Power        Power (Watts)
------------------------------------------------------------------------
Sequential           1.084263e-04 0.000000e+00 6.831760e-06 1.152581e-04  18.5%
Combinational        1.434067e-05 5.158089e-05 4.694150e-05 1.128631e-04  18.1%
Clock                1.612830e-04 2.313249e-04 3.028361e-06 3.956362e-04  63.4%
Macro                0.000000e+00 0.000000e+00 0.000000e+00 0.000000e+00   0.0%
Pad                  0.000000e+00 0.000000e+00 0.000000e+00 0.000000e+00   0.0%
------------------------------------------------------------------------
Total                2.840501e-04 2.829059e-04 5.680290e-05 6.237589e-04 100.0%
                            45.5%        45.4%         9.1%

