
===========================================================================
 report_power
============================================================================
======================= max_tt_025C_1v80 Corner ===================================

Group                    Internal    Switching      Leakage        Total
                            Power        Power        Power        Power (Watts)
------------------------------------------------------------------------
Sequential           1.993519e-03 1.205458e-04 6.002144e-08 2.114124e-03  32.1%
Combinational        8.878206e-04 1.955833e-03 1.050516e-07 2.843758e-03  43.2%
Clock                5.575182e-04 1.069248e-03 4.471954e-08 1.626811e-03  24.7%
Macro                0.000000e+00 0.000000e+00 0.000000e+00 0.000000e+00   0.0%
Pad                  0.000000e+00 0.000000e+00 0.000000e+00 0.000000e+00   0.0%
------------------------------------------------------------------------
Total                3.438859e-03 3.145629e-03 2.098067e-07 6.584698e-03 100.0%
                            52.2%        47.8%         0.0%

