
===========================================================================
 report_power
============================================================================
======================= min_tt_025C_1v80 Corner ===================================

Group                    Internal    Switching      Leakage        Total
                            Power        Power        Power        Power (Watts)
------------------------------------------------------------------------
Sequential           1.723719e-03 4.053429e-05 3.325242e-08 1.764286e-03  48.2%
Combinational        2.440167e-04 3.114906e-04 1.092356e-07 5.556166e-04  15.2%
Clock                6.188512e-04 7.244770e-04 1.369738e-08 1.343342e-03  36.7%
Macro                0.000000e+00 0.000000e+00 0.000000e+00 0.000000e+00   0.0%
Pad                  0.000000e+00 0.000000e+00 0.000000e+00 0.000000e+00   0.0%
------------------------------------------------------------------------
Total                2.586588e-03 1.076501e-03 1.561829e-07 3.663246e-03 100.0%
                            70.6%        29.4%         0.0%

