
===========================================================================
 report_power
============================================================================
======================= min_tt_025C_1v80 Corner ===================================

Group                    Internal    Switching      Leakage        Total
                            Power        Power        Power        Power (Watts)
------------------------------------------------------------------------
Sequential           7.797486e-04 1.128959e-05 2.660392e-08 7.910648e-04  51.6%
Combinational        2.502354e-05 4.983968e-05 4.339692e-08 7.490661e-05   4.9%
Clock                3.173892e-04 3.486157e-04 1.927863e-08 6.660242e-04  43.5%
Macro                0.000000e+00 0.000000e+00 0.000000e+00 0.000000e+00   0.0%
Pad                  0.000000e+00 0.000000e+00 0.000000e+00 0.000000e+00   0.0%
------------------------------------------------------------------------
Total                1.122161e-03 4.097448e-04 8.927086e-08 1.531995e-03 100.0%
                            73.2%        26.7%         0.0%

