
===========================================================================
 report_power
============================================================================
======================= min_tt_025C_1v80 Corner ===================================

Group                    Internal    Switching      Leakage        Total
                            Power        Power        Power        Power (Watts)
------------------------------------------------------------------------
Sequential           1.973898e-04 1.418644e-05 5.489531e-09 2.115817e-04   8.5%
Combinational        1.026313e-03 1.145790e-03 1.827390e-08 2.172121e-03  86.9%
Clock                3.462672e-05 8.227854e-05 7.921866e-09 1.169132e-04   4.7%
Macro                0.000000e+00 0.000000e+00 0.000000e+00 0.000000e+00   0.0%
Pad                  0.000000e+00 0.000000e+00 0.000000e+00 0.000000e+00   0.0%
------------------------------------------------------------------------
Total                1.258330e-03 1.242255e-03 3.168546e-08 2.500617e-03 100.0%
                            50.3%        49.7%         0.0%

