
===========================================================================
 report_power
============================================================================
======================= max_tt_025C_1v80 Corner ===================================

Group                    Internal    Switching      Leakage        Total
                            Power        Power        Power        Power (Watts)
------------------------------------------------------------------------
Sequential           8.480810e-04 2.098397e-05 2.661067e-08 8.690915e-04  26.3%
Combinational        5.019040e-04 1.291858e-03 5.258032e-08 1.793814e-03  54.2%
Clock                2.174752e-04 4.280304e-04 1.961657e-08 6.455252e-04  19.5%
Macro                0.000000e+00 0.000000e+00 0.000000e+00 0.000000e+00   0.0%
Pad                  0.000000e+00 0.000000e+00 0.000000e+00 0.000000e+00   0.0%
------------------------------------------------------------------------
Total                1.567460e-03 1.740872e-03 9.880169e-08 3.308431e-03 100.0%
                            47.4%        52.6%         0.0%

