┏━━━━━━━━━━━━━━━━━━━━━━┳━━━━━━━━━━┳━━━━━━━━━━┳━━━━━━━━━━┳━━━━━━━━━━┳━━━━━━━━━━━┳━━━━━━━━━━┳━━━━━━━━━━━┳━━━━━━━━━━┳━━━━━━━━━━━┳━━━━━━━
┃                      ┃ Hold     ┃ Reg to   ┃          ┃          ┃ of which  ┃ Setup    ┃           ┃          ┃           ┃ of whi
┃                      ┃ Worst    ┃ Reg      ┃          ┃ Hold Vio ┃ reg to    ┃ Worst    ┃ Reg to    ┃ Setup    ┃ Setup Vio ┃ reg to
┃ Corner/Group         ┃ Slack    ┃ Paths    ┃ Hold TNS ┃ Count    ┃ reg       ┃ Slack    ┃ Reg Paths ┃ TNS      ┃ Count     ┃ reg   
┡━━━━━━━━━━━━━━━━━━━━━━╇━━━━━━━━━━╇━━━━━━━━━━╇━━━━━━━━━━╇━━━━━━━━━━╇━━━━━━━━━━━╇━━━━━━━━━━╇━━━━━━━━━━━╇━━━━━━━━━━╇━━━━━━━━━━━╇━━━━━━━
│ Overall              │ 0.0768   │ 0.0768   │ 0.0000   │ 0        │ 0         │ 54.3471  │ 67.1673   │ 0.0000   │ 0         │ 0     
│ nom_tt_025C_1v80     │ 0.2770   │ 0.2770   │ 0.0000   │ 0        │ 0         │ 57.3175  │ 84.2614   │ 0.0000   │ 0         │ 0     
│ nom_ss_100C_1v60     │ 0.8287   │ 0.8287   │ 0.0000   │ 0        │ 0         │ 54.3948  │ 67.6154   │ 0.0000   │ 0         │ 0     
│ nom_ff_n40C_1v95     │ 0.0768   │ 0.0768   │ 0.0000   │ 0        │ 0         │ 58.2851  │ 90.3628   │ 0.0000   │ 0         │ 0     
│ min_tt_025C_1v80     │ 0.2775   │ 0.2775   │ 0.0000   │ 0        │ 0         │ 57.3399  │ 84.4983   │ 0.0000   │ 0         │ 0     
│ min_ss_100C_1v60     │ 0.8199   │ 0.8199   │ 0.0000   │ 0        │ 0         │ 54.4357  │ 68.0704   │ 0.0000   │ 0         │ 0     
│ min_ff_n40C_1v95     │ 0.0768   │ 0.0768   │ 0.0000   │ 0        │ 0         │ 58.3003  │ 90.5238   │ 0.0000   │ 0         │ 0     
│ max_tt_025C_1v80     │ 0.2789   │ 0.2789   │ 0.0000   │ 0        │ 0         │ 57.2921  │ 84.0211   │ 0.0000   │ 0         │ 0     
│ max_ss_100C_1v60     │ 0.8405   │ 0.8405   │ 0.0000   │ 0        │ 0         │ 54.3471  │ 67.1673   │ 0.0000   │ 0         │ 0     
│ max_ff_n40C_1v95     │ 0.0795   │ 0.0795   │ 0.0000   │ 0        │ 0         │ 58.2674  │ 90.1938   │ 0.0000   │ 0         │ 0     
└──────────────────────┴──────────┴──────────┴──────────┴──────────┴───────────┴──────────┴───────────┴──────────┴───────────┴───────
