
===========================================================================
 report_power
============================================================================
======================= nom_tt_025C_1v80 Corner ===================================

Group                    Internal    Switching      Leakage        Total
                            Power        Power        Power        Power (Watts)
------------------------------------------------------------------------
Sequential           8.479523e-04 1.991190e-05 2.661067e-08 8.678908e-04  27.0%
Combinational        5.018414e-04 1.214541e-03 5.258032e-08 1.716435e-03  53.5%
Clock                2.175116e-04 4.094325e-04 1.961657e-08 6.269637e-04  19.5%
Macro                0.000000e+00 0.000000e+00 0.000000e+00 0.000000e+00   0.0%
Pad                  0.000000e+00 0.000000e+00 0.000000e+00 0.000000e+00   0.0%
------------------------------------------------------------------------
Total                1.567305e-03 1.643886e-03 9.880169e-08 3.211290e-03 100.0%
                            48.8%        51.2%         0.0%

