
===========================================================================
 report_power
============================================================================
======================= nom_tt_025C_1v80 Corner ===================================

Group                    Internal    Switching      Leakage        Total
                            Power        Power        Power        Power (Watts)
------------------------------------------------------------------------
Sequential           8.477126e-04 2.185455e-05 2.659113e-08 8.695938e-04  25.1%
Combinational        5.012467e-04 1.216337e-03 5.384922e-08 1.717638e-03  49.6%
Clock                4.611521e-04 4.171595e-04 2.317684e-08 8.783347e-04  25.3%
Macro                0.000000e+00 0.000000e+00 0.000000e+00 0.000000e+00   0.0%
Pad                  0.000000e+00 0.000000e+00 0.000000e+00 0.000000e+00   0.0%
------------------------------------------------------------------------
Total                1.810115e-03 1.655352e-03 1.036104e-07 3.465571e-03 100.0%
                            52.2%        47.8%         0.0%

