
===========================================================================
 report_power
============================================================================
======================= nom_tt_025C_1v80 Corner ===================================

Group                    Internal    Switching      Leakage        Total
                            Power        Power        Power        Power (Watts)
------------------------------------------------------------------------
Sequential           8.458126e-04 1.374602e-05 2.658560e-08 8.595852e-04  27.2%
Combinational        5.248469e-04 1.163515e-03 5.572509e-08 1.688418e-03  53.5%
Clock                2.671389e-04 3.418959e-04 4.188793e-08 6.090767e-04  19.3%
Macro                0.000000e+00 0.000000e+00 0.000000e+00 0.000000e+00   0.0%
Pad                  0.000000e+00 0.000000e+00 0.000000e+00 0.000000e+00   0.0%
------------------------------------------------------------------------
Total                1.637800e-03 1.519157e-03 1.241898e-07 3.157081e-03 100.0%
                            51.9%        48.1%         0.0%

