
===========================================================================
 report_power
============================================================================
======================= min_ff_n40C_1v95 Corner ===================================

Group                    Internal    Switching      Leakage        Total
                            Power        Power        Power        Power (Watts)
------------------------------------------------------------------------
Sequential           1.983810e-06 1.172622e-07 1.564464e-11 2.101088e-06   0.1%
Combinational        2.502029e-05 3.690513e-05 6.834519e-09 6.193226e-05   3.8%
Clock                2.792560e-05 3.819423e-05 3.354850e-09 6.612318e-05   4.1%
Macro                1.485566e-03 0.000000e+00 4.161120e-08 1.485608e-03  91.9%
Pad                  0.000000e+00 0.000000e+00 0.000000e+00 0.000000e+00   0.0%
------------------------------------------------------------------------
Total                1.540495e-03 7.521665e-05 5.181635e-08 1.615764e-03 100.0%
                            95.3%         4.7%         0.0%

