
===========================================================================
 report_power
============================================================================
======================= nom_ff_n40C_1v95 Corner ===================================

Group                    Internal    Switching      Leakage        Total
                            Power        Power        Power        Power (Watts)
------------------------------------------------------------------------
Sequential           2.589502e-05 4.552582e-08 1.124589e-09 2.594167e-05  46.3%
Combinational        1.276375e-06 2.709677e-06 1.042413e-08 3.996477e-06   7.1%
Clock                1.026435e-05 1.585459e-05 1.948705e-08 2.613843e-05  46.6%
Macro                0.000000e+00 0.000000e+00 0.000000e+00 0.000000e+00   0.0%
Pad                  0.000000e+00 0.000000e+00 0.000000e+00 0.000000e+00   0.0%
------------------------------------------------------------------------
Total                3.743576e-05 1.860980e-05 3.103600e-08 5.607659e-05 100.0%
                            66.8%        33.2%         0.1%

