
===========================================================================
 report_power
============================================================================
======================= min_ff_n40C_1v95 Corner ===================================

Group                    Internal    Switching      Leakage        Total
                            Power        Power        Power        Power (Watts)
------------------------------------------------------------------------
Sequential           1.998127e-06 1.172622e-07 1.564464e-11 2.115405e-06   0.1%
Combinational        2.497805e-05 3.683147e-05 6.828921e-09 6.181635e-05   3.8%
Clock                2.477999e-05 3.179190e-05 3.286676e-09 5.657518e-05   3.5%
Macro                1.485566e-03 0.000000e+00 4.161120e-08 1.485608e-03  92.5%
Pad                  0.000000e+00 0.000000e+00 0.000000e+00 0.000000e+00   0.0%
------------------------------------------------------------------------
Total                1.537321e-03 6.874065e-05 5.174258e-08 1.606114e-03 100.0%
                            95.7%         4.3%         0.0%

