
===========================================================================
 report_power
============================================================================
======================= nom_tt_025C_1v80 Corner ===================================

Group                    Internal    Switching      Leakage        Total
                            Power        Power        Power        Power (Watts)
------------------------------------------------------------------------
Sequential           7.744495e-04 4.650416e-06 2.665099e-08 7.791266e-04  53.0%
Combinational        1.652799e-05 4.124303e-05 5.118759e-08 5.782221e-05   3.9%
Clock                2.463454e-04 3.860395e-04 2.233526e-08 6.324072e-04  43.0%
Macro                0.000000e+00 0.000000e+00 0.000000e+00 0.000000e+00   0.0%
Pad                  0.000000e+00 0.000000e+00 0.000000e+00 0.000000e+00   0.0%
------------------------------------------------------------------------
Total                1.037322e-03 4.319329e-04 1.001654e-07 1.469354e-03 100.0%
                            70.6%        29.4%         0.0%

