┏━━━━━━━━━━━━━━━━━━━━━━┳━━━━━━━━━━┳━━━━━━━━━━┳━━━━━━━━━━┳━━━━━━━━━━┳━━━━━━━━━━━┳━━━━━━━━━━┳━━━━━━━━━━━┳━━━━━━━━━━┳━━━━━━━━━━━┳━━━━━━━
┃                      ┃ Hold     ┃ Reg to   ┃          ┃          ┃ of which  ┃ Setup    ┃           ┃          ┃           ┃ of whi
┃                      ┃ Worst    ┃ Reg      ┃          ┃ Hold Vio ┃ reg to    ┃ Worst    ┃ Reg to    ┃ Setup    ┃ Setup Vio ┃ reg to
┃ Corner/Group         ┃ Slack    ┃ Paths    ┃ Hold TNS ┃ Count    ┃ reg       ┃ Slack    ┃ Reg Paths ┃ TNS      ┃ Count     ┃ reg   
┡━━━━━━━━━━━━━━━━━━━━━━╇━━━━━━━━━━╇━━━━━━━━━━╇━━━━━━━━━━╇━━━━━━━━━━╇━━━━━━━━━━━╇━━━━━━━━━━╇━━━━━━━━━━━╇━━━━━━━━━━╇━━━━━━━━━━━╇━━━━━━━
│ Overall              │ 0.7527   │ 1.0495   │ 0.0000   │ 0        │ 0         │ 28.9588  │ 28.9588   │ 0.0000   │ 0         │ 0     
│ nom_tt_025C_1v80     │ 1.7386   │ 1.7386   │ 0.0000   │ 0        │ 0         │ 33.8088  │ 33.8088   │ 0.0000   │ 0         │ 0     
│ nom_ss_100C_1v60     │ 2.6229   │ 2.6229   │ 0.0000   │ 0        │ 0         │ 29.2313  │ 29.2313   │ 0.0000   │ 0         │ 0     
│ nom_ff_n40C_1v95     │ 0.8571   │ 1.0764   │ 0.0000   │ 0        │ 0         │ 35.5620  │ 35.5620   │ 0.0000   │ 0         │ 0     
│ min_tt_025C_1v80     │ 1.7177   │ 1.7177   │ 0.0000   │ 0        │ 0         │ 33.9455  │ 33.9455   │ 0.0000   │ 0         │ 0     
│ min_ss_100C_1v60     │ 2.5487   │ 2.5487   │ 0.0000   │ 0        │ 0         │ 29.5283  │ 29.5283   │ 0.0000   │ 0         │ 0     
│ min_ff_n40C_1v95     │ 0.9435   │ 1.0495   │ 0.0000   │ 0        │ 0         │ 35.6272  │ 35.6272   │ 0.0000   │ 0         │ 0     
│ max_tt_025C_1v80     │ 1.6798   │ 1.7502   │ 0.0000   │ 0        │ 0         │ 33.6897  │ 33.6897   │ 0.0000   │ 0         │ 0     
│ max_ss_100C_1v60     │ 2.6246   │ 2.6246   │ 0.0000   │ 0        │ 0         │ 28.9588  │ 28.9588   │ 0.0000   │ 0         │ 0     
│ max_ff_n40C_1v95     │ 0.7527   │ 1.0955   │ 0.0000   │ 0        │ 0         │ 35.5148  │ 35.5148   │ 0.0000   │ 0         │ 0     
└──────────────────────┴──────────┴──────────┴──────────┴──────────┴───────────┴──────────┴───────────┴──────────┴───────────┴───────
