┏━━━━━━━━━━━━━━━━━━━━━━┳━━━━━━━━━━┳━━━━━━━━━━┳━━━━━━━━━━┳━━━━━━━━━━┳━━━━━━━━━━━┳━━━━━━━━━━┳━━━━━━━━━━━┳━━━━━━━━━━┳━━━━━━
┃                      ┃ Hold     ┃ Reg to   ┃          ┃          ┃ of which  ┃ Setup    ┃           ┃          ┃      
┃                      ┃ Worst    ┃ Reg      ┃          ┃ Hold Vio ┃ reg to    ┃ Worst    ┃ Reg to    ┃ Setup    ┃ Setup
┃ Corner/Group         ┃ Slack    ┃ Paths    ┃ Hold TNS ┃ Count    ┃ reg       ┃ Slack    ┃ Reg Paths ┃ TNS      ┃ Count
┡━━━━━━━━━━━━━━━━━━━━━━╇━━━━━━━━━━╇━━━━━━━━━━╇━━━━━━━━━━╇━━━━━━━━━━╇━━━━━━━━━━━╇━━━━━━━━━━╇━━━━━━━━━━━╇━━━━━━━━━━╇━━━━━━
│ Overall              │ 0.1057   │ 0.1057   │ 0.0000   │ 0        │ 0         │ 17.8124  │ 17.8124   │ 0.0000   │ 0    
│ nom_tt_025C_1v80     │ 0.3201   │ 0.3201   │ 0.0000   │ 0        │ 0         │ 60.5132  │ 60.5132   │ 0.0000   │ 0    
│ nom_ss_100C_1v60     │ 0.8857   │ 0.8857   │ 0.0000   │ 0        │ 0         │ 18.6735  │ 18.6735   │ 0.0000   │ 0    
│ nom_ff_n40C_1v95     │ 0.1073   │ 0.1073   │ 0.0000   │ 0        │ 0         │ 75.8769  │ 75.8769   │ 0.0000   │ 0    
│ min_tt_025C_1v80     │ 0.3177   │ 0.3177   │ 0.0000   │ 0        │ 0         │ 60.9322  │ 60.9322   │ 0.0000   │ 0    
│ min_ss_100C_1v60     │ 0.8799   │ 0.8799   │ 0.0000   │ 0        │ 0         │ 19.4073  │ 19.4073   │ 0.0000   │ 0    
│ min_ff_n40C_1v95     │ 0.1057   │ 0.1057   │ 0.0000   │ 0        │ 0         │ 76.1549  │ 76.1550   │ 0.0000   │ 0    
│ max_tt_025C_1v80     │ 0.3234   │ 0.3234   │ 0.0000   │ 0        │ 0         │ 60.0518  │ 60.0518   │ 0.0000   │ 0    
│ max_ss_100C_1v60     │ 0.8925   │ 0.8925   │ 0.0000   │ 0        │ 0         │ 17.8124  │ 17.8124   │ 0.0000   │ 0    
│ max_ff_n40C_1v95     │ 0.1096   │ 0.1096   │ 0.0000   │ 0        │ 0         │ 75.5656  │ 75.5656   │ 0.0000   │ 0    
└──────────────────────┴──────────┴──────────┴──────────┴──────────┴───────────┴──────────┴───────────┴──────────┴──────
