┏━━━━━━━━━━━━━━━━━━━━━━┳━━━━━━━━━━┳━━━━━━━━━━┳━━━━━━━━━━┳━━━━━━━━━━┳━━━━━━━━━━━┳━━━━━━━━━━┳━━━━━━━━━━━┳━━━━━━━━━━┳━━━
┃                      ┃ Hold     ┃ Reg to   ┃          ┃          ┃ of which  ┃ Setup    ┃           ┃          ┃   
┃                      ┃ Worst    ┃ Reg      ┃          ┃ Hold Vio ┃ reg to    ┃ Worst    ┃ Reg to    ┃ Setup    ┃ Se
┃ Corner/Group         ┃ Slack    ┃ Paths    ┃ Hold TNS ┃ Count    ┃ reg       ┃ Slack    ┃ Reg Paths ┃ TNS      ┃ Co
┡━━━━━━━━━━━━━━━━━━━━━━╇━━━━━━━━━━╇━━━━━━━━━━╇━━━━━━━━━━╇━━━━━━━━━━╇━━━━━━━━━━━╇━━━━━━━━━━╇━━━━━━━━━━━╇━━━━━━━━━━╇━━━
│ Overall              │ 0.1083   │ 0.1083   │ 0.0000   │ 0        │ 0         │ 18.9680  │ 18.9680   │ 0.0000   │ 0 
│ nom_tt_025C_1v80     │ 0.3132   │ 0.3132   │ 0.0000   │ 0        │ 0         │ 60.5109  │ 60.5109   │ 0.0000   │ 0 
│ nom_ss_100C_1v60     │ 0.8556   │ 0.8556   │ 0.0000   │ 0        │ 0         │ 19.9225  │ 19.9225   │ 0.0000   │ 0 
│ nom_ff_n40C_1v95     │ 0.1103   │ 0.1103   │ 0.0000   │ 0        │ 0         │ 75.6327  │ 75.6327   │ 0.0000   │ 0 
│ min_tt_025C_1v80     │ 0.3104   │ 0.3104   │ 0.0000   │ 0        │ 0         │ 60.9572  │ 60.9571   │ 0.0000   │ 0 
│ min_ss_100C_1v60     │ 0.8507   │ 0.8507   │ 0.0000   │ 0        │ 0         │ 20.7165  │ 20.7165   │ 0.0000   │ 0 
│ min_ff_n40C_1v95     │ 0.1083   │ 0.1083   │ 0.0000   │ 0        │ 0         │ 75.9431  │ 75.9431   │ 0.0000   │ 0 
│ max_tt_025C_1v80     │ 0.3161   │ 0.3161   │ 0.0000   │ 0        │ 0         │ 59.9839  │ 59.9839   │ 0.0000   │ 0 
│ max_ss_100C_1v60     │ 0.8608   │ 0.8608   │ 0.0000   │ 0        │ 0         │ 18.9680  │ 18.9680   │ 0.0000   │ 0 
│ max_ff_n40C_1v95     │ 0.1133   │ 0.1133   │ 0.0000   │ 0        │ 0         │ 75.2755  │ 75.2755   │ 0.0000   │ 0 
└──────────────────────┴──────────┴──────────┴──────────┴──────────┴───────────┴──────────┴───────────┴──────────┴───
