
===========================================================================
 report_power
============================================================================
======================= min_tt_025C_1v80 Corner ===================================

Group                    Internal    Switching      Leakage        Total
                            Power        Power        Power        Power (Watts)
------------------------------------------------------------------------
Sequential           1.947572e-04 1.073662e-05 5.491395e-09 2.054993e-04  43.3%
Combinational        5.521940e-05 8.026446e-05 2.029812e-08 1.355042e-04  28.6%
Clock                5.573970e-05 7.753616e-05 2.063196e-08 1.332965e-04  28.1%
Macro                0.000000e+00 0.000000e+00 0.000000e+00 0.000000e+00   0.0%
Pad                  0.000000e+00 0.000000e+00 0.000000e+00 0.000000e+00   0.0%
------------------------------------------------------------------------
Total                3.057164e-04 1.685372e-04 4.642119e-08 4.743001e-04 100.0%
                            64.5%        35.5%         0.0%

