
===========================================================================
 report_power
============================================================================
======================= min_tt_025C_1v80 Corner ===================================

Group                    Internal    Switching      Leakage        Total
                            Power        Power        Power        Power (Watts)
------------------------------------------------------------------------
Sequential           5.764262e-04 2.998062e-06 1.945017e-08 5.794437e-04  45.8%
Combinational        1.681215e-05 3.430665e-05 5.026257e-08 5.116906e-05   4.0%
Clock                3.494018e-04 2.856067e-04 2.128689e-08 6.350297e-04  50.2%
Macro                0.000000e+00 0.000000e+00 0.000000e+00 0.000000e+00   0.0%
Pad                  0.000000e+00 0.000000e+00 0.000000e+00 0.000000e+00   0.0%
------------------------------------------------------------------------
Total                9.426398e-04 3.229114e-04 9.099299e-08 1.265642e-03 100.0%
                            74.5%        25.5%         0.0%

