
===========================================================================
 report_power
============================================================================
======================= min_tt_025C_1v80 Corner ===================================

Group                    Internal    Switching      Leakage        Total
                            Power        Power        Power        Power (Watts)
------------------------------------------------------------------------
Sequential           5.763666e-04 3.070860e-06 1.941938e-08 5.794569e-04  56.9%
Combinational        1.724219e-05 3.431982e-05 5.118960e-08 5.161320e-05   5.1%
Clock                1.527772e-04 2.348492e-04 2.411527e-08 3.876505e-04  38.1%
Macro                0.000000e+00 0.000000e+00 0.000000e+00 0.000000e+00   0.0%
Pad                  0.000000e+00 0.000000e+00 0.000000e+00 0.000000e+00   0.0%
------------------------------------------------------------------------
Total                7.463861e-04 2.722398e-04 9.471623e-08 1.018721e-03 100.0%
                            73.3%        26.7%         0.0%

