
===========================================================================
 report_power
============================================================================
======================= min_ss_100C_1v60 Corner ===================================

Group                    Internal    Switching      Leakage        Total
                            Power        Power        Power        Power (Watts)
------------------------------------------------------------------------
Sequential           6.505893e-04 1.373145e-05 3.918694e-05 7.035077e-04  28.0%
Combinational        4.164856e-04 8.416713e-04 6.186230e-05 1.320019e-03  52.5%
Clock                2.282708e-04 2.569103e-04 3.370920e-06 4.885520e-04  19.4%
Macro                0.000000e+00 0.000000e+00 0.000000e+00 0.000000e+00   0.0%
Pad                  0.000000e+00 0.000000e+00 0.000000e+00 0.000000e+00   0.0%
------------------------------------------------------------------------
Total                1.295347e-03 1.112312e-03 1.044174e-04 2.512077e-03 100.0%
                            51.6%        44.3%         4.2%

