
===========================================================================
 report_power
============================================================================
======================= max_ss_100C_1v60 Corner ===================================

Group                    Internal    Switching      Leakage        Total
                            Power        Power        Power        Power (Watts)
------------------------------------------------------------------------
Sequential           3.803553e-04 3.284305e-06 2.680491e-05 4.104445e-04  47.2%
Combinational        1.456979e-05 3.041608e-05 6.142864e-05 1.064145e-04  12.2%
Clock                1.060477e-04 2.452463e-04 1.892669e-06 3.531867e-04  40.6%
Macro                0.000000e+00 0.000000e+00 0.000000e+00 0.000000e+00   0.0%
Pad                  0.000000e+00 0.000000e+00 0.000000e+00 0.000000e+00   0.0%
------------------------------------------------------------------------
Total                5.009719e-04 2.789467e-04 9.012346e-05 8.700420e-04 100.0%
                            57.6%        32.1%        10.4%

