
===========================================================================
 report_power
============================================================================
======================= max_ss_100C_1v60 Corner ===================================

Group                    Internal    Switching      Leakage        Total
                            Power        Power        Power        Power (Watts)
------------------------------------------------------------------------
Sequential           1.715595e-04 2.309554e-06 1.013657e-05 1.840057e-04  53.1%
Combinational        1.096809e-05 1.687060e-05 1.486732e-05 4.270602e-05  12.3%
Clock                4.740231e-05 7.173030e-05 7.164305e-07 1.198490e-04  34.6%
Macro                0.000000e+00 0.000000e+00 0.000000e+00 0.000000e+00   0.0%
Pad                  0.000000e+00 0.000000e+00 0.000000e+00 0.000000e+00   0.0%
------------------------------------------------------------------------
Total                2.299299e-04 9.091043e-05 2.572037e-05 3.465607e-04 100.0%
                            66.3%        26.2%         7.4%

