
===========================================================================
 report_power
============================================================================
======================= max_ss_100C_1v60 Corner ===================================

Group                    Internal    Switching      Leakage        Total
                            Power        Power        Power        Power (Watts)
------------------------------------------------------------------------
Sequential           2.618911e-04 4.353826e-07 1.502617e-05 2.773526e-04  50.4%
Combinational        1.371063e-06 1.793394e-06 2.677533e-05 2.993979e-05   5.4%
Clock                9.976316e-05 1.416296e-04 1.925296e-06 2.433180e-04  44.2%
Macro                0.000000e+00 0.000000e+00 0.000000e+00 0.000000e+00   0.0%
Pad                  0.000000e+00 0.000000e+00 0.000000e+00 0.000000e+00   0.0%
------------------------------------------------------------------------
Total                3.630254e-04 1.438583e-04 4.372679e-05 5.506105e-04 100.0%
                            65.9%        26.1%         7.9%

