
===========================================================================
 report_power
============================================================================
======================= max_ff_n40C_1v95 Corner ===================================

Group                    Internal    Switching      Leakage        Total
                            Power        Power        Power        Power (Watts)
------------------------------------------------------------------------
Sequential           3.975755e-04 1.037837e-06 1.536179e-08 3.986287e-04  61.2%
Combinational        1.924987e-06 3.083404e-06 5.383344e-08 5.062225e-06   0.8%
Clock                8.379015e-05 1.639588e-04 2.730051e-08 2.477763e-04  38.0%
Macro                0.000000e+00 0.000000e+00 0.000000e+00 0.000000e+00   0.0%
Pad                  0.000000e+00 0.000000e+00 0.000000e+00 0.000000e+00   0.0%
------------------------------------------------------------------------
Total                4.832908e-04 1.680801e-04 9.649386e-08 6.514674e-04 100.0%
                            74.2%        25.8%         0.0%

