
===========================================================================
 report_power
============================================================================
======================= nom_tt_025C_1v80 Corner ===================================

Group                    Internal    Switching      Leakage        Total
                            Power        Power        Power        Power (Watts)
------------------------------------------------------------------------
Sequential           3.417996e-04 8.393342e-07 9.805454e-09 3.426487e-04  61.9%
Combinational        1.688973e-06 2.492439e-06 2.641834e-08 4.207830e-06   0.8%
Clock                7.349754e-05 1.330405e-04 2.160912e-08 2.065596e-04  37.3%
Macro                0.000000e+00 0.000000e+00 0.000000e+00 0.000000e+00   0.0%
Pad                  0.000000e+00 0.000000e+00 0.000000e+00 0.000000e+00   0.0%
------------------------------------------------------------------------
Total                4.169861e-04 1.363722e-04 5.783251e-08 5.534162e-04 100.0%
                            75.3%        24.6%         0.0%

