
===========================================================================
 report_power
============================================================================
======================= max_ss_100C_1v60 Corner ===================================

Group                    Internal    Switching      Leakage        Total
                            Power        Power        Power        Power (Watts)
------------------------------------------------------------------------
Sequential           1.498861e-04 9.011068e-06 8.120752e-06 1.670179e-04  40.2%
Combinational        4.500330e-05 6.851997e-05 2.238196e-05 1.359052e-04  32.7%
Clock                4.555689e-05 6.620657e-05 6.975092e-07 1.124610e-04  27.1%
Macro                0.000000e+00 0.000000e+00 0.000000e+00 0.000000e+00   0.0%
Pad                  0.000000e+00 0.000000e+00 0.000000e+00 0.000000e+00   0.0%
------------------------------------------------------------------------
Total                2.404462e-04 1.437376e-04 3.120019e-05 4.153840e-04 100.0%
                            57.9%        34.6%         7.5%

