┏━━━━━━━━━━━━━━━━━━━━━━┳━━━━━━━━━━┳━━━━━━━━━━┳━━━━━━━━━━┳━━━━━━━━━━┳━━━━━━━━━━━┳━━━━━━━━━━┳━━━━━━━━━━━┳━━━━━━━━━━┳━━━━━━━━━━━┳━━━━━━━━
┃                      ┃ Hold     ┃ Reg to   ┃          ┃          ┃ of which  ┃ Setup    ┃           ┃          ┃           ┃ of whic
┃                      ┃ Worst    ┃ Reg      ┃          ┃ Hold Vio ┃ reg to    ┃ Worst    ┃ Reg to    ┃ Setup    ┃ Setup Vio ┃ reg to 
┃ Corner/Group         ┃ Slack    ┃ Paths    ┃ Hold TNS ┃ Count    ┃ reg       ┃ Slack    ┃ Reg Paths ┃ TNS      ┃ Count     ┃ reg    
┡━━━━━━━━━━━━━━━━━━━━━━╇━━━━━━━━━━╇━━━━━━━━━━╇━━━━━━━━━━╇━━━━━━━━━━╇━━━━━━━━━━━╇━━━━━━━━━━╇━━━━━━━━━━━╇━━━━━━━━━━╇━━━━━━━━━━━╇━━━━━━━━
│ Overall              │ 0.0739   │ 0.0739   │ 0.0000   │ 0        │ 0         │ 58.6751  │ 79.7748   │ 0.0000   │ 0         │ 0      
│ nom_tt_025C_1v80     │ 0.2847   │ 0.2847   │ 0.0000   │ 0        │ 0         │ 69.2882  │ 89.9614   │ 0.0000   │ 0         │ 0      
│ nom_ss_100C_1v60     │ 0.8382   │ 0.8382   │ 0.0000   │ 0        │ 0         │ 59.2360  │ 80.2971   │ 0.0000   │ 0         │ 0      
│ nom_ff_n40C_1v95     │ 0.0751   │ 0.0751   │ 0.0000   │ 0        │ 0         │ 73.1883  │ 93.6369   │ 0.0000   │ 0         │ 0      
│ min_tt_025C_1v80     │ 0.2803   │ 0.2803   │ 0.0000   │ 0        │ 0         │ 69.6696  │ 90.2850   │ 0.0000   │ 0         │ 0      
│ min_ss_100C_1v60     │ 0.8293   │ 0.8293   │ 0.0000   │ 0        │ 0         │ 59.9484  │ 80.8578   │ 0.0000   │ 0         │ 0      
│ min_ff_n40C_1v95     │ 0.0759   │ 0.0759   │ 0.0000   │ 0        │ 0         │ 73.4524  │ 93.8418   │ 0.0000   │ 0         │ 0      
│ max_tt_025C_1v80     │ 0.2865   │ 0.2865   │ 0.0000   │ 0        │ 0         │ 68.9819  │ 89.6823   │ 0.0000   │ 0         │ 0      
│ max_ss_100C_1v60     │ 0.8517   │ 0.8517   │ 0.0000   │ 0        │ 0         │ 58.6751  │ 79.7748   │ 0.0000   │ 0         │ 0      
│ max_ff_n40C_1v95     │ 0.0739   │ 0.0739   │ 0.0000   │ 0        │ 0         │ 72.9694  │ 93.4567   │ 0.0000   │ 0         │ 0      
└──────────────────────┴──────────┴──────────┴──────────┴──────────┴───────────┴──────────┴───────────┴──────────┴───────────┴────────
