
===========================================================================
report_checks -unconstrained
===========================================================================
======================= nom_ss_100C_1v60 Corner ===================================

Startpoint: nrst (input port clocked by clk)
Endpoint: _9097_ (recovery check against rising-edge clock clk)
Path Group: asynchronous
Path Type: max

Fanout         Cap        Slew       Delay        Time   Description
---------------------------------------------------------------------------------------------
                                  0.000000    0.000000   clock clk (rise edge)
                                  0.000000    0.000000   clock network delay (propagated)
                                 20.000000   20.000000 ^ input external delay
     2    0.004460    0.043473    0.024551   20.024551 ^ nrst (in)
                                                         nrst (net)
                      0.043487    0.000000   20.024551 ^ input5/A (sky130_fd_sc_hd__clkbuf_2)
     3    0.031640    0.273646    0.325048   20.349600 ^ input5/X (sky130_fd_sc_hd__clkbuf_2)
                                                         net5 (net)
                      0.273710    0.003466   20.353065 ^ _4679_/C (sky130_fd_sc_hd__nand3b_1)
     1    0.007473    0.225698    0.313884   20.666950 v _4679_/Y (sky130_fd_sc_hd__nand3b_1)
                                                         _0608_ (net)
                      0.225698    0.000325   20.667274 v fanout282/A (sky130_fd_sc_hd__buf_4)
    15    0.116771    0.263586    0.504045   21.171320 v fanout282/X (sky130_fd_sc_hd__buf_4)
                                                         net282 (net)
                      0.263609    0.002133   21.173452 v _4680_/A (sky130_fd_sc_hd__inv_2)
     5    0.060378    0.440958    0.445299   21.618752 ^ _4680_/Y (sky130_fd_sc_hd__inv_2)
                                                         allocation.game.cactus1size.clock_div_inst0.reset (net)
                      0.440993    0.003338   21.622089 ^ fanout216/A (sky130_fd_sc_hd__buf_2)
    11    0.057793    0.447676    0.623016   22.245106 ^ fanout216/X (sky130_fd_sc_hd__buf_2)
                                                         net216 (net)
                      0.447719    0.004547   22.249653 ^ fanout215/A (sky130_fd_sc_hd__buf_4)
    17    0.079857    0.355150    0.577852   22.827505 ^ fanout215/X (sky130_fd_sc_hd__buf_4)
                                                         net215 (net)
                      0.355209    0.004583   22.832088 ^ fanout214/A (sky130_fd_sc_hd__buf_4)
    21    0.077058    0.342248    0.528409   23.360498 ^ fanout214/X (sky130_fd_sc_hd__buf_4)
                                                         net214 (net)
                      0.342250    0.001794   23.362293 ^ fanout213/A (sky130_fd_sc_hd__clkbuf_4)
    10    0.050711    0.251620    0.503176   23.865469 ^ fanout213/X (sky130_fd_sc_hd__clkbuf_4)
                                                         net213 (net)
                      0.251621    0.001293   23.866762 ^ fanout212/A (sky130_fd_sc_hd__clkbuf_4)
    10    0.046607    0.233639    0.451312   24.318073 ^ fanout212/X (sky130_fd_sc_hd__clkbuf_4)
                                                         net212 (net)
                      0.233651    0.001933   24.320005 ^ _9097_/RESET_B (sky130_fd_sc_hd__dfrtp_1)
                                             24.320005   data arrival time

                                100.000000  100.000000   clock clk (rise edge)
                                  0.000000  100.000000   clock source latency
     2    0.045777    0.330391    0.230948  100.230942 ^ clk (in)
                                                         clk (net)
                      0.330427    0.000000  100.230942 ^ clkbuf_0_clk/A (sky130_fd_sc_hd__clkbuf_16)
     5    0.056417    0.117306    0.382236  100.613182 ^ clkbuf_0_clk/X (sky130_fd_sc_hd__clkbuf_16)
                                                         clknet_0_clk (net)
                      0.117326    0.001485  100.614670 ^ clkbuf_1_1__f_clk/A (sky130_fd_sc_hd__clkbuf_16)
    25    0.151160    0.248257    0.390649  101.005318 ^ clkbuf_1_1__f_clk/X (sky130_fd_sc_hd__clkbuf_16)
                                                         clknet_1_1__leaf_clk (net)
                      0.248491    0.004860  101.010178 ^ clkbuf_leaf_13_clk/A (sky130_fd_sc_hd__clkbuf_8)
    43    0.102468    0.283573    0.472852  101.483025 ^ clkbuf_leaf_13_clk/X (sky130_fd_sc_hd__clkbuf_8)
                                                         clknet_leaf_13_clk (net)
                      0.283589    0.002430  101.485458 ^ _9097_/CLK (sky130_fd_sc_hd__dfrtp_1)
                                 -0.250000  101.235458   clock uncertainty
                                  0.000000  101.235458   clock reconvergence pessimism
                                  0.473945  101.709404   library recovery time
                                            101.709404   data required time
---------------------------------------------------------------------------------------------
                                            101.709404   data required time
                                            -24.320005   data arrival time
---------------------------------------------------------------------------------------------
                                             77.389404   slack (MET)


Startpoint: gpio_in[2] (input port clocked by clk)
Endpoint: gpio_out[4] (output port clocked by clk)
Path Group: clk
Path Type: max

Fanout         Cap        Slew       Delay        Time   Description
---------------------------------------------------------------------------------------------
                                  0.000000    0.000000   clock clk (rise edge)
                                  0.000000    0.000000   clock network delay (propagated)
                                 20.000000   20.000000 v input external delay
     2    0.004221    0.024014    0.013710   20.013710 v gpio_in[2] (in)
                                                         gpio_in[2] (net)
                      0.024014    0.000000   20.013710 v input4/A (sky130_fd_sc_hd__clkbuf_2)
    15    0.043915    0.304744    0.360426   20.374136 v input4/X (sky130_fd_sc_hd__clkbuf_2)
                                                         net4 (net)
                      0.304847    0.002210   20.376347 v _7037_/A (sky130_fd_sc_hd__nor2_1)
     4    0.011843    0.380102    0.444356   20.820702 ^ _7037_/Y (sky130_fd_sc_hd__nor2_1)
                                                         _2758_ (net)
                      0.380102    0.000256   20.820957 ^ _7038_/C (sky130_fd_sc_hd__and3_1)
     2    0.008139    0.158402    0.466276   21.287233 ^ _7038_/X (sky130_fd_sc_hd__and3_1)
                                                         _2759_ (net)
                      0.158402    0.000172   21.287407 ^ _7039_/A2 (sky130_fd_sc_hd__a21o_1)
     3    0.011893    0.177017    0.334884   21.622290 ^ _7039_/X (sky130_fd_sc_hd__a21o_1)
                                                         _2760_ (net)
                      0.177017    0.000206   21.622496 ^ _7046_/B1 (sky130_fd_sc_hd__a22o_1)
     1    0.004436    0.101736    0.296495   21.918991 ^ _7046_/X (sky130_fd_sc_hd__a22o_1)
                                                         net28 (net)
                      0.101736    0.000126   21.919117 ^ output28/A (sky130_fd_sc_hd__clkbuf_4)
     1    0.035729    0.185991    0.347626   22.266745 ^ output28/X (sky130_fd_sc_hd__clkbuf_4)
                                                         gpio_out[4] (net)
                      0.185993    0.001011   22.267754 ^ gpio_out[4] (out)
                                             22.267754   data arrival time

                                100.000000  100.000000   clock clk (rise edge)
                                  0.000000  100.000000   clock network delay (propagated)
                                 -0.250000   99.750000   clock uncertainty
                                  0.000000   99.750000   clock reconvergence pessimism
                                -20.000000   79.750000   output external delay
                                             79.750000   data required time
---------------------------------------------------------------------------------------------
                                             79.750000   data required time
                                            -22.267754   data arrival time
---------------------------------------------------------------------------------------------
                                             57.482243   slack (MET)




===========================================================================
report_checks --slack_max -0.01
============================================================================
======================= nom_ss_100C_1v60 Corner ===================================

No paths found.


===========================================================================
 report_check_types -max_slew -max_cap -max_fanout -violators
============================================================================
======================= nom_ss_100C_1v60 Corner ===================================

max fanout

Pin                                   Limit Fanout  Slack
---------------------------------------------------------
clkbuf_leaf_14_clk/X                     10     53    -43 (VIOLATED)
clkbuf_leaf_17_clk/X                     10     53    -43 (VIOLATED)
clkbuf_leaf_1_clk/X                      10     53    -43 (VIOLATED)
clkbuf_leaf_2_clk/X                      10     53    -43 (VIOLATED)
clkbuf_leaf_4_clk/X                      10     53    -43 (VIOLATED)
clkbuf_leaf_5_clk/X                      10     53    -43 (VIOLATED)
clkbuf_leaf_0_clk/X                      10     51    -41 (VIOLATED)
clkbuf_leaf_21_clk/X                     10     51    -41 (VIOLATED)
clkbuf_leaf_22_clk/X                     10     51    -41 (VIOLATED)
clkbuf_leaf_6_clk/X                      10     51    -41 (VIOLATED)
clkbuf_leaf_7_clk/X                      10     51    -41 (VIOLATED)
clkbuf_leaf_12_clk/X                     10     49    -39 (VIOLATED)
clkbuf_leaf_11_clk/X                     10     47    -37 (VIOLATED)
clkbuf_leaf_13_clk/X                     10     43    -33 (VIOLATED)
clkbuf_leaf_3_clk/X                      10     41    -31 (VIOLATED)
clkbuf_leaf_9_clk/X                      10     31    -21 (VIOLATED)
clkbuf_1_0__f_clk/X                      10     25    -15 (VIOLATED)
clkbuf_1_1__f_clk/X                      10     25    -15 (VIOLATED)
clkbuf_leaf_15_clk/X                     10     25    -15 (VIOLATED)
clkbuf_leaf_18_clk/X                     10     25    -15 (VIOLATED)
clkbuf_leaf_10_clk/X                     10     23    -13 (VIOLATED)
_4533_/X                                 10     21    -11 (VIOLATED)
_4534_/Y                                 10     21    -11 (VIOLATED)
_4785_/X                                 10     21    -11 (VIOLATED)
_4816_/Y                                 10     21    -11 (VIOLATED)
_4853_/Y                                 10     21    -11 (VIOLATED)
_4872_/Y                                 10     21    -11 (VIOLATED)
_9478_/Q                                 10     21    -11 (VIOLATED)
fanout100/X                              10     21    -11 (VIOLATED)
fanout103/X                              10     21    -11 (VIOLATED)
fanout104/X                              10     21    -11 (VIOLATED)
fanout107/X                              10     21    -11 (VIOLATED)
fanout109/X                              10     21    -11 (VIOLATED)
fanout110/X                              10     21    -11 (VIOLATED)
fanout120/X                              10     21    -11 (VIOLATED)
fanout124/X                              10     21    -11 (VIOLATED)
fanout136/X                              10     21    -11 (VIOLATED)
fanout141/X                              10     21    -11 (VIOLATED)
fanout145/X                              10     21    -11 (VIOLATED)
fanout150/X                              10     21    -11 (VIOLATED)
fanout151/X                              10     21    -11 (VIOLATED)
fanout160/X                              10     21    -11 (VIOLATED)
fanout163/X                              10     21    -11 (VIOLATED)
fanout195/X                              10     21    -11 (VIOLATED)
fanout214/X                              10     21    -11 (VIOLATED)
fanout220/X                              10     21    -11 (VIOLATED)
fanout229/X                              10     21    -11 (VIOLATED)
fanout231/X                              10     21    -11 (VIOLATED)
fanout233/X                              10     21    -11 (VIOLATED)
fanout244/X                              10     21    -11 (VIOLATED)
fanout254/X                              10     21    -11 (VIOLATED)
fanout255/X                              10     21    -11 (VIOLATED)
fanout256/X                              10     21    -11 (VIOLATED)
fanout257/X                              10     21    -11 (VIOLATED)
fanout258/X                              10     21    -11 (VIOLATED)
fanout259/X                              10     21    -11 (VIOLATED)
fanout261/X                              10     21    -11 (VIOLATED)
fanout266/X                              10     21    -11 (VIOLATED)
fanout270/X                              10     21    -11 (VIOLATED)
fanout272/X                              10     21    -11 (VIOLATED)
fanout278/X                              10     21    -11 (VIOLATED)
fanout281/X                              10     21    -11 (VIOLATED)
fanout34/X                               10     21    -11 (VIOLATED)
fanout36/X                               10     21    -11 (VIOLATED)
fanout37/X                               10     21    -11 (VIOLATED)
fanout41/X                               10     21    -11 (VIOLATED)
fanout44/X                               10     21    -11 (VIOLATED)
fanout46/X                               10     21    -11 (VIOLATED)
fanout47/X                               10     21    -11 (VIOLATED)
fanout48/X                               10     21    -11 (VIOLATED)
fanout50/X                               10     21    -11 (VIOLATED)
fanout51/X                               10     21    -11 (VIOLATED)
fanout57/X                               10     21    -11 (VIOLATED)
fanout61/X                               10     21    -11 (VIOLATED)
fanout62/X                               10     21    -11 (VIOLATED)
fanout65/X                               10     21    -11 (VIOLATED)
fanout68/X                               10     21    -11 (VIOLATED)
fanout69/X                               10     21    -11 (VIOLATED)
fanout72/X                               10     21    -11 (VIOLATED)
fanout74/X                               10     21    -11 (VIOLATED)
fanout76/X                               10     21    -11 (VIOLATED)
fanout78/X                               10     21    -11 (VIOLATED)
fanout80/X                               10     21    -11 (VIOLATED)
fanout81/X                               10     21    -11 (VIOLATED)
fanout82/X                               10     21    -11 (VIOLATED)
fanout86/X                               10     21    -11 (VIOLATED)
fanout87/X                               10     21    -11 (VIOLATED)
fanout89/X                               10     21    -11 (VIOLATED)
fanout95/X                               10     21    -11 (VIOLATED)
fanout96/X                               10     21    -11 (VIOLATED)
fanout99/X                               10     21    -11 (VIOLATED)
_4844_/X                                 10     19     -9 (VIOLATED)
_4873_/X                                 10     19     -9 (VIOLATED)
_4909_/Y                                 10     19     -9 (VIOLATED)
_4960_/Y                                 10     19     -9 (VIOLATED)
_4962_/X                                 10     19     -9 (VIOLATED)
_4963_/Y                                 10     19     -9 (VIOLATED)
_4983_/Y                                 10     19     -9 (VIOLATED)
_9479_/Q                                 10     19     -9 (VIOLATED)
fanout119/X                              10     19     -9 (VIOLATED)
fanout144/X                              10     19     -9 (VIOLATED)
fanout199/X                              10     19     -9 (VIOLATED)
fanout235/X                              10     19     -9 (VIOLATED)
fanout63/X                               10     19     -9 (VIOLATED)
fanout98/X                               10     19     -9 (VIOLATED)
_4806_/Y                                 10     17     -7 (VIOLATED)
_4836_/X                                 10     17     -7 (VIOLATED)
_4837_/Y                                 10     17     -7 (VIOLATED)
_4921_/X                                 10     17     -7 (VIOLATED)
_4970_/Y                                 10     17     -7 (VIOLATED)
_7330_/Y                                 10     17     -7 (VIOLATED)
fanout131/X                              10     17     -7 (VIOLATED)
fanout147/X                              10     17     -7 (VIOLATED)
fanout187/X                              10     17     -7 (VIOLATED)
fanout192/X                              10     17     -7 (VIOLATED)
fanout215/X                              10     17     -7 (VIOLATED)
_4464_/Y                                 10     15     -5 (VIOLATED)
_4470_/Y                                 10     15     -5 (VIOLATED)
_4610_/Y                                 10     15     -5 (VIOLATED)
_4746_/Y                                 10     15     -5 (VIOLATED)
_4790_/X                                 10     15     -5 (VIOLATED)
_4791_/Y                                 10     15     -5 (VIOLATED)
_4829_/Y                                 10     15     -5 (VIOLATED)
_6678_/Y                                 10     15     -5 (VIOLATED)
_7327_/Y                                 10     15     -5 (VIOLATED)
_9373_/Q                                 10     15     -5 (VIOLATED)
clkbuf_leaf_16_clk/X                     10     15     -5 (VIOLATED)
clkbuf_leaf_20_clk/X                     10     15     -5 (VIOLATED)
fanout116/X                              10     15     -5 (VIOLATED)
fanout174/X                              10     15     -5 (VIOLATED)
fanout200/X                              10     15     -5 (VIOLATED)
fanout262/X                              10     15     -5 (VIOLATED)
fanout263/X                              10     15     -5 (VIOLATED)
fanout282/X                              10     15     -5 (VIOLATED)
input4/X                                 10     15     -5 (VIOLATED)
_4477_/Y                                 10     13     -3 (VIOLATED)
_4783_/Y                                 10     13     -3 (VIOLATED)
_4807_/X                                 10     13     -3 (VIOLATED)
_4875_/X                                 10     13     -3 (VIOLATED)
_4961_/X                                 10     13     -3 (VIOLATED)
_8304_/X                                 10     13     -3 (VIOLATED)
fanout157/X                              10     13     -3 (VIOLATED)
fanout162/X                              10     13     -3 (VIOLATED)
fanout188/X                              10     13     -3 (VIOLATED)
fanout198/X                              10     13     -3 (VIOLATED)
fanout260/X                              10     13     -3 (VIOLATED)
fanout267/X                              10     13     -3 (VIOLATED)
fanout271/X                              10     13     -3 (VIOLATED)
fanout67/X                               10     13     -3 (VIOLATED)
_4675_/X                                 10     11        (VIOLATED)
_4797_/Y                                 10     11        (VIOLATED)
_4804_/X                                 10     11        (VIOLATED)
_4817_/Y                                 10     11        (VIOLATED)
_7646_/Y                                 10     11        (VIOLATED)
_7666_/Y                                 10     11        (VIOLATED)
_7800_/X                                 10     11        (VIOLATED)
_7966_/Y                                 10     11        (VIOLATED)
_9436_/Q                                 10     11        (VIOLATED)
fanout216/X                              10     11        (VIOLATED)
fanout240/X                              10     11        (VIOLATED)
fanout83/X                               10     11        (VIOLATED)



===========================================================================
report_parasitic_annotation -report_unannotated
============================================================================
Found 90 unannotated drivers.
 gpio_in[10]
 gpio_in[11]
 gpio_in[12]
 gpio_in[13]
 gpio_in[14]
 gpio_in[15]
 gpio_in[16]
 gpio_in[17]
 gpio_in[18]
 gpio_in[19]
 gpio_in[20]
 gpio_in[21]
 gpio_in[22]
 gpio_in[23]
 gpio_in[24]
 gpio_in[25]
 gpio_in[26]
 gpio_in[27]
 gpio_in[28]
 gpio_in[29]
 gpio_in[30]
 gpio_in[31]
 gpio_in[32]
 gpio_in[33]
 gpio_in[3]
 gpio_in[4]
 gpio_in[5]
 gpio_in[6]
 gpio_in[7]
 gpio_in[8]
 gpio_in[9]
 _9338__283/HI
 _9496__318/LO
 _9497__319/LO
 _9498__320/LO
 _9499__284/HI
 _9500__285/HI
 _9501__286/HI
 _9502__287/HI
 _9503__288/HI
 _9504__289/HI
 _9505__290/HI
 _9506__291/HI
 _9507__292/HI
 _9508__293/HI
 _9509__294/HI
 _9510__295/HI
 _9511__296/HI
 _9512__297/HI
 _9513__298/HI
 _9514__299/HI
 _9515__300/HI
 _9516__301/HI
 _9517__302/HI
 _9518__303/HI
 _9519__304/HI
 _9520__305/HI
 _9521__306/HI
 _9522__307/HI
 _9523__308/HI
 _9524__309/HI
 _9525__310/HI
 _9526__311/HI
 _9527__321/LO
 _9528__322/LO
 _9529__323/LO
 _9530__312/HI
 _9531__313/HI
 _9532__314/HI
 _9534__315/HI
 _9535__316/HI
 _9536__317/HI
 clkload0/X
 clkload1/X
 clkload10/Y
 clkload11/Y
 clkload12/X
 clkload13/Y
 clkload14/X
 clkload15/Y
 clkload16/X
 clkload17/Y
 clkload2/X
 clkload3/Y
 clkload4/X
 clkload5/X
 clkload6/X
 clkload7/Y
 clkload8/Y
 clkload9/Y
Found 0 partially unannotated drivers.

===========================================================================
max slew violation count 0
max fanout violation count 161
max cap violation count 0
============================================================================

===========================================================================
check_setup -verbose -unconstrained_endpoints -multiple_clock -no_clock -no_input_delay -loops -generated_clocks
===========================================================================
Warning: There are 17 unclocked register/latch pins.
  _9195_/CLK
  _9196_/CLK
  _9197_/CLK
  _9198_/CLK
  _9199_/CLK
  _9200_/CLK
  _9201_/CLK
  _9202_/CLK
  _9203_/CLK
  _9204_/CLK
  _9205_/CLK
  _9206_/CLK
  _9207_/CLK
  _9208_/CLK
  _9209_/CLK
  _9210_/CLK
  _9211_/CLK
Warning: There are 58 unconstrained endpoints.
  gpio_oeb[0]
  gpio_oeb[10]
  gpio_oeb[11]
  gpio_oeb[12]
  gpio_oeb[13]
  gpio_oeb[14]
  gpio_oeb[15]
  gpio_oeb[16]
  gpio_oeb[17]
  gpio_oeb[18]
  gpio_oeb[19]
  gpio_oeb[1]
  gpio_oeb[20]
  gpio_oeb[21]
  gpio_oeb[22]
  gpio_oeb[23]
  gpio_oeb[24]
  gpio_oeb[25]
  gpio_oeb[26]
  gpio_oeb[27]
  gpio_oeb[28]
  gpio_oeb[29]
  gpio_oeb[2]
  gpio_oeb[30]
  gpio_oeb[31]
  gpio_oeb[32]
  gpio_oeb[33]
  gpio_oeb[3]
  gpio_oeb[4]
  gpio_oeb[5]
  gpio_oeb[6]
  gpio_oeb[7]
  gpio_oeb[8]
  gpio_oeb[9]
  gpio_out[0]
  gpio_out[1]
  gpio_out[2]
  gpio_out[31]
  gpio_out[32]
  gpio_out[33]
  _9195_/D
  _9196_/D
  _9197_/D
  _9198_/D
  _9199_/D
  _9200_/D
  _9201_/D
  _9202_/D
  _9203_/D
  _9204_/D
  _9205_/D
  _9206_/D
  _9207_/D
  _9208_/D
  _9209_/D
  _9210_/D
  _9211_/D
  _9338_/D
