
===========================================================================
 report_power
============================================================================
======================= nom_ss_100C_1v60 Corner ===================================

Group                    Internal    Switching      Leakage        Total
                            Power        Power        Power        Power (Watts)
------------------------------------------------------------------------
Sequential           1.430373e-03 6.497465e-08 8.686357e-05 1.517301e-03  53.6%
Combinational        2.679524e-05 7.729429e-05 1.546201e-04 2.587097e-04   9.1%
Clock                4.541777e-04 5.913231e-04 6.883825e-06 1.052385e-03  37.2%
Macro                0.000000e+00 0.000000e+00 0.000000e+00 0.000000e+00   0.0%
Pad                  0.000000e+00 0.000000e+00 0.000000e+00 0.000000e+00   0.0%
------------------------------------------------------------------------
Total                1.911346e-03 6.686829e-04 2.483759e-04 2.828405e-03 100.0%
                            67.6%        23.6%         8.8%

