
===========================================================================
 report_power
============================================================================
======================= nom_tt_025C_1v80 Corner ===================================

Group                    Internal    Switching      Leakage        Total
                            Power        Power        Power        Power (Watts)
------------------------------------------------------------------------
Sequential           1.938338e-04 1.085165e-05 5.487505e-09 2.046909e-04  43.7%
Combinational        5.140077e-05 7.583335e-05 2.090411e-08 1.272550e-04  27.1%
Clock                5.730702e-05 7.944270e-05 2.093737e-08 1.367707e-04  29.2%
Macro                0.000000e+00 0.000000e+00 0.000000e+00 0.000000e+00   0.0%
Pad                  0.000000e+00 0.000000e+00 0.000000e+00 0.000000e+00   0.0%
------------------------------------------------------------------------
Total                3.025417e-04 1.661278e-04 4.732848e-08 4.687168e-04 100.0%
                            64.5%        35.4%         0.0%

