
===========================================================================
 report_power
============================================================================
======================= max_ss_100C_1v60 Corner ===================================

Group                    Internal    Switching      Leakage        Total
                            Power        Power        Power        Power (Watts)
------------------------------------------------------------------------
Sequential           4.253922e-04 6.943871e-06 2.484882e-05 4.571849e-04  33.3%
Combinational        1.363814e-04 2.821847e-04 5.069413e-05 4.692602e-04  34.2%
Clock                2.178084e-04 2.258906e-04 3.593006e-06 4.472920e-04  32.6%
Macro                0.000000e+00 0.000000e+00 0.000000e+00 0.000000e+00   0.0%
Pad                  0.000000e+00 0.000000e+00 0.000000e+00 0.000000e+00   0.0%
------------------------------------------------------------------------
Total                7.795816e-04 5.150186e-04 7.913262e-05 1.373733e-03 100.0%
                            56.7%        37.5%         5.8%

